<html>
<body>
<pre>
<h1>µVision Build Log</h1>
<h2>Tool Versions:</h2>
IDE-Version: ¦ÌVision V5.33.0.0
Copyright (C) 2020 ARM Ltd and ARM Germany GmbH. All rights reserved.
License Information: 1 1, 1, LIC=KRMW3-AQAKD-AR1XW-QEM9H-VBYKH-9PE81
 
Tool Versions:
Toolchain:       MDK-ARM Plus  Version: 5.33.0.0
Toolchain Path:  E:\experiment software\Keil_v5\ARM\ARMCC\Bin
C Compiler:      Armcc.exe V5.06 update 7 (build 960)
Assembler:       Armasm.exe V5.06 update 7 (build 960)
Linker/Locator:  ArmLink.exe V5.06 update 7 (build 960)
Library Manager: ArmAr.exe V5.06 update 7 (build 960)
Hex Converter:   FromElf.exe V5.06 update 7 (build 960)
CPU DLL:         SARMCM3.DLL V5.33.0.0
Dialog DLL:      DARMCM1.DLL V1.19.4.0
Target DLL:      STLink\ST-LINKIII-KEIL_SWO.dll V3.0.8.0
Dialog DLL:      TARMCM1.DLL V1.14.3.0
 
<h2>Project:</h2>
F:\CODE\STM32cube\6.MQTT\example\v1.02_22_10_31\MDK-ARM\STM32.uvprojx
Project File Date:  01/09/2024

<h2>Output:</h2>
*** Using Compiler 'V5.06 update 7 (build 960)', folder: 'E:\experiment software\Keil_v5\ARM\ARMCC\Bin'
Build target 'STM32'
compiling global.c...
compiling main.c...
compiling modbus.c...
compiling flash.c...
..\Core\Src\flash.c(165): warning:  #167-D: argument of type "char *" is incompatible with parameter of type "uint8_t *"
  			  bk_flash_WriteOnePage_uint8(STM32_FLASH_BASE,Device_Flash.hello,2048);
..\Core\Src\flash.c(181): warning:  #167-D: argument of type "char *" is incompatible with parameter of type "uint8_t *"
  				bk_flash_Read_uint8(STM32_FLASH_BASE,Device_Flash.hello,13);
..\Core\Src\flash.c(189): warning:  #167-D: argument of type "char *" is incompatible with parameter of type "uint8_t *"
  					bk_flash_Read_uint8(flash_addr,Device_Flash.hello,128);flash_addr+=128;
..\Core\Src\flash.c(190): warning:  #167-D: argument of type "char *" is incompatible with parameter of type "uint8_t *"
  				  bk_flash_Read_uint8(flash_addr,Device_Flash.clientId,128);flash_addr+=128;
..\Core\Src\flash.c(191): warning:  #167-D: argument of type "char *" is incompatible with parameter of type "uint8_t *"
  					bk_flash_Read_uint8(flash_addr,Device_Flash.username,128);flash_addr+=128;
..\Core\Src\flash.c(192): warning:  #167-D: argument of type "char *" is incompatible with parameter of type "uint8_t *"
  					bk_flash_Read_uint8(flash_addr,Device_Flash.mqttHostUrl,128);flash_addr+=128;
..\Core\Src\flash.c(193): warning:  #167-D: argument of type "char *" is incompatible with parameter of type "uint8_t *"
  					bk_flash_Read_uint8(flash_addr,Device_Flash.passwd,128);flash_addr+=128;
..\Core\Src\flash.c(194): warning:  #167-D: argument of type "char *" is incompatible with parameter of type "uint8_t *"
  					bk_flash_Read_uint8(flash_addr,Device_Flash.port,128);flash_addr+=128;
..\Core\Src\flash.c(195): warning:  #167-D: argument of type "char *" is incompatible with parameter of type "uint8_t *"
  					bk_flash_Read_uint8(flash_addr,Device_Flash.QMTSUB1,128);flash_addr+=128;
..\Core\Src\flash.c(196): warning:  #167-D: argument of type "char *" is incompatible with parameter of type "uint8_t *"
  					bk_flash_Read_uint8(flash_addr,Device_Flash.QMTSUB2,128);flash_addr+=128;
..\Core\Src\flash.c(197): warning:  #167-D: argument of type "char *" is incompatible with parameter of type "uint8_t *"
  					bk_flash_Read_uint8(flash_addr,Device_Flash.QMTSUB3,128);flash_addr+=128; 
..\Core\Src\flash.c: 11 warnings, 0 errors
compiling debug.c...
compiling ec600n.c...
compiling Gaspower.c...
compiling lte_demo.c...
compiling Mqtt_topic.c...
linking...
Program Size: Code=22700 RO-data=612 RW-data=3884 ZI-data=5196  
FromELF: creating hex file...
"STM32\STM32.axf" - 0 Error(s), 11 Warning(s).

<h2>Software Packages used:</h2>

Package Vendor: ARM
                http://www.keil.com/pack/ARM.CMSIS.5.7.0.pack
                ARM.CMSIS.5.7.0
                CMSIS (Cortex Microcontroller Software Interface Standard)
   * Component: CORE Version: 5.4.0

Package Vendor: Keil
                http://www.keil.com/pack/Keil.STM32G0xx_DFP.1.4.0.pack
                Keil.STM32G0xx_DFP.1.4.0
                STMicroelectronics STM32G0 Series Device Support

<h2>Collection of Component include folders:</h2>
  .\RTE\_STM32
  E:\experiment software\Keil_v5\Arm\Packs\ARM\CMSIS\5.7.0\CMSIS\Core\Include
  E:\experiment software\Keil_v5\Arm\Packs\Keil\STM32G0xx_DFP\1.4.0\Drivers\CMSIS\Device\ST\STM32G0xx\Include

<h2>Collection of Component Files used:</h2>

   * Component: ARM::CMSIS:CORE:5.4.0
Build Time Elapsed:  00:00:11
</pre>
</body>
</html>
