Component: ARM Compiler 5.06 update 7 (build 960) Tool: armlink [4d3601]

==============================================================================

Section Cross References

    startup_stm32g070xx.o(RESET) refers to startup_stm32g070xx.o(STACK) for __initial_sp
    startup_stm32g070xx.o(RESET) refers to startup_stm32g070xx.o(.text) for Reset_Handler
    startup_stm32g070xx.o(RESET) refers to stm32g0xx_it.o(i.NMI_Handler) for NMI_Handler
    startup_stm32g070xx.o(RESET) refers to stm32g0xx_it.o(i.HardFault_Handler) for HardFault_Handler
    startup_stm32g070xx.o(RESET) refers to stm32g0xx_it.o(i.SVC_Handler) for SVC_Handler
    startup_stm32g070xx.o(RESET) refers to stm32g0xx_it.o(i.PendSV_Handler) for PendSV_Handler
    startup_stm32g070xx.o(RESET) refers to stm32g0xx_it.o(i.SysTick_Handler) for SysTick_Handler
    startup_stm32g070xx.o(RESET) refers to gaspower.o(i.EXTI4_15_IRQHandler) for EXTI4_15_IRQHandler
    startup_stm32g070xx.o(RESET) refers to stm32g0xx_it.o(i.DMA1_Channel1_IRQHandler) for DMA1_Channel1_IRQHandler
    startup_stm32g070xx.o(RESET) refers to stm32g0xx_it.o(i.DMA1_Channel2_3_IRQHandler) for DMA1_Channel2_3_IRQHandler
    startup_stm32g070xx.o(RESET) refers to stm32g0xx_it.o(i.DMA1_Ch4_7_DMAMUX1_OVR_IRQHandler) for DMA1_Ch4_7_DMAMUX1_OVR_IRQHandler
    startup_stm32g070xx.o(RESET) refers to stm32g0xx_it.o(i.TIM1_BRK_UP_TRG_COM_IRQHandler) for TIM1_BRK_UP_TRG_COM_IRQHandler
    startup_stm32g070xx.o(RESET) refers to serial_transceiver.o(i.USART1_IRQHandler) for USART1_IRQHandler
    startup_stm32g070xx.o(RESET) refers to serial_transceiver.o(i.USART2_IRQHandler) for USART2_IRQHandler
    startup_stm32g070xx.o(RESET) refers to serial_transceiver.o(i.USART3_4_IRQHandler) for USART3_4_IRQHandler
    startup_stm32g070xx.o(.text) refers to system_stm32g0xx.o(i.SystemInit) for SystemInit
    startup_stm32g070xx.o(.text) refers to entry.o(.ARM.Collect$$$$00000000) for __main
    main.o(i.SystemClock_Config) refers to memseta.o(.text) for __aeabi_memclr4
    main.o(i.SystemClock_Config) refers to stm32g0xx_hal_pwr_ex.o(i.HAL_PWREx_ControlVoltageScaling) for HAL_PWREx_ControlVoltageScaling
    main.o(i.SystemClock_Config) refers to stm32g0xx_hal_rcc.o(i.HAL_RCC_OscConfig) for HAL_RCC_OscConfig
    main.o(i.SystemClock_Config) refers to main.o(i.Error_Handler) for Error_Handler
    main.o(i.SystemClock_Config) refers to stm32g0xx_hal_rcc.o(i.HAL_RCC_ClockConfig) for HAL_RCC_ClockConfig
    main.o(i.main) refers to stm32g0xx_hal.o(i.HAL_Init) for HAL_Init
    main.o(i.main) refers to main.o(i.SystemClock_Config) for SystemClock_Config
    main.o(i.main) refers to gpio.o(i.MX_GPIO_Init) for MX_GPIO_Init
    main.o(i.main) refers to dma.o(i.MX_DMA_Init) for MX_DMA_Init
    main.o(i.main) refers to tim.o(i.MX_TIM1_Init) for MX_TIM1_Init
    main.o(i.main) refers to usart.o(i.MX_USART1_UART_Init) for MX_USART1_UART_Init
    main.o(i.main) refers to usart.o(i.MX_USART2_UART_Init) for MX_USART2_UART_Init
    main.o(i.main) refers to usart.o(i.MX_USART3_UART_Init) for MX_USART3_UART_Init
    main.o(i.main) refers to tim.o(i.MX_TIM3_Init) for MX_TIM3_Init
    main.o(i.main) refers to stm32g0xx_hal_tim.o(i.HAL_TIM_Base_Start_IT) for HAL_TIM_Base_Start_IT
    main.o(i.main) refers to stm32g0xx_hal_tim.o(i.HAL_TIM_Base_Start) for HAL_TIM_Base_Start
    main.o(i.main) refers to serial_transceiver.o(i.USART_DMAstart) for USART_DMAstart
    main.o(i.main) refers to flash.o(i.Init_Flash) for Init_Flash
    main.o(i.main) refers to serial_transceiver.o(i.debug_printf) for debug_printf
    main.o(i.main) refers to debug.o(i.Handle_Debug) for Handle_Debug
    main.o(i.main) refers to flash.o(i.Handle_Flash) for Handle_Flash
    main.o(i.main) refers to gaspower.o(i.Handle_Gaspower) for Handle_Gaspower
    main.o(i.main) refers to gaspower.o(i.Handle_GasCost) for Handle_GasCost
    main.o(i.main) refers to topic.o(i.Handle_topic) for Handle_topic
    main.o(i.main) refers to lte_demo.o(i.Handle_Lte) for Handle_Lte
    main.o(i.main) refers to tim.o(.bss) for htim1
    main.o(i.main) refers to global.o(.data) for OTA_store_addr
    gpio.o(i.MX_GPIO_Init) refers to memseta.o(.text) for __aeabi_memclr4
    gpio.o(i.MX_GPIO_Init) refers to stm32g0xx_hal_gpio.o(i.HAL_GPIO_WritePin) for HAL_GPIO_WritePin
    gpio.o(i.MX_GPIO_Init) refers to stm32g0xx_hal_gpio.o(i.HAL_GPIO_Init) for HAL_GPIO_Init
    gpio.o(i.MX_GPIO_Init) refers to stm32g0xx_hal_cortex.o(i.HAL_NVIC_SetPriority) for HAL_NVIC_SetPriority
    gpio.o(i.MX_GPIO_Init) refers to stm32g0xx_hal_cortex.o(i.HAL_NVIC_EnableIRQ) for HAL_NVIC_EnableIRQ
    gpio.o(i.SetPinMode) refers to memseta.o(.text) for __aeabi_memclr4
    gpio.o(i.SetPinMode) refers to stm32g0xx_hal_gpio.o(i.HAL_GPIO_DeInit) for HAL_GPIO_DeInit
    gpio.o(i.SetPinMode) refers to stm32g0xx_hal_gpio.o(i.HAL_GPIO_Init) for HAL_GPIO_Init
    gpio.o(i.SetPinMode) refers to stm32g0xx_hal_cortex.o(i.HAL_NVIC_SetPriority) for HAL_NVIC_SetPriority
[...]

    BuildAttributes$$THM_ISAv3M$S$PE$A:L22$X:L11$S22$IEEE1$IW$USESV6$~STKCKD$USESV7$~SHL$OTIME$ROPI$IEEEJ$EBA8$MICROLIB$REQ8$PRES8$EABIv2 0x00000000   Number         0  anon$$obj.o ABSOLUTE
    __ARM_use_no_argv                        0x00000000   Number         0  main.o ABSOLUTE
    _printf_a                                0x00000000   Number         0  stubs.o ABSOLUTE
    _printf_c                                0x00000000   Number         0  stubs.o ABSOLUTE
    _printf_charcount                        0x00000000   Number         0  stubs.o ABSOLUTE
    _printf_d                                0x00000000   Number         0  stubs.o ABSOLUTE
    _printf_e                                0x00000000   Number         0  stubs.o ABSOLUTE
    _printf_f                                0x00000000   Number         0  stubs.o ABSOLUTE
    _printf_flags                            0x00000000   Number         0  stubs.o ABSOLUTE
    _printf_fp_dec                           0x00000000   Number         0  stubs.o ABSOLUTE
    _printf_fp_hex                           0x00000000   Number         0  stubs.o ABSOLUTE
    _printf_g                                0x00000000   Number         0  stubs.o ABSOLUTE
    _printf_i                                0x00000000   Number         0  stubs.o ABSOLUTE
    _printf_int_dec                          0x00000000   Number         0  stubs.o ABSOLUTE
    _printf_l                                0x00000000   Number         0  stubs.o ABSOLUTE
    _printf_lc                               0x00000000   Number         0  stubs.o ABSOLUTE
    _printf_ll                               0x00000000   Number         0  stubs.o ABSOLUTE
    _printf_lld                              0x00000000   Number         0  stubs.o ABSOLUTE
    _printf_lli                              0x00000000   Number         0  stubs.o ABSOLUTE
    _printf_llo                              0x00000000   Number         0  stubs.o ABSOLUTE
    _printf_llu                              0x00000000   Number         0  stubs.o ABSOLUTE
    _printf_llx                              0x00000000   Number         0  stubs.o ABSOLUTE
    _printf_longlong_dec                     0x00000000   Number         0  stubs.o ABSOLUTE
    _printf_longlong_hex                     0x00000000   Number         0  stubs.o ABSOLUTE
    _printf_longlong_oct                     0x00000000   Number         0  stubs.o ABSOLUTE
    _printf_ls                               0x00000000   Number         0  stubs.o ABSOLUTE
    _printf_mbtowc                           0x00000000   Number         0  stubs.o ABSOLUTE
    _printf_n                                0x00000000   Number         0  stubs.o ABSOLUTE
    _printf_o                                0x00000000   Number         0  stubs.o ABSOLUTE
    _printf_p                                0x00000000   Number         0  stubs.o ABSOLUTE
    _printf_percent                          0x00000000   Number         0  stubs.o ABSOLUTE
    _printf_pre_padding                      0x00000000   Number         0  stubs.o ABSOLUTE
    _printf_return_value                     0x00000000   Number         0  stubs.o ABSOLUTE
    _printf_s                                0x00000000   Number         0  stubs.o ABSOLUTE
    _printf_sizespec                         0x00000000   Number         0  stubs.o ABSOLUTE
    _printf_str                              0x00000000   Number         0  stubs.o ABSOLUTE
    _printf_truncate_signed                  0x00000000   Number         0  stubs.o ABSOLUTE
    _printf_truncate_unsigned                0x00000000   Number         0  stubs.o ABSOLUTE
    _printf_u                                0x00000000   Number         0  stubs.o ABSOLUTE
    _printf_wc                               0x00000000   Number         0  stubs.o ABSOLUTE
    _printf_wctomb                           0x00000000   Number         0  stubs.o ABSOLUTE
    _printf_widthprec                        0x00000000   Number         0  stubs.o ABSOLUTE
    _printf_x                                0x00000000   Number         0  stubs.o ABSOLUTE
    __arm_fini_                               - Undefined Weak Reference
    __cpp_initialize__aeabi_                  - Undefined Weak Reference
    __cxa_finalize                            - Undefined Weak Reference
    _clock_init                               - Undefined Weak Reference
    _microlib_exit                            - Undefined Weak Reference
    _scanf_longlong                           - Undefined Weak Reference
    __Vectors_Size                           0x000000b8   Number         0  startup_stm32g070xx.o ABSOLUTE
    __Vectors                                0x08005000   Data           4  startup_stm32g070xx.o(RESET)
    __Vectors_End                            0x080050b8   Data           0  startup_stm32g070xx.o(RESET)
    __main                                   0x080050b9   Thumb Code     0  entry.o(.ARM.Collect$$$$00000000)
    _main_stk                                0x080050b9   Thumb Code     0  entry2.o(.ARM.Collect$$$$00000001)
    _main_scatterload                        0x080050bd   Thumb Code     0  entry5.o(.ARM.Collect$$$$00000004)
    __main_after_scatterload                 0x080050c1   Thumb Code     0  entry5.o(.ARM.Collect$$$$00000004)
    _main_clock                              0x080050c1   Thumb Code     0  entry7b.o(.ARM.Collect$$$$00000008)
    _main_cpp_init                           0x080050c1   Thumb Code     0  entry8b.o(.ARM.Collect$$$$0000000A)
    _main_init                               0x080050c1   Thumb Code     0  entry9a.o(.ARM.Collect$$$$0000000B)
    __rt_lib_shutdown_fini                   0x080050c9   Thumb Code     0  entry12b.o(.ARM.Collect$$$$0000000E)
    __rt_final_cpp                           0x080050cd   Thumb Code     0  entry10a.o(.ARM.Collect$$$$0000000F)
    __rt_final_exit                          0x080050cd   Thumb Code     0  entry11a.o(.ARM.Collect$$$$00000011)
    Reset_Handler                            0x080050d1   Thumb Code     8  startup_stm32g070xx.o(.text)
    ADC1_IRQHandler                          0x080050e3   Thumb Code     0  startup_stm32g070xx.o(.text)
    EXTI0_1_IRQHandler                       0x080050e3   Thumb Code     0  startup_stm32g070xx.o(.text)
    EXTI2_3_IRQHandler                       0x080050e3   Thumb Code     0  startup_stm32g070xx.o(.text)
    FLASH_IRQHandler                         0x080050e3   Thumb Code     0  startup_stm32g070xx.o(.text)
    I2C1_IRQHandler                          0x080050e3   Thumb Code     0  startup_stm32g070xx.o(.text)
    I2C2_IRQHandler                          0x080050e3   Thumb Code     0  startup_stm32g070xx.o(.text)
    RCC_IRQHandler                           0x080050e3   Thumb Code     0  startup_stm32g070xx.o(.text)
    RTC_TAMP_IRQHandler                      0x080050e3   Thumb Code     0  startup_stm32g070xx.o(.text)
    SPI1_IRQHandler                          0x080050e3   Thumb Code     0  startup_stm32g070xx.o(.text)
    SPI2_IRQHandler                          0x080050e3   Thumb Code     0  startup_stm32g070xx.o(.text)
    TIM14_IRQHandler                         0x080050e3   Thumb Code     0  startup_stm32g070xx.o(.text)
    TIM15_IRQHandler                         0x080050e3   Thumb Code     0  startup_stm32g070xx.o(.text)
    TIM16_IRQHandler                         0x080050e3   Thumb Code     0  startup_stm32g070xx.o(.text)
    TIM17_IRQHandler                         0x080050e3   Thumb Code     0  startup_stm32g070xx.o(.text)
    TIM1_CC_IRQHandler                       0x080050e3   Thumb Code     0  startup_stm32g070xx.o(.text)
    TIM3_IRQHandler                          0x080050e3   Thumb Code     0  startup_stm32g070xx.o(.text)
    TIM6_IRQHandler                          0x080050e3   Thumb Code     0  startup_stm32g070xx.o(.text)
    TIM7_IRQHandler                          0x080050e3   Thumb Code     0  startup_stm32g070xx.o(.text)
    WWDG_IRQHandler                          0x080050e3   Thumb Code     0  startup_stm32g070xx.o(.text)
    __aeabi_uidiv                            0x080050ed   Thumb Code     0  uidiv.o(.text)
    __aeabi_uidivmod                         0x080050ed   Thumb Code    44  uidiv.o(.text)
    __aeabi_idiv                             0x08005119   Thumb Code     0  idiv.o(.text)
    __aeabi_idivmod                          0x08005119   Thumb Code    40  idiv.o(.text)
    __aeabi_uldivmod                         0x08005141   Thumb Code    96  uldiv.o(.text)
    tolower                                  0x080051a1   Thumb Code    12  tolower.o(.text)
    __aeabi_memcpy                           0x080051ad   Thumb Code    36  memcpya.o(.text)
    __aeabi_memcpy4                          0x080051ad   Thumb Code     0  memcpya.o(.text)
    __aeabi_memcpy8                          0x080051ad   Thumb Code     0  memcpya.o(.text)
    __aeabi_memset                           0x080051d1   Thumb Code    14  memseta.o(.text)
    __aeabi_memset4                          0x080051d1   Thumb Code     0  memseta.o(.text)
    __aeabi_memset8                          0x080051d1   Thumb Code     0  memseta.o(.text)
    __aeabi_memclr                           0x080051df   Thumb Code     4  memseta.o(.text)
    __aeabi_memclr4                          0x080051df   Thumb Code     0  memseta.o(.text)
    __aeabi_memclr8                          0x080051df   Thumb Code     0  memseta.o(.text)
    _memset$wrapper                          0x080051e3   Thumb Code    18  memseta.o(.text)
    strcat                                   0x080051f5   Thumb Code    24  strcat.o(.text)
    strstr                                   0x0800520d   Thumb Code    40  strstr.o(.text)
    strncpy                                  0x08005235   Thumb Code    26  strncpy.o(.text)
    strchr                                   0x0800524f   Thumb Code    20  strchr.o(.text)
    strlen                                   0x08005263   Thumb Code    14  strlen.o(.text)
    strcmp                                   0x08005271   Thumb Code    28  strcmp.o(.text)
    memcmp                                   0x0800528d   Thumb Code    26  memcmp.o(.text)
    strcpy                                   0x080052a7   Thumb Code    18  strcpy.o(.text)
    strncmp                                  0x080052b9   Thumb Code    30  strncmp.o(.text)
    strtok_r                                 0x080052d9   Thumb Code    66  strtok_r.o(.text)
    _strtok$wrapper                          0x0800531b   Thumb Code     4  strtok_r.o(.text)
    __aeabi_uread8                           0x08005325   Thumb Code    28  uread8.o(.text)
    __rt_uread8                              0x08005325   Thumb Code     0  uread8.o(.text)
    _uread8                                  0x08005325   Thumb Code     0  uread8.o(.text)
    __aeabi_uwrite8                          0x08005341   Thumb Code    30  uwrite8.o(.text)
    __rt_uwrite8                             0x08005341   Thumb Code     0  uwrite8.o(.text)
    _uwrite8                                 0x08005341   Thumb Code     0  uwrite8.o(.text)
    __0sscanf                                0x08005361   Thumb Code    50  __0sscanf.o(.text)
    _scanf_int                               0x0800539d   Thumb Code   330  _scanf_int.o(.text)
    _scanf_string                            0x080054e7   Thumb Code   232  _scanf_str.o(.text)
    _scanf_real                              0x080056ef   Thumb Code     0  scanf_fp.o(.text)
    _scanf_really_real                       0x080056ef   Thumb Code   586  scanf_fp.o(.text)
    atoi                                     0x08005945   Thumb Code    26  atoi.o(.text)
    __aeabi_dadd                             0x08005961   Thumb Code   330  dadd.o(.text)
    __aeabi_dsub                             0x08005aab   Thumb Code    12  dadd.o(.text)
    __aeabi_drsub                            0x08005ab7   Thumb Code    12  dadd.o(.text)
    __aeabi_dmul                             0x08005ac9   Thumb Code   202  dmul.o(.text)
    __aeabi_d2iz                             0x08005b99   Thumb Code    62  dfixi.o(.text)
    __aeabi_d2uiz                            0x08005be1   Thumb Code    50  dfixui.o(.text)
    __aeabi_cdcmpeq                          0x08005c1d   Thumb Code     0  cdcmple.o(.text)
    __aeabi_cdcmple                          0x08005c1d   Thumb Code    38  cdcmple.o(.text)
    __aeabi_cdrcmple                         0x08005c45   Thumb Code    38  cdrcmple.o(.text)
    __aeabi_lmul                             0x08005c6d   Thumb Code   122  llmul.o(.text)
    _ll_mul                                  0x08005c6d   Thumb Code     0  llmul.o(.text)
    __aeabi_llsl                             0x08005ce7   Thumb Code    32  llshl.o(.text)
    _ll_shift_l                              0x08005ce7   Thumb Code     0  llshl.o(.text)
    __aeabi_llsr                             0x08005d07   Thumb Code    34  llushr.o(.text)
    _ll_ushift_r                             0x08005d07   Thumb Code     0  llushr.o(.text)
    __aeabi_lasr                             0x08005d29   Thumb Code    38  llsshr.o(.text)
    _ll_sshift_r                             0x08005d29   Thumb Code     0  llsshr.o(.text)
    __rt_ctype_table                         0x08005d51   Thumb Code     4  ctype_o.o(.text)
    isspace                                  0x08005d59   Thumb Code    18  isspace_o.o(.text)
    _chval                                   0x08005d6b   Thumb Code    30  _chval.o(.text)
    __vfscanf_char                           0x08005d95   Thumb Code    24  scanf_char.o(.text)
    _sgetc                                   0x08005db5   Thumb Code    32  _sgetc.o(.text)
    _sbackspace                              0x08005dd5   Thumb Code    36  _sgetc.o(.text)
    _strtoul                                 0x08005df9   Thumb Code   166  _strtoul.o(.text)
    __strtod_int                             0x08005ed7   Thumb Code    94  strtod.o(.text)
    strtol                                   0x08005f45   Thumb Code   108  strtol.o(.text)
    __I$use$fp                               0x08005fb5   Thumb Code     0  iusefp.o(.text)
    _double_round                            0x08005fb5   Thumb Code    26  depilogue.o(.text)
    _double_epilogue                         0x08005fcf   Thumb Code   164  depilogue.o(.text)
    __aeabi_ddiv                             0x08006075   Thumb Code   234  ddiv.o(.text)
    __aeabi_ul2d                             0x08006165   Thumb Code    22  dfltul.o(.text)
    __aeabi_d2ulz                            0x08006181   Thumb Code    54  dfixul.o(.text)
    __aeabi_d2f                              0x080061c1   Thumb Code    56  d2f.o(.text)
    __scatterload                            0x080061f9   Thumb Code    28  init.o(.text)
    __scatterload_rt2                        0x080061f9   Thumb Code     0  init.o(.text)
    __vfscanf                                0x0800621d   Thumb Code   814  _scanf.o(.text)
    _float_round                             0x08006559   Thumb Code    16  fepilogue.o(.text)
    _float_epilogue                          0x08006569   Thumb Code   114  fepilogue.o(.text)
    __decompress                             0x080065db   Thumb Code     0  __dczerorl2.o(.text)
    __decompress1                            0x080065db   Thumb Code    86  __dczerorl2.o(.text)
    CRC16                                    0x08006631   Thumb Code    56  global.o(i.CRC16)
    DMA1_Ch4_7_DMAMUX1_OVR_IRQHandler        0x08006671   Thumb Code    16  stm32g0xx_it.o(i.DMA1_Ch4_7_DMAMUX1_OVR_IRQHandler)
    DMA1_Channel1_IRQHandler                 0x08006689   Thumb Code    10  stm32g0xx_it.o(i.DMA1_Channel1_IRQHandler)
    DMA1_Channel2_3_IRQHandler               0x08006699   Thumb Code    16  stm32g0xx_it.o(i.DMA1_Channel2_3_IRQHandler)
    Data_Rapid_Reply                         0x08006759   Thumb Code    12  topic.o(i.Data_Rapid_Reply)
    Debug_Usart_Read                         0x08006769   Thumb Code    18  serial_transceiver.o(i.Debug_Usart_Read)
    EC600_Usart_Read                         0x08006781   Thumb Code    18  serial_transceiver.o(i.EC600_Usart_Read)
    EC600_Usart_Send                         0x08006799   Thumb Code    28  serial_transceiver.o(i.EC600_Usart_Send)
    EXTI4_15_IRQHandler                      0x080067bd   Thumb Code   104  gaspower.o(i.EXTI4_15_IRQHandler)
    Error_Handler                            0x0800683d   Thumb Code     6  main.o(i.Error_Handler)
    Extract_Command                          0x08006845   Thumb Code   152  lte_demo.o(i.Extract_Command)
    Extract_QCCID                            0x080068e5   Thumb Code    50  lte_demo.o(i.Extract_QCCID)
    FLASH_PageErase                          0x0800693d   Thumb Code    32  stm32g0xx_hal_flash_ex.o(i.FLASH_PageErase)
    FLASH_WaitForLastOperation               0x080069e1   Thumb Code   104  stm32g0xx_hal_flash.o(i.FLASH_WaitForLastOperation)
    Flash_Factory                            0x08006a55   Thumb Code   126  flash.o(i.Flash_Factory)
    GasFiFo_Push                             0x08006c81   Thumb Code    54  gas_fifo.o(i.GasFiFo_Push)
    GasFifo_Pop                              0x08006cbd   Thumb Code    58  gas_fifo.o(i.GasFifo_Pop)
    GasFifo_Size                             0x08006cfd   Thumb Code    24  gas_fifo.o(i.GasFifo_Size)
    Gaspower_Command                         0x08006d19   Thumb Code   208  gaspower.o(i.Gaspower_Command)
    GaspsendBoot                             0x08006df5   Thumb Code   144  gaspower.o(i.GaspsendBoot)
    Gaspsendbit                              0x08006e9d   Thumb Code   220  gaspower.o(i.Gaspsendbit)
    HAL_DMA_Abort                            0x08006f8d   Thumb Code   146  stm32g0xx_hal_dma.o(i.HAL_DMA_Abort)
    HAL_DMA_Abort_IT                         0x08007025   Thumb Code   144  stm32g0xx_hal_dma.o(i.HAL_DMA_Abort_IT)
    HAL_DMA_GetError                         0x080070b9   Thumb Code     6  stm32g0xx_hal_dma.o(i.HAL_DMA_GetError)
    HAL_DMA_IRQHandler                       0x080070c1   Thumb Code   282  stm32g0xx_hal_dma.o(i.HAL_DMA_IRQHandler)
    HAL_DMA_Init                             0x080071e1   Thumb Code   182  stm32g0xx_hal_dma.o(i.HAL_DMA_Init)
    HAL_DMA_Start_IT                         0x080072a1   Thumb Code   204  stm32g0xx_hal_dma.o(i.HAL_DMA_Start_IT)
    HAL_Delay                                0x0800736d   Thumb Code    38  stm32g0xx_hal.o(i.HAL_Delay)
    HAL_FLASHEx_Erase                        0x08007399   Thumb Code   150  stm32g0xx_hal_flash_ex.o(i.HAL_FLASHEx_Erase)
    HAL_FLASH_Lock                           0x08007439   Thumb Code    30  stm32g0xx_hal_flash.o(i.HAL_FLASH_Lock)
    HAL_FLASH_Program                        0x0800745d   Thumb Code   110  stm32g0xx_hal_flash.o(i.HAL_FLASH_Program)
    HAL_FLASH_Unlock                         0x080074d5   Thumb Code    40  stm32g0xx_hal_flash.o(i.HAL_FLASH_Unlock)
    HAL_GPIO_DeInit                          0x08007509   Thumb Code   252  stm32g0xx_hal_gpio.o(i.HAL_GPIO_DeInit)
    HAL_GPIO_EXTI_Falling_Callback           0x08007615   Thumb Code     2  stm32g0xx_hal_gpio.o(i.HAL_GPIO_EXTI_Falling_Callback)
    HAL_GPIO_EXTI_IRQHandler                 0x08007619   Thumb Code    46  stm32g0xx_hal_gpio.o(i.HAL_GPIO_EXTI_IRQHandler)
    HAL_GPIO_EXTI_Rising_Callback            0x0800764d   Thumb Code     2  stm32g0xx_hal_gpio.o(i.HAL_GPIO_EXTI_Rising_Callback)
    HAL_GPIO_Init                            0x08007651   Thumb Code   454  stm32g0xx_hal_gpio.o(i.HAL_GPIO_Init)
    HAL_GPIO_ReadPin                         0x08007829   Thumb Code    18  stm32g0xx_hal_gpio.o(i.HAL_GPIO_ReadPin)
    HAL_GPIO_TogglePin                       0x0800783b   Thumb Code    20  stm32g0xx_hal_gpio.o(i.HAL_GPIO_TogglePin)
    HAL_GPIO_WritePin                        0x0800784f   Thumb Code    12  stm32g0xx_hal_gpio.o(i.HAL_GPIO_WritePin)
    HAL_GetTick                              0x0800785d   Thumb Code     6  stm32g0xx_hal.o(i.HAL_GetTick)
    HAL_IncTick                              0x08007869   Thumb Code    16  stm32g0xx_hal.o(i.HAL_IncTick)
    HAL_Init                                 0x08007881   Thumb Code    40  stm32g0xx_hal.o(i.HAL_Init)
    HAL_InitTick                             0x080078ad   Thumb Code    82  stm32g0xx_hal.o(i.HAL_InitTick)
    HAL_MspInit                              0x0800790d   Thumb Code    72  stm32g0xx_hal_msp.o(i.HAL_MspInit)
    HAL_NVIC_DisableIRQ                      0x08007959   Thumb Code    54  stm32g0xx_hal_cortex.o(i.HAL_NVIC_DisableIRQ)
    HAL_NVIC_EnableIRQ                       0x08007995   Thumb Code    30  stm32g0xx_hal_cortex.o(i.HAL_NVIC_EnableIRQ)
    HAL_NVIC_SetPriority                     0x080079b9   Thumb Code    18  stm32g0xx_hal_cortex.o(i.HAL_NVIC_SetPriority)
    HAL_PWREx_ControlVoltageScaling          0x080079cd   Thumb Code    76  stm32g0xx_hal_pwr_ex.o(i.HAL_PWREx_ControlVoltageScaling)
    HAL_RCCEx_PeriphCLKConfig                0x08007a25   Thumb Code   504  stm32g0xx_hal_rcc_ex.o(i.HAL_RCCEx_PeriphCLKConfig)
    HAL_RCC_ClockConfig                      0x08007c29   Thumb Code   442  stm32g0xx_hal_rcc.o(i.HAL_RCC_ClockConfig)
    HAL_RCC_GetHCLKFreq                      0x08007dfd   Thumb Code     6  stm32g0xx_hal_rcc.o(i.HAL_RCC_GetHCLKFreq)
    HAL_RCC_GetPCLK1Freq                     0x08007e09   Thumb Code    32  stm32g0xx_hal_rcc.o(i.HAL_RCC_GetPCLK1Freq)
    HAL_RCC_GetSysClockFreq                  0x08007e31   Thumb Code   216  stm32g0xx_hal_rcc.o(i.HAL_RCC_GetSysClockFreq)
    HAL_RCC_OscConfig                        0x08007f15   Thumb Code  1434  stm32g0xx_hal_rcc.o(i.HAL_RCC_OscConfig)
    HAL_RS485Ex_Init                         0x080084c1   Thumb Code   154  stm32g0xx_hal_uart_ex.o(i.HAL_RS485Ex_Init)
    HAL_SYSCFG_StrobeDBattpinsConfig         0x08008561   Thumb Code    18  stm32g0xx_hal.o(i.HAL_SYSCFG_StrobeDBattpinsConfig)
    HAL_SYSTICK_Config                       0x08008579   Thumb Code    46  stm32g0xx_hal_cortex.o(i.HAL_SYSTICK_Config)
    HAL_TIMEx_Break2Callback                 0x080085b1   Thumb Code     2  stm32g0xx_hal_tim_ex.o(i.HAL_TIMEx_Break2Callback)
    HAL_TIMEx_BreakCallback                  0x080085b3   Thumb Code     2  stm32g0xx_hal_tim_ex.o(i.HAL_TIMEx_BreakCallback)
    HAL_TIMEx_CommutCallback                 0x080085b5   Thumb Code     2  stm32g0xx_hal_tim_ex.o(i.HAL_TIMEx_CommutCallback)
    HAL_TIMEx_MasterConfigSynchronization    0x080085b9   Thumb Code   140  stm32g0xx_hal_tim_ex.o(i.HAL_TIMEx_MasterConfigSynchronization)
    HAL_TIM_Base_Init                        0x08008651   Thumb Code   108  stm32g0xx_hal_tim.o(i.HAL_TIM_Base_Init)
    HAL_TIM_Base_MspInit                     0x080086bd   Thumb Code   100  tim.o(i.HAL_TIM_Base_MspInit)
    HAL_TIM_Base_Start                       0x0800872d   Thumb Code    92  stm32g0xx_hal_tim.o(i.HAL_TIM_Base_Start)
    HAL_TIM_Base_Start_IT                    0x08008799   Thumb Code   104  stm32g0xx_hal_tim.o(i.HAL_TIM_Base_Start_IT)
    HAL_TIM_ConfigClockSource                0x08008811   Thumb Code   276  stm32g0xx_hal_tim.o(i.HAL_TIM_ConfigClockSource)
    HAL_TIM_IC_CaptureCallback               0x08008929   Thumb Code     2  stm32g0xx_hal_tim.o(i.HAL_TIM_IC_CaptureCallback)
    HAL_TIM_IRQHandler                       0x0800892d   Thumb Code   498  stm32g0xx_hal_tim.o(i.HAL_TIM_IRQHandler)
    HAL_TIM_OC_DelayElapsedCallback          0x08008b25   Thumb Code     2  stm32g0xx_hal_tim.o(i.HAL_TIM_OC_DelayElapsedCallback)
    HAL_TIM_PWM_PulseFinishedCallback        0x08008b27   Thumb Code     2  stm32g0xx_hal_tim.o(i.HAL_TIM_PWM_PulseFinishedCallback)
    HAL_TIM_PeriodElapsedCallback            0x08008b29   Thumb Code   158  timer.o(i.HAL_TIM_PeriodElapsedCallback)
    HAL_TIM_TriggerCallback                  0x08008bf1   Thumb Code     2  stm32g0xx_hal_tim.o(i.HAL_TIM_TriggerCallback)
    HAL_UARTEx_DisableFifoMode               0x08008bf3   Thumb Code    84  stm32g0xx_hal_uart_ex.o(i.HAL_UARTEx_DisableFifoMode)
    HAL_UARTEx_RxEventCallback               0x08008c47   Thumb Code     2  stm32g0xx_hal_uart.o(i.HAL_UARTEx_RxEventCallback)
    HAL_UARTEx_RxFifoFullCallback            0x08008c49   Thumb Code     2  stm32g0xx_hal_uart_ex.o(i.HAL_UARTEx_RxFifoFullCallback)
    HAL_UARTEx_SetRxFifoThreshold            0x08008c4b   Thumb Code    96  stm32g0xx_hal_uart_ex.o(i.HAL_UARTEx_SetRxFifoThreshold)
    HAL_UARTEx_SetTxFifoThreshold            0x08008cab   Thumb Code    94  stm32g0xx_hal_uart_ex.o(i.HAL_UARTEx_SetTxFifoThreshold)
    HAL_UARTEx_TxFifoEmptyCallback           0x08008d09   Thumb Code     2  stm32g0xx_hal_uart_ex.o(i.HAL_UARTEx_TxFifoEmptyCallback)
    HAL_UARTEx_WakeupCallback                0x08008d0b   Thumb Code     2  stm32g0xx_hal_uart_ex.o(i.HAL_UARTEx_WakeupCallback)
    HAL_UART_DMAStop                         0x08008d0d   Thumb Code   206  stm32g0xx_hal_uart.o(i.HAL_UART_DMAStop)
    HAL_UART_ErrorCallback                   0x08008ddb   Thumb Code     2  stm32g0xx_hal_uart.o(i.HAL_UART_ErrorCallback)
    HAL_UART_IRQHandler                      0x08008ddd   Thumb Code  1094  stm32g0xx_hal_uart.o(i.HAL_UART_IRQHandler)
    HAL_UART_Init                            0x08009223   Thumb Code   130  stm32g0xx_hal_uart.o(i.HAL_UART_Init)
    HAL_UART_MspInit                         0x080092a5   Thumb Code   728  usart.o(i.HAL_UART_MspInit)
    HAL_UART_Receive_DMA                     0x080095a9   Thumb Code   126  stm32g0xx_hal_uart.o(i.HAL_UART_Receive_DMA)
    HAL_UART_RxCpltCallback                  0x08009627   Thumb Code     2  stm32g0xx_hal_uart.o(i.HAL_UART_RxCpltCallback)
    HAL_UART_RxHalfCpltCallback              0x08009629   Thumb Code     2  stm32g0xx_hal_uart.o(i.HAL_UART_RxHalfCpltCallback)
    HAL_UART_Transmit_DMA                    0x0800962d   Thumb Code   192  stm32g0xx_hal_uart.o(i.HAL_UART_Transmit_DMA)
    HAL_UART_TxCpltCallback                  0x080096f9   Thumb Code    16  serial_transceiver.o(i.HAL_UART_TxCpltCallback)
    HAL_UART_TxHalfCpltCallback              0x08009711   Thumb Code     2  stm32g0xx_hal_uart.o(i.HAL_UART_TxHalfCpltCallback)
    Handle_Debug                             0x08009715   Thumb Code  1900  debug.o(i.Handle_Debug)
    Handle_Flash                             0x08009f29   Thumb Code    52  flash.o(i.Handle_Flash)
    Handle_GasCost                           0x08009fa5   Thumb Code   464  gaspower.o(i.Handle_GasCost)
    Handle_Gaspower                          0x0800a18d   Thumb Code   750  gaspower.o(i.Handle_Gaspower)
    Handle_Lte                               0x0800a4e9   Thumb Code   400  lte_demo.o(i.Handle_Lte)
    Handle_topic                             0x0800a6d1   Thumb Code   460  topic.o(i.Handle_topic)
    HardFault_Handler                        0x0800a8d9   Thumb Code     4  stm32g0xx_it.o(i.HardFault_Handler)
    Init_Flash                               0x0800a8dd   Thumb Code   316  flash.o(i.Init_Flash)
    MX_DMA_Init                              0x0800ab71   Thumb Code    80  dma.o(i.MX_DMA_Init)
    MX_GPIO_Init                             0x0800abc5   Thumb Code   144  gpio.o(i.MX_GPIO_Init)
    MX_TIM1_Init                             0x0800ac61   Thumb Code   110  tim.o(i.MX_TIM1_Init)
    MX_TIM3_Init                             0x0800acdd   Thumb Code   106  tim.o(i.MX_TIM3_Init)
    MX_USART1_UART_Init                      0x0800ad59   Thumb Code   106  usart.o(i.MX_USART1_UART_Init)
    MX_USART2_UART_Init                      0x0800adcd   Thumb Code   112  usart.o(i.MX_USART2_UART_Init)
    MX_USART3_UART_Init                      0x0800ae45   Thumb Code    60  usart.o(i.MX_USART3_UART_Init)
    Modbus_Usart_Read                        0x0800ae89   Thumb Code    18  serial_transceiver.o(i.Modbus_Usart_Read)
    NMI_Handler                              0x0800aea1   Thumb Code     4  stm32g0xx_it.o(i.NMI_Handler)
    PendSV_Handler                           0x0800aea5   Thumb Code     2  stm32g0xx_it.o(i.PendSV_Handler)
    SVC_Handler                              0x0800aea7   Thumb Code     2  stm32g0xx_it.o(i.SVC_Handler)
    SendDataAsHex                            0x0800aea9   Thumb Code    34  serial_transceiver.o(i.SendDataAsHex)
    SetPinMode                               0x0800aed9   Thumb Code   100  gpio.o(i.SetPinMode)
    SysTick_Handler                          0x0800af41   Thumb Code     8  stm32g0xx_it.o(i.SysTick_Handler)
    SystemClock_Config                       0x0800af49   Thumb Code   124  main.o(i.SystemClock_Config)
    SystemInit                               0x0800afc5   Thumb Code     2  system_stm32g0xx.o(i.SystemInit)
    TIM1_BRK_UP_TRG_COM_IRQHandler           0x0800afc9   Thumb Code    10  stm32g0xx_it.o(i.TIM1_BRK_UP_TRG_COM_IRQHandler)
    TIM_Base_SetConfig                       0x0800afd9   Thumb Code   134  stm32g0xx_hal_tim.o(i.TIM_Base_SetConfig)
    TIM_ETR_SetConfig                        0x0800b079   Thumb Code    28  stm32g0xx_hal_tim.o(i.TIM_ETR_SetConfig)
    UART_AdvFeatureConfig                    0x0800b179   Thumb Code   240  stm32g0xx_hal_uart.o(i.UART_AdvFeatureConfig)
    UART_CheckIdleState                      0x0800b269   Thumb Code   118  stm32g0xx_hal_uart.o(i.UART_CheckIdleState)
    UART_SetConfig                           0x0800b5cd   Thumb Code   520  stm32g0xx_hal_uart.o(i.UART_SetConfig)
    UART_Start_Receive_DMA                   0x0800b7fd   Thumb Code   218  stm32g0xx_hal_uart.o(i.UART_Start_Receive_DMA)
    UART_WaitOnFlagUntilTimeout              0x0800b8e5   Thumb Code   288  stm32g0xx_hal_uart.o(i.UART_WaitOnFlagUntilTimeout)
    USART1_IRQHandler                        0x0800ba05   Thumb Code   106  serial_transceiver.o(i.USART1_IRQHandler)
    USART2_IRQHandler                        0x0800ba8d   Thumb Code    70  serial_transceiver.o(i.USART2_IRQHandler)
    USART3_4_IRQHandler                      0x0800bae9   Thumb Code    70  serial_transceiver.o(i.USART3_4_IRQHandler)
    USART_DMAstart                           0x0800bb45   Thumb Code    90  serial_transceiver.o(i.USART_DMAstart)
    __0snprintf                              0x0800bbb9   Thumb Code    50  printfa.o(i.__0snprintf)
    __1snprintf                              0x0800bbb9   Thumb Code     0  printfa.o(i.__0snprintf)
    __2snprintf                              0x0800bbb9   Thumb Code     0  printfa.o(i.__0snprintf)
    __c89snprintf                            0x0800bbb9   Thumb Code     0  printfa.o(i.__0snprintf)
    snprintf                                 0x0800bbb9   Thumb Code     0  printfa.o(i.__0snprintf)
    __0sprintf                               0x0800bbf1   Thumb Code    36  printfa.o(i.__0sprintf)
    __1sprintf                               0x0800bbf1   Thumb Code     0  printfa.o(i.__0sprintf)
    __2sprintf                               0x0800bbf1   Thumb Code     0  printfa.o(i.__0sprintf)
    __c89sprintf                             0x0800bbf1   Thumb Code     0  printfa.o(i.__0sprintf)
    sprintf                                  0x0800bbf1   Thumb Code     0  printfa.o(i.__0sprintf)
    __0vsnprintf                             0x0800bc19   Thumb Code    44  printfa.o(i.__0vsnprintf)
    __1vsnprintf                             0x0800bc19   Thumb Code     0  printfa.o(i.__0vsnprintf)
    __2vsnprintf                             0x0800bc19   Thumb Code     0  printfa.o(i.__0vsnprintf)
    __c89vsnprintf                           0x0800bc19   Thumb Code     0  printfa.o(i.__0vsnprintf)
    vsnprintf                                0x0800bc19   Thumb Code     0  printfa.o(i.__0vsnprintf)
    __ARM_clz                                0x0800bc49   Thumb Code    46  depilogue.o(i.__ARM_clz)
    __ARM_common_switch8                     0x0800bc77   Thumb Code    28  cjson.o(i.__ARM_common_switch8)
    __aeabi_errno_addr                       0x0800bd41   Thumb Code     4  errno.o(i.__aeabi_errno_addr)
    __rt_errno_addr                          0x0800bd41   Thumb Code     0  errno.o(i.__aeabi_errno_addr)
    free                                     0x0800bd49   Thumb Code    94  mallocr.o(i.__free$realloc)
    malloc                                   0x0800bdb5   Thumb Code    54  mallocr.o(i.__malloc$realloc)
    __scatterload_copy                       0x0800bdfd   Thumb Code    14  handlers.o(i.__scatterload_copy)
    __scatterload_null                       0x0800be0b   Thumb Code     2  handlers.o(i.__scatterload_null)
    __scatterload_zeroinit                   0x0800be0d   Thumb Code    14  handlers.o(i.__scatterload_zeroinit)
    _is_digit                                0x0800bf95   Thumb Code    14  scanf_fp.o(i._is_digit)
    append_int_as_str                        0x0800c701   Thumb Code    26  topic.o(i.append_int_as_str)
    bk_flash_Read_uint8                      0x0800c759   Thumb Code    50  flash.o(i.bk_flash_Read_uint8)
    bk_flash_WriteOnePage_uint8              0x0800c791   Thumb Code   444  flash.o(i.bk_flash_WriteOnePage_uint8)
    build_message                            0x0800c9a9   Thumb Code   114  topic.o(i.build_message)
    build_topic                              0x0800ca91   Thumb Code    80  topic.o(i.build_topic)
    cJSON_Delete                             0x0800cb09   Thumb Code   102  cjson.o(i.cJSON_Delete)
    cJSON_GetErrorPtr                        0x0800cb75   Thumb Code    12  cjson.o(i.cJSON_GetErrorPtr)
    cJSON_GetObjectItemCaseSensitive         0x0800cb85   Thumb Code    18  cjson.o(i.cJSON_GetObjectItemCaseSensitive)
    cJSON_IsNumber                           0x0800cb97   Thumb Code    22  cjson.o(i.cJSON_IsNumber)
    cJSON_IsObject                           0x0800cbad   Thumb Code    22  cjson.o(i.cJSON_IsObject)
    cJSON_IsString                           0x0800cbc3   Thumb Code    22  cjson.o(i.cJSON_IsString)
    cJSON_Parse                              0x0800cbf5   Thumb Code    16  cjson.o(i.cJSON_Parse)
    cJSON_ParseWithLengthOpts                0x0800cc05   Thumb Code   218  cjson.o(i.cJSON_ParseWithLengthOpts)
    cJSON_ParseWithOpts                      0x0800cce9   Thumb Code    36  cjson.o(i.cJSON_ParseWithOpts)
    clear_buffer                             0x0800cd59   Thumb Code    16  topic.o(i.clear_buffer)
    construct_revmessage                     0x0800cd69   Thumb Code    66  lte_demo.o(i.construct_revmessage)
    debug_printf                             0x0800cdb5   Thumb Code   126  serial_transceiver.o(i.debug_printf)
    extract_realtime_set                     0x0800ce55   Thumb Code    82  lte_demo.o(i.extract_realtime_set)
    f                                        0x0800cec1   Thumb Code     8  gaspower.o(i.f)
    fat_cmdres_keyword_matching              0x0800cedd   Thumb Code    58  ec600.o(i.fat_cmdres_keyword_matching)
    fat_send_wait_cmdres_blocking            0x0800cf35   Thumb Code    80  ec600.o(i.fat_send_wait_cmdres_blocking)
    fat_send_wait_cmdres_nonblocking         0x0800cfa9   Thumb Code    88  ec600.o(i.fat_send_wait_cmdres_nonblocking)
    fat_tim_proc                             0x0800d029   Thumb Code    44  ec600.o(i.fat_tim_proc)
    fat_uart_clean                           0x0800d065   Thumb Code    22  ec600.o(i.fat_uart_clean)
    fat_uart_send_str                        0x0800d081   Thumb Code    30  ec600.o(i.fat_uart_send_str)
    flush_buffer_to_flash                    0x0800d09f   Thumb Code    50  flash.o(i.flush_buffer_to_flash)
    handle_Fixed_Calib_Convert               0x0800d135   Thumb Code   118  lte_demo.o(i.handle_Fixed_Calib_Convert)
    handle_Fixed_Convert                     0x0800d1c9   Thumb Code   324  lte_demo.o(i.handle_Fixed_Convert)
    json_to_command                          0x0800d3e5   Thumb Code   328  lte_demo.o(i.json_to_command)
    main                                     0x0800d599   Thumb Code   136  main.o(i.main)
    match_csq                                0x0800d655   Thumb Code   110  lte_demo.o(i.match_csq)
    module_flightmode                        0x0800d6cd   Thumb Code   232  lte_demo.o(i.module_flightmode)
    module_is_ready                          0x0800d821   Thumb Code   300  lte_demo.o(i.module_is_ready)
    module_reset                             0x0800d9b9   Thumb Code   108  lte_demo.o(i.module_reset)
    mqtt_connect_parm_init                   0x0800da2d   Thumb Code   348  lte_demo.o(i.mqtt_connect_parm_init)
    mqtt_data                                0x0800dc91   Thumb Code   496  lte_demo.o(i.mqtt_data)
    ota_json_to_serverip                     0x0800df2d   Thumb Code   142  lte_demo.o(i.ota_json_to_serverip)
    ote_transport_protocol                   0x0800e019   Thumb Code   346  lte_demo.o(i.ote_transport_protocol)
    process_messages                         0x0800e889   Thumb Code   222  lte_demo.o(i.process_messages)
    realloc                                  0x0800e9ad   Thumb Code   110  mallocr.o(i.realloc)
    save_ota_file                            0x0800ea21   Thumb Code   316  lte_demo.o(i.save_ota_file)
    send_at_and_check                        0x0800eb9d   Thumb Code    68  lte_demo.o(i.send_at_and_check)
    stringToUint16                           0x0800ec31   Thumb Code    48  global.o(i.stringToUint16)
    strtod                                   0x0800ec61   Thumb Code    28  strtod.o(i.strtod)
    tcp_connet_parm_init                     0x0800ec7d   Thumb Code   340  lte_demo.o(i.tcp_connet_parm_init)
    tcp_data                                 0x0800ee61   Thumb Code   392  lte_demo.o(i.tcp_data)
    verify_message                           0x0800f185   Thumb Code    76  lte_demo.o(i.verify_message)
    wait_timeout                             0x0800f1d5   Thumb Code    50  ec600.o(i.wait_timeout)
    wait_timeout_nonblocking                 0x0800f219   Thumb Code    64  ec600.o(i.wait_timeout_nonblocking)
    file_end_rev                             0x0800f273   Data          10  lte_demo.o(.constdata)
    hex_to_str                               0x0800f284   Data          16  gaspower.o(.constdata)
    UARTPrescTable                           0x0800f29c   Data          24  stm32g0xx_hal_uart.o(.constdata)
    AHBPrescTable                            0x0800f2d4   Data          64  system_stm32g0xx.o(.constdata)
    APBPrescTable                            0x0800f314   Data          32  system_stm32g0xx.o(.constdata)
    __ctype_table                            0x0800f334   Data         129  ctype_o.o(.constdata)
    Region$$Table$$Base                      0x0800f450   Number         0  anon$$obj.o(Region$$Table)
    Region$$Table$$Limit                     0x0800f470   Number         0  anon$$obj.o(Region$$Table)
    debug_onoff                              0x20000000   Data           4  global.o(.data)
    timer_cnt                                0x20000008   Data           8  global.o(.data)
    outlinetimes                             0x20000010   Data           4  global.o(.data)
    update_flag                              0x20000014   Data           1  global.o(.data)
    tcp_connect_cnt                          0x20000015   Data           1  global.o(.data)
    OTA_store_addr                           0x20000018   Data           4  global.o(.data)
    qccid_get_flag                           0x2000001c   Data           1  global.o(.data)
    zero_value                               0x2000001e   Data           2  global.o(.data)
    zero_cnt                                 0x20000020   Data           2  global.o(.data)
    Flag_fresh_flag                          0x20000022   Data           1  flash.o(.data)
    mqtt_revflag                             0x20000024   Data           1  serial_transceiver.o(.data)
    file_end_flag                            0x20000025   Data           1  serial_transceiver.o(.data)
    ucTimeOutStartFlg                        0x20000038   Data           1  ec600.o(.data)
    usTimeOutCount                           0x2000003a   Data           2  ec600.o(.data)
    usTimeOutVal                             0x2000003c   Data           2  ec600.o(.data)
    ucTimeOutValReachedFlg                   0x2000003e   Data           1  ec600.o(.data)
    iwdg_cnt                                 0x20000054   Data           2  timer.o(.data)
    iwdg_flag                                0x20000056   Data           1  timer.o(.data)
    delaycount                               0x20000058   Data           2  timer.o(.data)
    ucStateNum                               0x2000005c   Data           1  lte_demo.o(.data)
    state                                    0x2000005d   Data           1  lte_demo.o(.data)
    ucErrorTimes                             0x2000005e   Data           2  lte_demo.o(.data)
    ucFlightModeTimes                        0x20000060   Data           1  lte_demo.o(.data)
    device_malloc                            0x20000064   Data           4  lte_demo.o(.data)
    calib_time_buf                           0x20000068   Data           6  lte_demo.o(.data)
    update_idex                              0x2000006e   Data           2  lte_demo.o(.data)
    packege_sum                              0x20000070   Data           2  lte_demo.o(.data)
    flash_page_addr                          0x20000074   Data           4  lte_demo.o(.data)
    flash_buffer_index                       0x20000078   Data           2  lte_demo.o(.data)
    Topic_data                               0x20000080   Data          14  topic.o(.data)
    Topic_error                              0x2000008e   Data         100  topic.o(.data)
    send_flag                                0x200000f4   Data           4  topic.o(.data)
    topic_send_wait                          0x200000f8   Data           1  topic.o(.data)
    topic_send_last                          0x200000f9   Data           1  topic.o(.data)
    topic_send_ok                            0x200000fa   Data           1  topic.o(.data)
    topic_count                              0x200000fc   Data           4  topic.o(.data)
    topic_update_flag                        0x20000100   Data           1  topic.o(.data)
    Single_Wire_Pin_Rise_flag                0x20000108   Data           1  gaspower.o(.data)
    Single_Wire_Pin_Falling_flag             0x20000109   Data           1  gaspower.o(.data)
    Gas_rev_timercnt                         0x2000010a   Data           2  gaspower.o(.data)
    siglewire_wait_cnt                       0x2000010c   Data           1  gaspower.o(.data)
    bit_start_rev_flag                       0x2000010d   Data           1  gaspower.o(.data)
    byte_send_state                          0x2000010e   Data           1  gaspower.o(.data)
    bit_send_state                           0x2000010f   Data           1  gaspower.o(.data)
    byte_rev_state                           0x20000110   Data           4  gaspower.o(.data)
    bit_rev_state                            0x20000114   Data           4  gaspower.o(.data)
    Single_Tx_State                          0x20000118   Data           1  gaspower.o(.data)
    Single_Bus_State                         0x20000119   Data           1  gaspower.o(.data)
    gaspc_send                               0x2000011a   Data          11  gaspower.o(.data)
    Gaspower_index                           0x20000126   Data           2  gaspower.o(.data)
    error_code_pre                           0x20000128   Data           1  gaspower.o(.data)
    CostofGas                                0x20000130   Data           8  gaspower.o(.data)
    CostofWater                              0x20000138   Data           8  gaspower.o(.data)
    CostofElect                              0x20000140   Data           8  gaspower.o(.data)
    IntegrationFlag                          0x20000148   Data           1  gaspower.o(.data)
    IntegrationDelay                         0x20000149   Data           1  gaspower.o(.data)
    uwTick                                   0x2000014c   Data           4  stm32g0xx_hal.o(.data)
    uwTickPrio                               0x20000150   Data           4  stm32g0xx_hal.o(.data)
    uwTickFreq                               0x20000154   Data           1  stm32g0xx_hal.o(.data)
    SystemCoreClock                          0x20000158   Data           4  system_stm32g0xx.o(.data)
    __microlib_freelist                      0x20000160   Data           4  mvars.o(.data)
    __microlib_freelist_initialised          0x20000164   Data           4  mvars.o(.data)
    htim1                                    0x2000016c   Data          76  tim.o(.bss)
    htim3                                    0x200001b8   Data          76  tim.o(.bss)
    huart1                                   0x20000204   Data         148  usart.o(.bss)
    huart2                                   0x20000298   Data         148  usart.o(.bss)
    huart3                                   0x2000032c   Data         148  usart.o(.bss)
    hdma_usart1_rx                           0x200003c0   Data          92  usart.o(.bss)
    hdma_usart1_tx                           0x2000041c   Data          92  usart.o(.bss)
    hdma_usart2_rx                           0x20000478   Data          92  usart.o(.bss)
    hdma_usart3_rx                           0x200004d4   Data          92  usart.o(.bss)
    hdma_usart3_tx                           0x20000530   Data          92  usart.o(.bss)
    zero_buf                                 0x2000058c   Data         255  global.o(.bss)
    Device_Flash                             0x2000068b   Data        2048  flash.o(.bss)
    g_tModule                                0x20000e8c   Data        1566  serial_transceiver.o(.bss)
    fifo_gas                                 0x20001caa   Data         114  gas_fifo.o(.bss)
    Ota_Addr                                 0x20001d1c   Data          18  lte_demo.o(.bss)
    flash_buffer                             0x20001d2e   Data        2048  lte_demo.o(.bss)
    message_buf                              0x2000252e   Data         256  topic.o(.bss)
    topic_buf                                0x2000262e   Data         256  topic.o(.bss)
    QCCID                                    0x2000272e   Data          21  topic.o(.bss)
    gaspc_rev                                0x20002743   Data          26  gaspower.o(.bss)
    GasPower_Manage                          0x2000275d   Data          76  gaspower.o(.bss)
    pFlash                                   0x200027ac   Data          28  stm32g0xx_hal_flash.o(.bss)
    __heap_base                              0x200027c8   Data           0  startup_stm32g070xx.o(HEAP)
    __heap_limit                             0x200029c8   Data           0  startup_stm32g070xx.o(HEAP)
    __initial_sp                             0x20002dc8   Data           0  startup_stm32g070xx.o(STACK)



==============================================================================

Memory Map of the image

  Image Entry point : 0x080050b9

  Load Region LR_IROM1 (Base: 0x08005000, Size: 0x0000a5dc, Max: 0x0000c000, ABSOLUTE, COMPRESSED[0x0000a4e0])

    Execution Region ER_IROM1 (Exec base: 0x08005000, Load base: 0x08005000, Size: 0x0000a470, Max: 0x0000c000, ABSOLUTE)

    Exec Addr    Load Addr    Size         Type   Attr      Idx    E Section Name        Object

    0x08005000   0x08005000   0x000000b8   Data   RO            3    RESET               startup_stm32g070xx.o
    0x080050b8   0x080050b8   0x00000000   Code   RO         4790  * .ARM.Collect$$$$00000000  mc_p.l(entry.o)
    0x080050b8   0x080050b8   0x00000004   Code   RO         5153    .ARM.Collect$$$$00000001  mc_p.l(entry2.o)
    0x080050bc   0x080050bc   0x00000004   Code   RO         5156    .ARM.Collect$$$$00000004  mc_p.l(entry5.o)
    0x080050c0   0x080050c0   0x00000000   Code   RO         5158    .ARM.Collect$$$$00000008  mc_p.l(entry7b.o)
    0x080050c0   0x080050c0   0x00000000   Code   RO         5160    .ARM.Collect$$$$0000000A  mc_p.l(entry8b.o)
    0x080050c0   0x080050c0   0x00000008   Code   RO         5161    .ARM.Collect$$$$0000000B  mc_p.l(entry9a.o)
    0x080050c8   0x080050c8   0x00000004   Code   RO         5168    .ARM.Collect$$$$0000000E  mc_p.l(entry12b.o)
    0x080050cc   0x080050cc   0x00000000   Code   RO         5163    .ARM.Collect$$$$0000000F  mc_p.l(entry10a.o)
    0x080050cc   0x080050cc   0x00000000   Code   RO         5165    .ARM.Collect$$$$00000011  mc_p.l(entry11a.o)
    0x080050cc   0x080050cc   0x00000004   Code   RO         5154    .ARM.Collect$$$$00002712  mc_p.l(entry2.o)
    0x080050d0   0x080050d0   0x0000001c   Code   RO            4    .text               startup_stm32g070xx.o
    0x080050ec   0x080050ec   0x0000002c   Code   RO         4793    .text               mc_p.l(uidiv.o)
    0x08005118   0x08005118   0x00000028   Code   RO         4795    .text               mc_p.l(idiv.o)
    0x08005140   0x08005140   0x00000060   Code   RO         4797    .text               mc_p.l(uldiv.o)
    0x080051a0   0x080051a0   0x0000000c   Code   RO         4799    .text               mc_p.l(tolower.o)
    0x080051ac   0x080051ac   0x00000024   Code   RO         4801    .text               mc_p.l(memcpya.o)
    0x080051d0   0x080051d0   0x00000024   Code   RO         4803    .text               mc_p.l(memseta.o)
    0x080051f4   0x080051f4   0x00000018   Code   RO         4805    .text               mc_p.l(strcat.o)
    0x0800520c   0x0800520c   0x00000028   Code   RO         4807    .text               mc_p.l(strstr.o)
    0x08005234   0x08005234   0x0000001a   Code   RO         4809    .text               mc_p.l(strncpy.o)
    0x0800524e   0x0800524e   0x00000014   Code   RO         4811    .text               mc_p.l(strchr.o)
    0x08005262   0x08005262   0x0000000e   Code   RO         4813    .text               mc_p.l(strlen.o)
    0x08005270   0x08005270   0x0000001c   Code   RO         4815    .text               mc_p.l(strcmp.o)
    0x0800528c   0x0800528c   0x0000001a   Code   RO         4817    .text               mc_p.l(memcmp.o)
    0x080052a6   0x080052a6   0x00000012   Code   RO         4819    .text               mc_p.l(strcpy.o)
    0x080052b8   0x080052b8   0x0000001e   Code   RO         4821    .text               mc_p.l(strncmp.o)
    0x080052d6   0x080052d6   0x00000002   PAD
    0x080052d8   0x080052d8   0x0000004c   Code   RO         4823    .text               mc_p.l(strtok_r.o)
    0x08005324   0x08005324   0x0000001c   Code   RO         5119    .text               mc_p.l(uread8.o)
    0x08005340   0x08005340   0x0000001e   Code   RO         5121    .text               mc_p.l(uwrite8.o)
    0x0800535e   0x0800535e   0x00000002   PAD
    0x08005360   0x08005360   0x0000003c   Code   RO         5123    .text               mc_p.l(__0sscanf.o)
    0x0800539c   0x0800539c   0x0000014a   Code   RO         5125    .text               mc_p.l(_scanf_int.o)
    0x080054e6   0x080054e6   0x000000e8   Code   RO         5127    .text               mc_p.l(_scanf_str.o)
    0x080055ce   0x080055ce   0x00000002   PAD
    0x080055d0   0x080055d0   0x00000374   Code   RO         5129    .text               mc_p.l(scanf_fp.o)
    0x08005944   0x08005944   0x0000001a   Code   RO         5135    .text               mc_p.l(atoi.o)
    0x0800595e   0x0800595e   0x00000002   PAD
    0x08005960   0x08005960   0x00000168   Code   RO         5137    .text               mf_p.l(dadd.o)
    0x08005ac8   0x08005ac8   0x000000d0   Code   RO         5139    .text               mf_p.l(dmul.o)
    0x08005b98   0x08005b98   0x00000048   Code   RO         5143    .text               mf_p.l(dfixi.o)
    0x08005be0   0x08005be0   0x0000003c   Code   RO         5145    .text               mf_p.l(dfixui.o)
    0x08005c1c   0x08005c1c   0x00000028   Code   RO         5149    .text               mf_p.l(cdcmple.o)
    0x08005c44   0x08005c44   0x00000028   Code   RO         5151    .text               mf_p.l(cdrcmple.o)
    0x08005c6c   0x08005c6c   0x0000007a   Code   RO         5170    .text               mc_p.l(llmul.o)
    0x08005ce6   0x08005ce6   0x00000020   Code   RO         5172    .text               mc_p.l(llshl.o)
    0x08005d06   0x08005d06   0x00000022   Code   RO         5174    .text               mc_p.l(llushr.o)
    0x08005d28   0x08005d28   0x00000026   Code   RO         5176    .text               mc_p.l(llsshr.o)
    0x08005d4e   0x08005d4e   0x00000002   PAD
    0x08005d50   0x08005d50   0x00000008   Code   RO         5178    .text               mc_p.l(ctype_o.o)
    0x08005d58   0x08005d58   0x00000012   Code   RO         5200    .text               mc_p.l(isspace_o.o)
    0x08005d6a   0x08005d6a   0x0000001e   Code   RO         5215    .text               mc_p.l(_chval.o)
    0x08005d88   0x08005d88   0x0000002c   Code   RO         5217    .text               mc_p.l(scanf_char.o)
    0x08005db4   0x08005db4   0x00000044   Code   RO         5219    .text               mc_p.l(_sgetc.o)
    0x08005df8   0x08005df8   0x000000a6   Code   RO         5221    .text               mc_p.l(_strtoul.o)
    0x08005e9e   0x08005e9e   0x00000002   PAD
    0x08005ea0   0x08005ea0   0x000000a4   Code   RO         5223    .text               mc_p.l(strtod.o)
    0x08005f44   0x08005f44   0x00000070   Code   RO         5225    .text               mc_p.l(strtol.o)
    0x08005fb4   0x08005fb4   0x00000000   Code   RO         5227    .text               mc_p.l(iusefp.o)
    0x08005fb4   0x08005fb4   0x000000be   Code   RO         5228    .text               mf_p.l(depilogue.o)
    0x08006072   0x08006072   0x00000002   PAD
    0x08006074   0x08006074   0x000000f0   Code   RO         5232    .text               mf_p.l(ddiv.o)
    0x08006164   0x08006164   0x0000001c   Code   RO         5234    .text               mf_p.l(dfltul.o)
    0x08006180   0x08006180   0x00000040   Code   RO         5236    .text               mf_p.l(dfixul.o)
    0x080061c0   0x080061c0   0x00000038   Code   RO         5238    .text               mf_p.l(d2f.o)
    0x080061f8   0x080061f8   0x00000024   Code   RO         5240    .text               mc_p.l(init.o)
    0x0800621c   0x0800621c   0x0000033c   Code   RO         5244    .text               mc_p.l(_scanf.o)
    0x08006558   0x08006558   0x00000082   Code   RO         5246    .text               mf_p.l(fepilogue.o)
    0x080065da   0x080065da   0x00000056   Code   RO         5259    .text               mc_p.l(__dczerorl2.o)
    0x08006630   0x08006630   0x00000040   Code   RO          605    i.CRC16             global.o
    0x08006670   0x08006670   0x00000018   Code   RO          509    i.DMA1_Ch4_7_DMAMUX1_OVR_IRQHandler  stm32g0xx_it.o
    0x08006688   0x08006688   0x00000010   Code   RO          510    i.DMA1_Channel1_IRQHandler  stm32g0xx_it.o
    0x08006698   0x08006698   0x00000018   Code   RO          511    i.DMA1_Channel2_3_IRQHandler  stm32g0xx_it.o
    0x080066b0   0x080066b0   0x00000034   Code   RO         2443    i.DMA_CalcDMAMUXChannelBaseAndMask  stm32g0xx_hal_dma.o
    0x080066e4   0x080066e4   0x00000028   Code   RO         2444    i.DMA_CalcDMAMUXRequestGenBaseAndMask  stm32g0xx_hal_dma.o
    0x0800670c   0x0800670c   0x0000004c   Code   RO         2445    i.DMA_SetConfig     stm32g0xx_hal_dma.o
    0x08006758   0x08006758   0x00000010   Code   RO         1853    i.Data_Rapid_Reply  topic.o
    0x08006768   0x08006768   0x00000018   Code   RO          721    i.Debug_Usart_Read  serial_transceiver.o
    0x08006780   0x08006780   0x00000018   Code   RO          723    i.EC600_Usart_Read  serial_transceiver.o
    0x08006798   0x08006798   0x00000024   Code   RO          724    i.EC600_Usart_Send  serial_transceiver.o
    0x080067bc   0x080067bc   0x00000080   Code   RO         1911    i.EXTI4_15_IRQHandler  gaspower.o
    0x0800683c   0x0800683c   0x00000006   Code   RO           12    i.Error_Handler     main.o
    0x08006842   0x08006842   0x00000002   PAD
    0x08006844   0x08006844   0x000000a0   Code   RO         1682    i.Extract_Command   lte_demo.o
    0x080068e4   0x080068e4   0x00000040   Code   RO         1683    i.Extract_QCCID     lte_demo.o
    0x08006924   0x08006924   0x00000018   Code   RO         2280    i.FLASH_MassErase   stm32g0xx_hal_flash_ex.o
    0x0800693c   0x0800693c   0x00000028   Code   RO         2286    i.FLASH_PageErase   stm32g0xx_hal_flash_ex.o
    0x08006964   0x08006964   0x00000028   Code   RO         2173    i.FLASH_Program_DoubleWord  stm32g0xx_hal_flash.o
    0x0800698c   0x0800698c   0x00000054   Code   RO         2174    i.FLASH_Program_Fast  stm32g0xx_hal_flash.o
    0x080069e0   0x080069e0   0x00000074   Code   RO         2175    i.FLASH_WaitForLastOperation  stm32g0xx_hal_flash.o
    0x08006a54   0x08006a54   0x0000022c   Code   RO          645    i.Flash_Factory     flash.o
    0x08006c80   0x08006c80   0x0000003c   Code   RO          907    i.GasFiFo_Push      gas_fifo.o
    0x08006cbc   0x08006cbc   0x00000040   Code   RO          909    i.GasFifo_Pop       gas_fifo.o
    0x08006cfc   0x08006cfc   0x0000001c   Code   RO          910    i.GasFifo_Size      gas_fifo.o
    0x08006d18   0x08006d18   0x000000dc   Code   RO         1912    i.Gaspower_Command  gaspower.o
    0x08006df4   0x08006df4   0x000000a8   Code   RO         1913    i.GaspsendBoot      gaspower.o
    0x08006e9c   0x08006e9c   0x000000f0   Code   RO         1914    i.Gaspsendbit       gaspower.o
    0x08006f8c   0x08006f8c   0x00000098   Code   RO         2446    i.HAL_DMA_Abort     stm32g0xx_hal_dma.o
    0x08007024   0x08007024   0x00000094   Code   RO         2447    i.HAL_DMA_Abort_IT  stm32g0xx_hal_dma.o
    0x080070b8   0x080070b8   0x00000006   Code   RO         2449    i.HAL_DMA_GetError  stm32g0xx_hal_dma.o
    0x080070be   0x080070be   0x00000002   PAD
    0x080070c0   0x080070c0   0x00000120   Code   RO         2451    i.HAL_DMA_IRQHandler  stm32g0xx_hal_dma.o
    0x080071e0   0x080071e0   0x000000c0   Code   RO         2452    i.HAL_DMA_Init      stm32g0xx_hal_dma.o
    0x080072a0   0x080072a0   0x000000cc   Code   RO         2456    i.HAL_DMA_Start_IT  stm32g0xx_hal_dma.o
    0x0800736c   0x0800736c   0x0000002c   Code   RO         2914    i.HAL_Delay         stm32g0xx_hal.o
    0x08007398   0x08007398   0x000000a0   Code   RO         2287    i.HAL_FLASHEx_Erase  stm32g0xx_hal_flash_ex.o
    0x08007438   0x08007438   0x00000024   Code   RO         2179    i.HAL_FLASH_Lock    stm32g0xx_hal_flash.o
    0x0800745c   0x0800745c   0x00000078   Code   RO         2184    i.HAL_FLASH_Program  stm32g0xx_hal_flash.o
    0x080074d4   0x080074d4   0x00000034   Code   RO         2186    i.HAL_FLASH_Unlock  stm32g0xx_hal_flash.o
    0x08007508   0x08007508   0x0000010c   Code   RO         2373    i.HAL_GPIO_DeInit   stm32g0xx_hal_gpio.o
    0x08007614   0x08007614   0x00000002   Code   RO         2374    i.HAL_GPIO_EXTI_Falling_Callback  stm32g0xx_hal_gpio.o
    0x08007616   0x08007616   0x00000002   PAD
    0x08007618   0x08007618   0x00000034   Code   RO         2375    i.HAL_GPIO_EXTI_IRQHandler  stm32g0xx_hal_gpio.o
    0x0800764c   0x0800764c   0x00000002   Code   RO         2376    i.HAL_GPIO_EXTI_Rising_Callback  stm32g0xx_hal_gpio.o
    0x0800764e   0x0800764e   0x00000002   PAD
    0x08007650   0x08007650   0x000001d8   Code   RO         2377    i.HAL_GPIO_Init     stm32g0xx_hal_gpio.o
    0x08007828   0x08007828   0x00000012   Code   RO         2379    i.HAL_GPIO_ReadPin  stm32g0xx_hal_gpio.o
    0x0800783a   0x0800783a   0x00000014   Code   RO         2380    i.HAL_GPIO_TogglePin  stm32g0xx_hal_gpio.o
    0x0800784e   0x0800784e   0x0000000c   Code   RO         2381    i.HAL_GPIO_WritePin  stm32g0xx_hal_gpio.o
    0x0800785a   0x0800785a   0x00000002   PAD
    0x0800785c   0x0800785c   0x0000000c   Code   RO         2918    i.HAL_GetTick       stm32g0xx_hal.o
    0x08007868   0x08007868   0x00000018   Code   RO         2924    i.HAL_IncTick       stm32g0xx_hal.o
    0x08007880   0x08007880   0x0000002c   Code   RO         2925    i.HAL_Init          stm32g0xx_hal.o
    0x080078ac   0x080078ac   0x00000060   Code   RO         2926    i.HAL_InitTick      stm32g0xx_hal.o
    0x0800790c   0x0800790c   0x0000004c   Code   RO          583    i.HAL_MspInit       stm32g0xx_hal_msp.o
    0x08007958   0x08007958   0x0000003c   Code   RO         2799    i.HAL_NVIC_DisableIRQ  stm32g0xx_hal_cortex.o
    0x08007994   0x08007994   0x00000024   Code   RO         2800    i.HAL_NVIC_EnableIRQ  stm32g0xx_hal_cortex.o
    0x080079b8   0x080079b8   0x00000012   Code   RO         2804    i.HAL_NVIC_SetPriority  stm32g0xx_hal_cortex.o
    0x080079ca   0x080079ca   0x00000002   PAD
    0x080079cc   0x080079cc   0x00000058   Code   RO         2683    i.HAL_PWREx_ControlVoltageScaling  stm32g0xx_hal_pwr_ex.o
    0x08007a24   0x08007a24   0x00000204   Code   RO         2128    i.HAL_RCCEx_PeriphCLKConfig  stm32g0xx_hal_rcc_ex.o
    0x08007c28   0x08007c28   0x000001d4   Code   RO         2010    i.HAL_RCC_ClockConfig  stm32g0xx_hal_rcc.o
    0x08007dfc   0x08007dfc   0x0000000c   Code   RO         2016    i.HAL_RCC_GetHCLKFreq  stm32g0xx_hal_rcc.o
    0x08007e08   0x08007e08   0x00000028   Code   RO         2018    i.HAL_RCC_GetPCLK1Freq  stm32g0xx_hal_rcc.o
    0x08007e30   0x08007e30   0x000000e4   Code   RO         2020    i.HAL_RCC_GetSysClockFreq  stm32g0xx_hal_rcc.o
    0x08007f14   0x08007f14   0x000005ac   Code   RO         2024    i.HAL_RCC_OscConfig  stm32g0xx_hal_rcc.o
    0x080084c0   0x080084c0   0x000000a0   Code   RO         4624    i.HAL_RS485Ex_Init  stm32g0xx_hal_uart_ex.o
    0x08008560   0x08008560   0x00000018   Code   RO         2934    i.HAL_SYSCFG_StrobeDBattpinsConfig  stm32g0xx_hal.o
    0x08008578   0x08008578   0x00000038   Code   RO         2808    i.HAL_SYSTICK_Config  stm32g0xx_hal_cortex.o
    0x080085b0   0x080085b0   0x00000002   Code   RO         3893    i.HAL_TIMEx_Break2Callback  stm32g0xx_hal_tim_ex.o
    0x080085b2   0x080085b2   0x00000002   Code   RO         3894    i.HAL_TIMEx_BreakCallback  stm32g0xx_hal_tim_ex.o
    0x080085b4   0x080085b4   0x00000002   Code   RO         3895    i.HAL_TIMEx_CommutCallback  stm32g0xx_hal_tim_ex.o
    0x080085b6   0x080085b6   0x00000002   PAD
    0x080085b8   0x080085b8   0x00000098   Code   RO         3916    i.HAL_TIMEx_MasterConfigSynchronization  stm32g0xx_hal_tim_ex.o
    0x08008650   0x08008650   0x0000006c   Code   RO         3170    i.HAL_TIM_Base_Init  stm32g0xx_hal_tim.o
    0x080086bc   0x080086bc   0x00000070   Code   RO          414    i.HAL_TIM_Base_MspInit  tim.o
    0x0800872c   0x0800872c   0x0000006c   Code   RO         3173    i.HAL_TIM_Base_Start  stm32g0xx_hal_tim.o
    0x08008798   0x08008798   0x00000078   Code   RO         3175    i.HAL_TIM_Base_Start_IT  stm32g0xx_hal_tim.o
    0x08008810   0x08008810   0x00000118   Code   RO         3179    i.HAL_TIM_ConfigClockSource  stm32g0xx_hal_tim.o
    0x08008928   0x08008928   0x00000002   Code   RO         3204    i.HAL_TIM_IC_CaptureCallback  stm32g0xx_hal_tim.o
    0x0800892a   0x0800892a   0x00000002   PAD
    0x0800892c   0x0800892c   0x000001f8   Code   RO         3218    i.HAL_TIM_IRQHandler  stm32g0xx_hal_tim.o
    0x08008b24   0x08008b24   0x00000002   Code   RO         3221    i.HAL_TIM_OC_DelayElapsedCallback  stm32g0xx_hal_tim.o
    0x08008b26   0x08008b26   0x00000002   Code   RO         3248    i.HAL_TIM_PWM_PulseFinishedCallback  stm32g0xx_hal_tim.o
    0x08008b28   0x08008b28   0x000000c8   Code   RO         1630    i.HAL_TIM_PeriodElapsedCallback  timer.o
    0x08008bf0   0x08008bf0   0x00000002   Code   RO         3261    i.HAL_TIM_TriggerCallback  stm32g0xx_hal_tim.o
    0x08008bf2   0x08008bf2   0x00000054   Code   RO         4625    i.HAL_UARTEx_DisableFifoMode  stm32g0xx_hal_uart_ex.o
    0x08008c46   0x08008c46   0x00000002   Code   RO         4203    i.HAL_UARTEx_RxEventCallback  stm32g0xx_hal_uart.o
    0x08008c48   0x08008c48   0x00000002   Code   RO         4633    i.HAL_UARTEx_RxFifoFullCallback  stm32g0xx_hal_uart_ex.o
    0x08008c4a   0x08008c4a   0x00000060   Code   RO         4634    i.HAL_UARTEx_SetRxFifoThreshold  stm32g0xx_hal_uart_ex.o
    0x08008caa   0x08008caa   0x0000005e   Code   RO         4635    i.HAL_UARTEx_SetTxFifoThreshold  stm32g0xx_hal_uart_ex.o
    0x08008d08   0x08008d08   0x00000002   Code   RO         4637    i.HAL_UARTEx_TxFifoEmptyCallback  stm32g0xx_hal_uart_ex.o
    0x08008d0a   0x08008d0a   0x00000002   Code   RO         4638    i.HAL_UARTEx_WakeupCallback  stm32g0xx_hal_uart_ex.o
    0x08008d0c   0x08008d0c   0x000000ce   Code   RO         4215    i.HAL_UART_DMAStop  stm32g0xx_hal_uart.o
    0x08008dda   0x08008dda   0x00000002   Code   RO         4219    i.HAL_UART_ErrorCallback  stm32g0xx_hal_uart.o
    0x08008ddc   0x08008ddc   0x00000446   Code   RO         4222    i.HAL_UART_IRQHandler  stm32g0xx_hal_uart.o
    0x08009222   0x08009222   0x00000082   Code   RO         4223    i.HAL_UART_Init     stm32g0xx_hal_uart.o
    0x080092a4   0x080092a4   0x00000304   Code   RO          459    i.HAL_UART_MspInit  usart.o
    0x080095a8   0x080095a8   0x0000007e   Code   RO         4227    i.HAL_UART_Receive_DMA  stm32g0xx_hal_uart.o
    0x08009626   0x08009626   0x00000002   Code   RO         4230    i.HAL_UART_RxCpltCallback  stm32g0xx_hal_uart.o
    0x08009628   0x08009628   0x00000002   Code   RO         4231    i.HAL_UART_RxHalfCpltCallback  stm32g0xx_hal_uart.o
    0x0800962a   0x0800962a   0x00000002   PAD
    0x0800962c   0x0800962c   0x000000cc   Code   RO         4233    i.HAL_UART_Transmit_DMA  stm32g0xx_hal_uart.o
    0x080096f8   0x080096f8   0x00000018   Code   RO          725    i.HAL_UART_TxCpltCallback  serial_transceiver.o
    0x08009710   0x08009710   0x00000002   Code   RO         4236    i.HAL_UART_TxHalfCpltCallback  stm32g0xx_hal_uart.o
    0x08009712   0x08009712   0x00000002   PAD
    0x08009714   0x08009714   0x00000814   Code   RO         1657    i.Handle_Debug      debug.o
    0x08009f28   0x08009f28   0x0000007c   Code   RO          646    i.Handle_Flash      flash.o
    0x08009fa4   0x08009fa4   0x000001e8   Code   RO         1916    i.Handle_GasCost    gaspower.o
    0x0800a18c   0x0800a18c   0x0000035c   Code   RO         1917    i.Handle_Gaspower   gaspower.o
    0x0800a4e8   0x0800a4e8   0x000001e8   Code   RO         1684    i.Handle_Lte        lte_demo.o
    0x0800a6d0   0x0800a6d0   0x00000208   Code   RO         1854    i.Handle_topic      topic.o
    0x0800a8d8   0x0800a8d8   0x00000004   Code   RO          512    i.HardFault_Handler  stm32g0xx_it.o
    0x0800a8dc   0x0800a8dc   0x00000294   Code   RO          647    i.Init_Flash        flash.o
    0x0800ab70   0x0800ab70   0x00000054   Code   RO          361    i.MX_DMA_Init       dma.o
    0x0800abc4   0x0800abc4   0x0000009c   Code   RO          227    i.MX_GPIO_Init      gpio.o
    0x0800ac60   0x0800ac60   0x0000007c   Code   RO          415    i.MX_TIM1_Init      tim.o
    0x0800acdc   0x0800acdc   0x0000007c   Code   RO          416    i.MX_TIM3_Init      tim.o
    0x0800ad58   0x0800ad58   0x00000074   Code   RO          460    i.MX_USART1_UART_Init  usart.o
    0x0800adcc   0x0800adcc   0x00000078   Code   RO          461    i.MX_USART2_UART_Init  usart.o
    0x0800ae44   0x0800ae44   0x00000044   Code   RO          462    i.MX_USART3_UART_Init  usart.o
    0x0800ae88   0x0800ae88   0x00000018   Code   RO          726    i.Modbus_Usart_Read  serial_transceiver.o
    0x0800aea0   0x0800aea0   0x00000004   Code   RO          513    i.NMI_Handler       stm32g0xx_it.o
    0x0800aea4   0x0800aea4   0x00000002   Code   RO          514    i.PendSV_Handler    stm32g0xx_it.o
    0x0800aea6   0x0800aea6   0x00000002   Code   RO          515    i.SVC_Handler       stm32g0xx_it.o
    0x0800aea8   0x0800aea8   0x00000030   Code   RO          728    i.SendDataAsHex     serial_transceiver.o
    0x0800aed8   0x0800aed8   0x00000068   Code   RO          228    i.SetPinMode        gpio.o
    0x0800af40   0x0800af40   0x00000008   Code   RO          516    i.SysTick_Handler   stm32g0xx_it.o
    0x0800af48   0x0800af48   0x0000007c   Code   RO           13    i.SystemClock_Config  main.o
    0x0800afc4   0x0800afc4   0x00000002   Code   RO         4756    i.SystemInit        system_stm32g0xx.o
    0x0800afc6   0x0800afc6   0x00000002   PAD
    0x0800afc8   0x0800afc8   0x00000010   Code   RO          517    i.TIM1_BRK_UP_TRG_COM_IRQHandler  stm32g0xx_it.o
    0x0800afd8   0x0800afd8   0x000000a0   Code   RO         3263    i.TIM_Base_SetConfig  stm32g0xx_hal_tim.o
    0x0800b078   0x0800b078   0x0000001c   Code   RO         3274    i.TIM_ETR_SetConfig  stm32g0xx_hal_tim.o
    0x0800b094   0x0800b094   0x00000018   Code   RO         3275    i.TIM_ITRx_SetConfig  stm32g0xx_hal_tim.o
    0x0800b0ac   0x0800b0ac   0x00000032   Code   RO         3283    i.TIM_TI1_ConfigInputStage  stm32g0xx_hal_tim.o
    0x0800b0de   0x0800b0de   0x00000032   Code   RO         3285    i.TIM_TI2_ConfigInputStage  stm32g0xx_hal_tim.o
    0x0800b110   0x0800b110   0x00000068   Code   RO         4639    i.UARTEx_SetNbDataToProcess  stm32g0xx_hal_uart_ex.o
    0x0800b178   0x0800b178   0x000000f0   Code   RO         4237    i.UART_AdvFeatureConfig  stm32g0xx_hal_uart.o
    0x0800b268   0x0800b268   0x0000007c   Code   RO         4238    i.UART_CheckIdleState  stm32g0xx_hal_uart.o
    0x0800b2e4   0x0800b2e4   0x00000018   Code   RO         4239    i.UART_DMAAbortOnError  stm32g0xx_hal_uart.o
    0x0800b2fc   0x0800b2fc   0x0000005a   Code   RO         4240    i.UART_DMAError     stm32g0xx_hal_uart.o
    0x0800b356   0x0800b356   0x000000cc   Code   RO         4241    i.UART_DMAReceiveCplt  stm32g0xx_hal_uart.o
    0x0800b422   0x0800b422   0x00000026   Code   RO         4243    i.UART_DMARxHalfCplt  stm32g0xx_hal_uart.o
    0x0800b448   0x0800b448   0x00000064   Code   RO         4245    i.UART_DMATransmitCplt  stm32g0xx_hal_uart.o
    0x0800b4ac   0x0800b4ac   0x0000000e   Code   RO         4247    i.UART_DMATxHalfCplt  stm32g0xx_hal_uart.o
    0x0800b4ba   0x0800b4ba   0x00000002   PAD
    0x0800b4bc   0x0800b4bc   0x00000084   Code   RO         4249    i.UART_EndRxTransfer  stm32g0xx_hal_uart.o
    0x0800b540   0x0800b540   0x00000038   Code   RO         4250    i.UART_EndTransmit_IT  stm32g0xx_hal_uart.o
    0x0800b578   0x0800b578   0x00000052   Code   RO         4251    i.UART_EndTxTransfer  stm32g0xx_hal_uart.o
    0x0800b5ca   0x0800b5ca   0x00000002   PAD
    0x0800b5cc   0x0800b5cc   0x00000230   Code   RO         4256    i.UART_SetConfig    stm32g0xx_hal_uart.o
    0x0800b7fc   0x0800b7fc   0x000000e8   Code   RO         4257    i.UART_Start_Receive_DMA  stm32g0xx_hal_uart.o
    0x0800b8e4   0x0800b8e4   0x00000120   Code   RO         4263    i.UART_WaitOnFlagUntilTimeout  stm32g0xx_hal_uart.o
    0x0800ba04   0x0800ba04   0x00000088   Code   RO          730    i.USART1_IRQHandler  serial_transceiver.o
    0x0800ba8c   0x0800ba8c   0x0000005c   Code   RO          731    i.USART2_IRQHandler  serial_transceiver.o
    0x0800bae8   0x0800bae8   0x0000005c   Code   RO          732    i.USART3_4_IRQHandler  serial_transceiver.o
    0x0800bb44   0x0800bb44   0x00000074   Code   RO          733    i.USART_DMAstart    serial_transceiver.o
    0x0800bbb8   0x0800bbb8   0x00000038   Code   RO         5064    i.__0snprintf       mc_p.l(printfa.o)
    0x0800bbf0   0x0800bbf0   0x00000028   Code   RO         5065    i.__0sprintf        mc_p.l(printfa.o)
    0x0800bc18   0x0800bc18   0x00000030   Code   RO         5068    i.__0vsnprintf      mc_p.l(printfa.o)
    0x0800bc48   0x0800bc48   0x0000002e   Code   RO         5230    i.__ARM_clz         mf_p.l(depilogue.o)
    0x0800bc76   0x0800bc76   0x0000001c   Code   RO         1594    i.__ARM_common_switch8  cjson.o
    0x0800bc92   0x0800bc92   0x00000002   PAD
    0x0800bc94   0x0800bc94   0x00000078   Code   RO         2810    i.__NVIC_SetPriority  stm32g0xx_hal_cortex.o
    0x0800bd0c   0x0800bd0c   0x00000034   Code   RO         1685    i.__NVIC_SystemReset  lte_demo.o
    0x0800bd40   0x0800bd40   0x00000008   Code   RO         5208    i.__aeabi_errno_addr  mc_p.l(errno.o)
    0x0800bd48   0x0800bd48   0x00000064   Code   RO         5095    i.__free$realloc    mc_p.l(mallocr.o)
    0x0800bdac   0x0800bdac   0x00000006   Code   RO         4264    i.__get_PRIMASK     stm32g0xx_hal_uart.o
    0x0800bdb2   0x0800bdb2   0x00000002   PAD
    0x0800bdb4   0x0800bdb4   0x00000048   Code   RO         5096    i.__malloc$realloc  mc_p.l(mallocr.o)
    0x0800bdfc   0x0800bdfc   0x0000000e   Code   RO         5253    i.__scatterload_copy  mc_p.l(handlers.o)
    0x0800be0a   0x0800be0a   0x00000002   Code   RO         5254    i.__scatterload_null  mc_p.l(handlers.o)
    0x0800be0c   0x0800be0c   0x0000000e   Code   RO         5255    i.__scatterload_zeroinit  mc_p.l(handlers.o)
    0x0800be1a   0x0800be1a   0x00000006   Code   RO         4265    i.__set_PRIMASK     stm32g0xx_hal_uart.o
    0x0800be20   0x0800be20   0x00000174   Code   RO         5070    i._fp_digits        mc_p.l(printfa.o)
    0x0800bf94   0x0800bf94   0x0000000e   Code   RO         5131    i._is_digit         mc_p.l(scanf_fp.o)
    0x0800bfa2   0x0800bfa2   0x00000002   PAD
    0x0800bfa4   0x0800bfa4   0x000006f0   Code   RO         5071    i._printf_core      mc_p.l(printfa.o)
    0x0800c694   0x0800c694   0x00000020   Code   RO         5072    i._printf_post_padding  mc_p.l(printfa.o)
    0x0800c6b4   0x0800c6b4   0x0000002c   Code   RO         5073    i._printf_pre_padding  mc_p.l(printfa.o)
    0x0800c6e0   0x0800c6e0   0x00000016   Code   RO         5074    i._snputc           mc_p.l(printfa.o)
    0x0800c6f6   0x0800c6f6   0x0000000a   Code   RO         5075    i._sputc            mc_p.l(printfa.o)
    0x0800c700   0x0800c700   0x00000020   Code   RO         1855    i.append_int_as_str  topic.o
    0x0800c720   0x0800c720   0x00000038   Code   RO          648    i.bk_falsh_GetPage  flash.o
    0x0800c758   0x0800c758   0x00000038   Code   RO          649    i.bk_flash_Read_uint8  flash.o
    0x0800c790   0x0800c790   0x000001c8   Code   RO          650    i.bk_flash_WriteOnePage_uint8  flash.o
    0x0800c958   0x0800c958   0x00000050   Code   RO          952    i.buffer_skip_whitespace  cjson.o
    0x0800c9a8   0x0800c9a8   0x000000e8   Code   RO         1856    i.build_message     topic.o
    0x0800ca90   0x0800ca90   0x00000078   Code   RO         1857    i.build_topic       topic.o
    0x0800cb08   0x0800cb08   0x0000006c   Code   RO          984    i.cJSON_Delete      cjson.o
    0x0800cb74   0x0800cb74   0x00000010   Code   RO          995    i.cJSON_GetErrorPtr  cjson.o
    0x0800cb84   0x0800cb84   0x00000012   Code   RO          998    i.cJSON_GetObjectItemCaseSensitive  cjson.o
    0x0800cb96   0x0800cb96   0x00000016   Code   RO         1008    i.cJSON_IsNumber    cjson.o
    0x0800cbac   0x0800cbac   0x00000016   Code   RO         1009    i.cJSON_IsObject    cjson.o
    0x0800cbc2   0x0800cbc2   0x00000016   Code   RO         1011    i.cJSON_IsString    cjson.o
    0x0800cbd8   0x0800cbd8   0x0000001c   Code   RO         1014    i.cJSON_New_Item    cjson.o
    0x0800cbf4   0x0800cbf4   0x00000010   Code   RO         1015    i.cJSON_Parse       cjson.o
    0x0800cc04   0x0800cc04   0x000000e4   Code   RO         1017    i.cJSON_ParseWithLengthOpts  cjson.o
    0x0800cce8   0x0800cce8   0x00000024   Code   RO         1018    i.cJSON_ParseWithOpts  cjson.o
    0x0800cd0c   0x0800cd0c   0x0000004c   Code   RO         1033    i.case_insensitive_strcmp  cjson.o
    0x0800cd58   0x0800cd58   0x00000010   Code   RO         1858    i.clear_buffer      topic.o
    0x0800cd68   0x0800cd68   0x0000004c   Code   RO         1687    i.construct_revmessage  lte_demo.o
    0x0800cdb4   0x0800cdb4   0x000000a0   Code   RO          734    i.debug_printf      serial_transceiver.o
    0x0800ce54   0x0800ce54   0x0000006c   Code   RO         1689    i.extract_realtime_set  lte_demo.o
    0x0800cec0   0x0800cec0   0x0000001c   Code   RO         1918    i.f                 gaspower.o
    0x0800cedc   0x0800cedc   0x00000058   Code   RO          841    i.fat_cmdres_keyword_matching  ec600.o
    0x0800cf34   0x0800cf34   0x00000074   Code   RO          842    i.fat_send_wait_cmdres_blocking  ec600.o
    0x0800cfa8   0x0800cfa8   0x00000080   Code   RO          843    i.fat_send_wait_cmdres_nonblocking  ec600.o
    0x0800d028   0x0800d028   0x0000003c   Code   RO          844    i.fat_tim_proc      ec600.o
    0x0800d064   0x0800d064   0x0000001c   Code   RO          845    i.fat_uart_clean    ec600.o
    0x0800d080   0x0800d080   0x0000001e   Code   RO          846    i.fat_uart_send_str  ec600.o
    0x0800d09e   0x0800d09e   0x00000032   Code   RO          653    i.flush_buffer_to_flash  flash.o
    0x0800d0d0   0x0800d0d0   0x00000004   Code   RO         1039    i.get_decimal_point  cjson.o
    0x0800d0d4   0x0800d0d4   0x0000005e   Code   RO         1040    i.get_object_item   cjson.o
    0x0800d132   0x0800d132   0x00000002   PAD
    0x0800d134   0x0800d134   0x00000094   Code   RO         1690    i.handle_Fixed_Calib_Convert  lte_demo.o
    0x0800d1c8   0x0800d1c8   0x000001cc   Code   RO         1691    i.handle_Fixed_Convert  lte_demo.o
    0x0800d394   0x0800d394   0x00000050   Code   RO         5097    i.internal_alloc    mc_p.l(mallocr.o)
    0x0800d3e4   0x0800d3e4   0x000001b4   Code   RO         1692    i.json_to_command   lte_demo.o
    0x0800d598   0x0800d598   0x000000bc   Code   RO           14    i.main              main.o
    0x0800d654   0x0800d654   0x00000078   Code   RO         1693    i.match_csq         lte_demo.o
    0x0800d6cc   0x0800d6cc   0x00000154   Code   RO         1694    i.module_flightmode  lte_demo.o
    0x0800d820   0x0800d820   0x00000198   Code   RO         1695    i.module_is_ready   lte_demo.o
    0x0800d9b8   0x0800d9b8   0x00000074   Code   RO         1696    i.module_reset      lte_demo.o
    0x0800da2c   0x0800da2c   0x00000264   Code   RO         1697    i.mqtt_connect_parm_init  lte_demo.o
    0x0800dc90   0x0800dc90   0x0000029c   Code   RO         1698    i.mqtt_data         lte_demo.o
    0x0800df2c   0x0800df2c   0x000000ec   Code   RO         1699    i.ota_json_to_serverip  lte_demo.o
    0x0800e018   0x0800e018   0x00000190   Code   RO         1700    i.ote_transport_protocol  lte_demo.o
    0x0800e1a8   0x0800e1a8   0x00000108   Code   RO         1042    i.parse_array       cjson.o
    0x0800e2b0   0x0800e2b0   0x0000005a   Code   RO         1043    i.parse_hex4        cjson.o
    0x0800e30a   0x0800e30a   0x00000002   PAD
    0x0800e30c   0x0800e30c   0x0000013c   Code   RO         1044    i.parse_number      cjson.o
    0x0800e448   0x0800e448   0x00000154   Code   RO         1045    i.parse_object      cjson.o
    0x0800e59c   0x0800e59c   0x00000196   Code   RO         1046    i.parse_string      cjson.o
    0x0800e732   0x0800e732   0x00000002   PAD
    0x0800e734   0x0800e734   0x00000154   Code   RO         1047    i.parse_value       cjson.o
    0x0800e888   0x0800e888   0x00000124   Code   RO         1701    i.process_messages  lte_demo.o
    0x0800e9ac   0x0800e9ac   0x00000074   Code   RO         5098    i.realloc           mc_p.l(mallocr.o)
    0x0800ea20   0x0800ea20   0x0000017c   Code   RO         1702    i.save_ota_file     lte_demo.o
    0x0800eb9c   0x0800eb9c   0x0000004c   Code   RO         1703    i.send_at_and_check  lte_demo.o
    0x0800ebe8   0x0800ebe8   0x00000048   Code   RO         1058    i.skip_utf8_bom     cjson.o
    0x0800ec30   0x0800ec30   0x00000030   Code   RO          607    i.stringToUint16    global.o
    0x0800ec60   0x0800ec60   0x0000001c   Code   RO         4787    i.strtod            m_ps.l(strtod.o)
    0x0800ec7c   0x0800ec7c   0x000001e4   Code   RO         1704    i.tcp_connet_parm_init  lte_demo.o
    0x0800ee60   0x0800ee60   0x000001dc   Code   RO         1705    i.tcp_data          lte_demo.o
    0x0800f03c   0x0800f03c   0x00000148   Code   RO         1061    i.utf16_literal_to_utf8  cjson.o
    0x0800f184   0x0800f184   0x00000050   Code   RO         1706    i.verify_message    lte_demo.o
    0x0800f1d4   0x0800f1d4   0x00000044   Code   RO          847    i.wait_timeout      ec600.o
    0x0800f218   0x0800f218   0x00000054   Code   RO          848    i.wait_timeout_nonblocking  ec600.o
    0x0800f26c   0x0800f26c   0x00000011   Data   RO         1708    .constdata          lte_demo.o
    0x0800f27d   0x0800f27d   0x00000017   Data   RO         1920    .constdata          gaspower.o
    0x0800f294   0x0800f294   0x00000020   Data   RO         4266    .constdata          stm32g0xx_hal_uart.o
    0x0800f2b4   0x0800f2b4   0x00000017   Data   RO         4643    .constdata          stm32g0xx_hal_uart_ex.o
    0x0800f2cb   0x0800f2cb   0x00000001   PAD
    0x0800f2cc   0x0800f2cc   0x00000068   Data   RO         4757    .constdata          system_stm32g0xx.o
    0x0800f334   0x0800f334   0x00000081   Data   RO         5179    .constdata          mc_p.l(ctype_o.o)
    0x0800f3b5   0x0800f3b5   0x00000003   PAD
    0x0800f3b8   0x0800f3b8   0x00000004   Data   RO         5180    .constdata          mc_p.l(ctype_o.o)
    0x0800f3bc   0x0800f3bc   0x00000094   Data   RO          656    .conststring        flash.o
    0x0800f450   0x0800f450   0x00000020   Data   RO         5251    Region$$Table       anon$$obj.o


    Execution Region RW_IRAM1 (Exec base: 0x20000000, Load base: 0x0800f470, Size: 0x00002dc8, Max: 0x00009000, ABSOLUTE, COMPRESSED[0x00000070])

    Exec Addr    Load Addr    Size         Type   Attr      Idx    E Section Name        Object

    0x20000000   COMPRESSED   0x00000022   Data   RW          610    .data               global.o
    0x20000022   COMPRESSED   0x00000001   Data   RW          657    .data               flash.o
    0x20000023   COMPRESSED   0x00000001   PAD
    0x20000024   COMPRESSED   0x00000014   Data   RW          738    .data               serial_transceiver.o
    0x20000038   COMPRESSED   0x00000007   Data   RW          850    .data               ec600.o
    0x2000003f   COMPRESSED   0x00000001   PAD
    0x20000040   COMPRESSED   0x00000014   Data   RW         1063    .data               cjson.o
    0x20000054   COMPRESSED   0x00000006   Data   RW         1632    .data               timer.o
    0x2000005a   COMPRESSED   0x00000002   PAD
    0x2000005c   COMPRESSED   0x00000021   Data   RW         1709    .data               lte_demo.o
    0x2000007d   COMPRESSED   0x00000003   PAD
    0x20000080   COMPRESSED   0x00000081   Data   RW         1861    .data               topic.o
    0x20000101   COMPRESSED   0x00000007   PAD
    0x20000108   COMPRESSED   0x00000042   Data   RW         1921    .data               gaspower.o
    0x2000014a   COMPRESSED   0x00000002   PAD
    0x2000014c   COMPRESSED   0x00000009   Data   RW         2938    .data               stm32g0xx_hal.o
    0x20000155   COMPRESSED   0x00000003   PAD
    0x20000158   COMPRESSED   0x00000004   Data   RW         4758    .data               system_stm32g0xx.o
    0x2000015c   COMPRESSED   0x00000004   Data   RW         4824    .data               mc_p.l(strtok_r.o)
    0x20000160   COMPRESSED   0x00000004   Data   RW         5206    .data               mc_p.l(mvars.o)
    0x20000164   COMPRESSED   0x00000004   Data   RW         5207    .data               mc_p.l(mvars.o)
    0x20000168   COMPRESSED   0x00000004   Data   RW         5211    .data               mc_p.l(errno.o)
    0x2000016c        -       0x00000098   Zero   RW          417    .bss                tim.o
    0x20000204        -       0x00000388   Zero   RW          463    .bss                usart.o
    0x2000058c        -       0x000000ff   Zero   RW          608    .bss                global.o
    0x2000068b        -       0x00000800   Zero   RW          654    .bss                flash.o
    0x20000e8b   COMPRESSED   0x00000001   PAD
    0x20000e8c        -       0x00000e1e   Zero   RW          736    .bss                serial_transceiver.o
    0x20001caa        -       0x00000072   Zero   RW          911    .bss                gas_fifo.o
    0x20001d1c        -       0x00000812   Zero   RW         1707    .bss                lte_demo.o
    0x2000252e        -       0x00000215   Zero   RW         1859    .bss                topic.o
    0x20002743        -       0x00000066   Zero   RW         1919    .bss                gaspower.o
    0x200027a9   COMPRESSED   0x00000003   PAD
    0x200027ac        -       0x0000001c   Zero   RW         2187    .bss                stm32g0xx_hal_flash.o
    0x200027c8        -       0x00000200   Zero   RW            2    HEAP                startup_stm32g070xx.o
    0x200029c8        -       0x00000400   Zero   RW            1    STACK               startup_stm32g070xx.o


==============================================================================

Image component sizes


      Code (inc. data)   RO Data    RW Data    ZI Data      Debug   Object Name

      2954         96          0         20          0      19521   cjson.o
      2068       1168          0          0          0      10619   debug.o
        84          4          0          0          0        730   dma.o
       602        166          0          7          0       4966   ec600.o
      1958        870        148          1       2048       6423   flash.o
       152         16          0          0        114       2475   gas_fifo.o
      2132        276         23         66        102       8183   gaspower.o
       112          8          0         34        255       2969   global.o
       260         16          0          0          0     421270   gpio.o
      6680       1620         17         33       2066      20348   lte_demo.o
       318         52          0          0          0     424038   main.o
       776        182          0         20       3614       8722   serial_transceiver.o
        28          8        184          0       1536        616   startup_stm32g070xx.o
       244         44          0          9          0      16788   stm32g0xx_hal.o
       290         32          0          0          0      12759   stm32g0xx_hal_cortex.o
      1158         40          0          0          0       6357   stm32g0xx_hal_dma.o
       448         50          0          0         28      16238   stm32g0xx_hal_flash.o
       224         24          0          0          0       2334   stm32g0xx_hal_flash_ex.o
       846         40          0          0          0       5598   stm32g0xx_hal_gpio.o
        76          4          0          0          0        806   stm32g0xx_hal_msp.o
        88         12          0          0          0        734   stm32g0xx_hal_pwr_ex.o
      2200         96          0          0          0      20701   stm32g0xx_hal_rcc.o
       516         12          0          0          0       1576   stm32g0xx_hal_rcc_ex.o
      1440         74          0          0          0       9744   stm32g0xx_hal_tim.o
       158         12          0          0          0       2944   stm32g0xx_hal_tim_ex.o
      3966         94         32          0          0      39179   stm32g0xx_hal_uart.o
       544         16         23          0          0       6257   stm32g0xx_hal_uart_ex.o
       100         28          0          0          0       3952   stm32g0xx_it.o
         2          0        104          4          0       1107   system_stm32g0xx.o
       360         44          0          0        152       2271   tim.o
       200         42          0          6          0       1204   timer.o
       936        228          0        129        533       5522   topic.o
      1076         70          0          0        904       3531   usart.o

    ----------------------------------------------------------------------
     33032       5444        564        348      11356    1090482   Object Totals
         0          0         32          0          0          0   (incl. Generated)
        36          0          1         19          4          0   (incl. Padding)

    ----------------------------------------------------------------------

      Code (inc. data)   RO Data    RW Data    ZI Data      Debug   Library Member Name

        28          0          0          0          0         72   strtod.o
        60         10          0          0          0         84   __0sscanf.o
        86          0          0          0          0          0   __dczerorl2.o
        30          0          0          0          0         60   _chval.o
       828         14          0          0          0         84   _scanf.o
       330          0          0          0          0         84   _scanf_int.o
       232          0          0          0          0         84   _scanf_str.o
        68          0          0          0          0         76   _sgetc.o
       166          0          0          0          0         84   _strtoul.o
        26          0          0          0          0         72   atoi.o
         8          4        133          0          0         60   ctype_o.o
         0          0          0          0          0          0   entry.o
         0          0          0          0          0          0   entry10a.o
         0          0          0          0          0          0   entry11a.o
         4          0          0          0          0          0   entry12b.o
         8          4          0          0          0          0   entry2.o
         4          0          0          0          0          0   entry5.o
         0          0          0          0          0          0   entry7b.o
         0          0          0          0          0          0   entry8b.o
         8          4          0          0          0          0   entry9a.o
         8          4          0          4          0         60   errno.o
        30          0          0          0          0          0   handlers.o
        40          0          0          0          0         72   idiv.o
        36          8          0          0          0         68   init.o
        18          0          0          0          0         68   isspace_o.o
         0          0          0          0          0          0   iusefp.o
       122          0          0          0          0         84   llmul.o
        32          0          0          0          0         68   llshl.o
        38          0          0          0          0         68   llsshr.o
        34          0          0          0          0         68   llushr.o
       368         36          0          0          0        308   mallocr.o
        26          0          0          0          0         72   memcmp.o
        36          0          0          0          0         60   memcpya.o
        36          0          0          0          0        100   memseta.o
         0          0          0          8          0          0   mvars.o
      2400        104          0          0          0        696   printfa.o
        44          8          0          0          0         84   scanf_char.o
       898         12          0          0          0        184   scanf_fp.o
        24          0          0          0          0         60   strcat.o
        20          0          0          0          0         60   strchr.o
        28          0          0          0          0         68   strcmp.o
        18          0          0          0          0         60   strcpy.o
        14          0          0          0          0         60   strlen.o
        30          0          0          0          0         72   strncmp.o
        26          0          0          0          0         68   strncpy.o
        40          0          0          0          0         72   strstr.o
       164         16          0          0          0        120   strtod.o
        76          6          0          4          0         88   strtok_r.o
       112          4          0          0          0         76   strtol.o
        12          0          0          0          0         60   tolower.o
        44          0          0          0          0         72   uidiv.o
        96          0          0          0          0         84   uldiv.o
        28          0          0          0          0         68   uread8.o
        30          0          0          0          0         72   uwrite8.o
        40          2          0          0          0         68   cdcmple.o
        40          2          0          0          0         68   cdrcmple.o
        56          0          0          0          0         68   d2f.o
       360          6          0          0          0        140   dadd.o
       240          6          0          0          0         84   ddiv.o
       236          0          0          0          0        216   depilogue.o
        72         10          0          0          0         72   dfixi.o
        60         10          0          0          0         68   dfixui.o
        64         10          0          0          0         68   dfixul.o
        28          6          0          0          0         68   dfltul.o
       208          6          0          0          0         88   dmul.o
       130          0          0          0          0        144   fepilogue.o

    ----------------------------------------------------------------------
      8364        292        136         16          0       5132   Library Totals
        16          0          3          0          0          0   (incl. Padding)

    ----------------------------------------------------------------------

      Code (inc. data)   RO Data    RW Data    ZI Data      Debug   Library Name

        28          0          0          0          0         72   m_ps.l
      6786        234        133         16          0       3908   mc_p.l
      1534         58          0          0          0       1152   mf_p.l

    ----------------------------------------------------------------------
      8364        292        136         16          0       5132   Library Totals

    ----------------------------------------------------------------------

==============================================================================


      Code (inc. data)   RO Data    RW Data    ZI Data      Debug   

     41396       5736        700        364      11356    1083942   Grand Totals
     41396       5736        700        112      11356    1083942   ELF Image Totals (compressed)
     41396       5736        700        112          0          0   ROM Totals

==============================================================================

    Total RO  Size (Code + RO Data)                42096 (  41.11kB)
    Total RW  Size (RW Data + ZI Data)             11720 (  11.45kB)
    Total ROM Size (Code + RO Data + RW Data)      42208 (  41.22kB)

==============================================================================

