Component: ARM Compiler 5.06 update 7 (build 960) Tool: armlink [4d3601]

==============================================================================

Section Cross References

    startup_stm32g070xx.o(RESET) refers to startup_stm32g070xx.o(STACK) for __initial_sp
    startup_stm32g070xx.o(RESET) refers to startup_stm32g070xx.o(.text) for Reset_Handler
    startup_stm32g070xx.o(RESET) refers to stm32g0xx_it.o(i.NMI_Handler) for NMI_Handler
    startup_stm32g070xx.o(RESET) refers to stm32g0xx_it.o(i.HardFault_Handler) for HardFault_Handler
    startup_stm32g070xx.o(RESET) refers to stm32g0xx_it.o(i.SVC_Handler) for SVC_Handler
    startup_stm32g070xx.o(RESET) refers to stm32g0xx_it.o(i.PendSV_Handler) for PendSV_Handler
    startup_stm32g070xx.o(RESET) refers to stm32g0xx_it.o(i.SysTick_Handler) for SysTick_Handler
    startup_stm32g070xx.o(RESET) refers to gaspower.o(i.EXTI4_15_IRQHandler) for EXTI4_15_IRQHandler
    startup_stm32g070xx.o(RESET) refers to stm32g0xx_it.o(i.DMA1_Channel1_IRQHandler) for DMA1_Channel1_IRQHandler
    startup_stm32g070xx.o(RESET) refers to stm32g0xx_it.o(i.DMA1_Channel2_3_IRQHandler) for DMA1_Channel2_3_IRQHandler
    startup_stm32g070xx.o(RESET) refers to stm32g0xx_it.o(i.DMA1_Ch4_7_DMAMUX1_OVR_IRQHandler) for DMA1_Ch4_7_DMAMUX1_OVR_IRQHandler
    startup_stm32g070xx.o(RESET) refers to stm32g0xx_it.o(i.TIM1_BRK_UP_TRG_COM_IRQHandler) for TIM1_BRK_UP_TRG_COM_IRQHandler
    startup_stm32g070xx.o(RESET) refers to serial_transceiver.o(i.USART1_IRQHandler) for USART1_IRQHandler
    startup_stm32g070xx.o(RESET) refers to serial_transceiver.o(i.USART2_IRQHandler) for USART2_IRQHandler
    startup_stm32g070xx.o(RESET) refers to serial_transceiver.o(i.USART3_4_IRQHandler) for USART3_4_IRQHandler
    startup_stm32g070xx.o(.text) refers to system_stm32g0xx.o(i.SystemInit) for SystemInit
    startup_stm32g070xx.o(.text) refers to entry.o(.ARM.Collect$$$$00000000) for __main
    main.o(i.SystemClock_Config) refers to memseta.o(.text) for __aeabi_memclr4
    main.o(i.SystemClock_Config) refers to stm32g0xx_hal_pwr_ex.o(i.HAL_PWREx_ControlVoltageScaling) for HAL_PWREx_ControlVoltageScaling
    main.o(i.SystemClock_Config) refers to stm32g0xx_hal_rcc.o(i.HAL_RCC_OscConfig) for HAL_RCC_OscConfig
    main.o(i.SystemClock_Config) refers to main.o(i.Error_Handler) for Error_Handler
    main.o(i.SystemClock_Config) refers to stm32g0xx_hal_rcc.o(i.HAL_RCC_ClockConfig) for HAL_RCC_ClockConfig
    main.o(i.main) refers to stm32g0xx_hal.o(i.HAL_Init) for HAL_Init
    main.o(i.main) refers to main.o(i.SystemClock_Config) for SystemClock_Config
    main.o(i.main) refers to gpio.o(i.MX_GPIO_Init) for MX_GPIO_Init
    main.o(i.main) refers to dma.o(i.MX_DMA_Init) for MX_DMA_Init
    main.o(i.main) refers to tim.o(i.MX_TIM1_Init) for MX_TIM1_Init
    main.o(i.main) refers to usart.o(i.MX_USART1_UART_Init) for MX_USART1_UART_Init
    main.o(i.main) refers to usart.o(i.MX_USART2_UART_Init) for MX_USART2_UART_Init
    main.o(i.main) refers to usart.o(i.MX_USART3_UART_Init) for MX_USART3_UART_Init
    main.o(i.main) refers to tim.o(i.MX_TIM3_Init) for MX_TIM3_Init
    main.o(i.main) refers to stm32g0xx_hal_tim.o(i.HAL_TIM_Base_Start_IT) for HAL_TIM_Base_Start_IT
    main.o(i.main) refers to stm32g0xx_hal_tim.o(i.HAL_TIM_Base_Start) for HAL_TIM_Base_Start
    main.o(i.main) refers to serial_transceiver.o(i.USART_DMAstart) for USART_DMAstart
    main.o(i.main) refers to flash.o(i.Init_Flash) for Init_Flash
    main.o(i.main) refers to serial_transceiver.o(i.debug_printf) for debug_printf
    main.o(i.main) refers to linked_list.o(i.initLinkedList) for initLinkedList
    main.o(i.main) refers to debug.o(i.Handle_Debug) for Handle_Debug
    main.o(i.main) refers to flash.o(i.Handle_Flash) for Handle_Flash
    main.o(i.main) refers to gaspower.o(i.Handle_Gaspower) for Handle_Gaspower
    main.o(i.main) refers to gaspower.o(i.Handle_GasCost) for Handle_GasCost
    main.o(i.main) refers to topic.o(i.Handle_topic) for Handle_topic
    main.o(i.main) refers to lte_demo.o(i.Handle_Lte) for Handle_Lte
    main.o(i.main) refers to temper_control.o(i.Handle_Temper_Crontrol) for Handle_Temper_Crontrol
    main.o(i.main) refers to rtc.o(i.updateTime) for updateTime
    main.o(i.main) refers to tim.o(.bss) for htim1
    main.o(i.main) refers to global.o(.data) for OTA_store_addr
    main.o(i.main) refers to linked_list.o(.data) for Linked_List
    gpio.o(i.MX_GPIO_Init) refers to memseta.o(.text) for __aeabi_memclr4
    gpio.o(i.MX_GPIO_Init) refers to stm32g0xx_hal_gpio.o(i.HAL_GPIO_WritePin) for HAL_GPIO_WritePin
    gpio.o(i.MX_GPIO_Init) refers to stm32g0xx_hal_gpio.o(i.HAL_GPIO_Init) for HAL_GPIO_Init
    gpio.o(i.MX_GPIO_Init) refers to stm32g0xx_hal_cortex.o(i.HAL_NVIC_SetPriority) for HAL_NVIC_SetPriority
    gpio.o(i.MX_GPIO_Init) refers to stm32g0xx_hal_cortex.o(i.HAL_NVIC_EnableIRQ) for HAL_NVIC_EnableIRQ
    gpio.o(i.SetPinMode) refers to memseta.o(.text) for __aeabi_memclr4
[...]
    DMA1_Channel2_3_IRQHandler               0x080066e9   Thumb Code    16  stm32g0xx_it.o(i.DMA1_Channel2_3_IRQHandler)
    Debug_Usart_Read                         0x080067a9   Thumb Code    18  serial_transceiver.o(i.Debug_Usart_Read)
    EC600_Usart_Read                         0x080067c1   Thumb Code    18  serial_transceiver.o(i.EC600_Usart_Read)
    EC600_Usart_Send                         0x080067d9   Thumb Code    28  serial_transceiver.o(i.EC600_Usart_Send)
    EXTI4_15_IRQHandler                      0x080067fd   Thumb Code   104  gaspower.o(i.EXTI4_15_IRQHandler)
    Error_Handler                            0x0800687d   Thumb Code     6  main.o(i.Error_Handler)
    Extract_QCCID                            0x08006885   Thumb Code    50  lte_demo.o(i.Extract_QCCID)
    FLASH_PageErase                          0x080068dd   Thumb Code    32  stm32g0xx_hal_flash_ex.o(i.FLASH_PageErase)
    FLASH_WaitForLastOperation               0x08006981   Thumb Code   104  stm32g0xx_hal_flash.o(i.FLASH_WaitForLastOperation)
    Flash_Factory                            0x080069f5   Thumb Code   144  flash.o(i.Flash_Factory)
    GasFiFo_Push                             0x08006c3d   Thumb Code    54  gas_fifo.o(i.GasFiFo_Push)
    GasFifo_Pop                              0x08006c79   Thumb Code    58  gas_fifo.o(i.GasFifo_Pop)
    GasFifo_Size                             0x08006cb9   Thumb Code    24  gas_fifo.o(i.GasFifo_Size)
    GasPower_Rapid_Reply                     0x08006cd5   Thumb Code    12  topic.o(i.GasPower_Rapid_Reply)
    Gaspower_Command                         0x08006ce5   Thumb Code   208  gaspower.o(i.Gaspower_Command)
    GaspsendBoot                             0x08006dc1   Thumb Code   144  gaspower.o(i.GaspsendBoot)
    Gaspsendbit                              0x08006e69   Thumb Code   220  gaspower.o(i.Gaspsendbit)
    Gateway_Usart_Read                       0x08006f59   Thumb Code    30  serial_transceiver.o(i.Gateway_Usart_Read)
    Gateway_Usart_Send                       0x08006f7d   Thumb Code    32  serial_transceiver.o(i.Gateway_Usart_Send)
    HAL_DMA_Abort                            0x08006fa9   Thumb Code   146  stm32g0xx_hal_dma.o(i.HAL_DMA_Abort)
    HAL_DMA_Abort_IT                         0x08007041   Thumb Code   144  stm32g0xx_hal_dma.o(i.HAL_DMA_Abort_IT)
    HAL_DMA_GetError                         0x080070d5   Thumb Code     6  stm32g0xx_hal_dma.o(i.HAL_DMA_GetError)
    HAL_DMA_IRQHandler                       0x080070dd   Thumb Code   282  stm32g0xx_hal_dma.o(i.HAL_DMA_IRQHandler)
    HAL_DMA_Init                             0x080071fd   Thumb Code   182  stm32g0xx_hal_dma.o(i.HAL_DMA_Init)
    HAL_DMA_Start_IT                         0x080072bd   Thumb Code   204  stm32g0xx_hal_dma.o(i.HAL_DMA_Start_IT)
    HAL_Delay                                0x08007389   Thumb Code    38  stm32g0xx_hal.o(i.HAL_Delay)
    HAL_FLASHEx_Erase                        0x080073b5   Thumb Code   150  stm32g0xx_hal_flash_ex.o(i.HAL_FLASHEx_Erase)
    HAL_FLASH_Lock                           0x08007455   Thumb Code    30  stm32g0xx_hal_flash.o(i.HAL_FLASH_Lock)
    HAL_FLASH_Program                        0x08007479   Thumb Code   110  stm32g0xx_hal_flash.o(i.HAL_FLASH_Program)
    HAL_FLASH_Unlock                         0x080074f1   Thumb Code    40  stm32g0xx_hal_flash.o(i.HAL_FLASH_Unlock)
    HAL_GPIO_DeInit                          0x08007525   Thumb Code   252  stm32g0xx_hal_gpio.o(i.HAL_GPIO_DeInit)
    HAL_GPIO_EXTI_Falling_Callback           0x08007631   Thumb Code     2  stm32g0xx_hal_gpio.o(i.HAL_GPIO_EXTI_Falling_Callback)
    HAL_GPIO_EXTI_IRQHandler                 0x08007635   Thumb Code    46  stm32g0xx_hal_gpio.o(i.HAL_GPIO_EXTI_IRQHandler)
    HAL_GPIO_EXTI_Rising_Callback            0x08007669   Thumb Code     2  stm32g0xx_hal_gpio.o(i.HAL_GPIO_EXTI_Rising_Callback)
    HAL_GPIO_Init                            0x0800766d   Thumb Code   454  stm32g0xx_hal_gpio.o(i.HAL_GPIO_Init)
    HAL_GPIO_ReadPin                         0x08007845   Thumb Code    18  stm32g0xx_hal_gpio.o(i.HAL_GPIO_ReadPin)
    HAL_GPIO_TogglePin                       0x08007857   Thumb Code    20  stm32g0xx_hal_gpio.o(i.HAL_GPIO_TogglePin)
    HAL_GPIO_WritePin                        0x0800786b   Thumb Code    12  stm32g0xx_hal_gpio.o(i.HAL_GPIO_WritePin)
    HAL_GetTick                              0x08007879   Thumb Code     6  stm32g0xx_hal.o(i.HAL_GetTick)
    HAL_IncTick                              0x08007885   Thumb Code    16  stm32g0xx_hal.o(i.HAL_IncTick)
    HAL_Init                                 0x0800789d   Thumb Code    40  stm32g0xx_hal.o(i.HAL_Init)
    HAL_InitTick                             0x080078c9   Thumb Code    82  stm32g0xx_hal.o(i.HAL_InitTick)
    HAL_MspInit                              0x08007929   Thumb Code    72  stm32g0xx_hal_msp.o(i.HAL_MspInit)
    HAL_NVIC_DisableIRQ                      0x08007975   Thumb Code    54  stm32g0xx_hal_cortex.o(i.HAL_NVIC_DisableIRQ)
    HAL_NVIC_EnableIRQ                       0x080079b1   Thumb Code    30  stm32g0xx_hal_cortex.o(i.HAL_NVIC_EnableIRQ)
    HAL_NVIC_SetPriority                     0x080079d5   Thumb Code    18  stm32g0xx_hal_cortex.o(i.HAL_NVIC_SetPriority)
    HAL_PWREx_ControlVoltageScaling          0x080079e9   Thumb Code    76  stm32g0xx_hal_pwr_ex.o(i.HAL_PWREx_ControlVoltageScaling)
    HAL_RCCEx_PeriphCLKConfig                0x08007a41   Thumb Code   504  stm32g0xx_hal_rcc_ex.o(i.HAL_RCCEx_PeriphCLKConfig)
    HAL_RCC_ClockConfig                      0x08007c45   Thumb Code   442  stm32g0xx_hal_rcc.o(i.HAL_RCC_ClockConfig)
    HAL_RCC_GetHCLKFreq                      0x08007e19   Thumb Code     6  stm32g0xx_hal_rcc.o(i.HAL_RCC_GetHCLKFreq)
    HAL_RCC_GetPCLK1Freq                     0x08007e25   Thumb Code    32  stm32g0xx_hal_rcc.o(i.HAL_RCC_GetPCLK1Freq)
    HAL_RCC_GetSysClockFreq                  0x08007e4d   Thumb Code   216  stm32g0xx_hal_rcc.o(i.HAL_RCC_GetSysClockFreq)
    HAL_RCC_OscConfig                        0x08007f31   Thumb Code  1434  stm32g0xx_hal_rcc.o(i.HAL_RCC_OscConfig)
    HAL_RS485Ex_Init                         0x080084dd   Thumb Code   154  stm32g0xx_hal_uart_ex.o(i.HAL_RS485Ex_Init)
    HAL_SYSCFG_StrobeDBattpinsConfig         0x0800857d   Thumb Code    18  stm32g0xx_hal.o(i.HAL_SYSCFG_StrobeDBattpinsConfig)
    HAL_SYSTICK_Config                       0x08008595   Thumb Code    46  stm32g0xx_hal_cortex.o(i.HAL_SYSTICK_Config)
    HAL_TIMEx_Break2Callback                 0x080085cd   Thumb Code     2  stm32g0xx_hal_tim_ex.o(i.HAL_TIMEx_Break2Callback)
    HAL_TIMEx_BreakCallback                  0x080085cf   Thumb Code     2  stm32g0xx_hal_tim_ex.o(i.HAL_TIMEx_BreakCallback)
    HAL_TIMEx_CommutCallback                 0x080085d1   Thumb Code     2  stm32g0xx_hal_tim_ex.o(i.HAL_TIMEx_CommutCallback)
    HAL_TIMEx_MasterConfigSynchronization    0x080085d5   Thumb Code   140  stm32g0xx_hal_tim_ex.o(i.HAL_TIMEx_MasterConfigSynchronization)
    HAL_TIM_Base_Init                        0x0800866d   Thumb Code   108  stm32g0xx_hal_tim.o(i.HAL_TIM_Base_Init)
    HAL_TIM_Base_MspInit                     0x080086d9   Thumb Code   100  tim.o(i.HAL_TIM_Base_MspInit)
    HAL_TIM_Base_Start                       0x08008749   Thumb Code    92  stm32g0xx_hal_tim.o(i.HAL_TIM_Base_Start)
    HAL_TIM_Base_Start_IT                    0x080087b5   Thumb Code   104  stm32g0xx_hal_tim.o(i.HAL_TIM_Base_Start_IT)
    HAL_TIM_ConfigClockSource                0x0800882d   Thumb Code   276  stm32g0xx_hal_tim.o(i.HAL_TIM_ConfigClockSource)
    HAL_TIM_IC_CaptureCallback               0x08008945   Thumb Code     2  stm32g0xx_hal_tim.o(i.HAL_TIM_IC_CaptureCallback)
    HAL_TIM_IRQHandler                       0x08008949   Thumb Code   498  stm32g0xx_hal_tim.o(i.HAL_TIM_IRQHandler)
    HAL_TIM_OC_DelayElapsedCallback          0x08008b41   Thumb Code     2  stm32g0xx_hal_tim.o(i.HAL_TIM_OC_DelayElapsedCallback)
    HAL_TIM_PWM_PulseFinishedCallback        0x08008b43   Thumb Code     2  stm32g0xx_hal_tim.o(i.HAL_TIM_PWM_PulseFinishedCallback)
    HAL_TIM_PeriodElapsedCallback            0x08008b45   Thumb Code   310  timer.o(i.HAL_TIM_PeriodElapsedCallback)
    HAL_TIM_TriggerCallback                  0x08008cc5   Thumb Code     2  stm32g0xx_hal_tim.o(i.HAL_TIM_TriggerCallback)
    HAL_UARTEx_DisableFifoMode               0x08008cc7   Thumb Code    84  stm32g0xx_hal_uart_ex.o(i.HAL_UARTEx_DisableFifoMode)
    HAL_UARTEx_RxEventCallback               0x08008d1b   Thumb Code     2  stm32g0xx_hal_uart.o(i.HAL_UARTEx_RxEventCallback)
    HAL_UARTEx_RxFifoFullCallback            0x08008d1d   Thumb Code     2  stm32g0xx_hal_uart_ex.o(i.HAL_UARTEx_RxFifoFullCallback)
    HAL_UARTEx_SetRxFifoThreshold            0x08008d1f   Thumb Code    96  stm32g0xx_hal_uart_ex.o(i.HAL_UARTEx_SetRxFifoThreshold)
    HAL_UARTEx_SetTxFifoThreshold            0x08008d7f   Thumb Code    94  stm32g0xx_hal_uart_ex.o(i.HAL_UARTEx_SetTxFifoThreshold)
    HAL_UARTEx_TxFifoEmptyCallback           0x08008ddd   Thumb Code     2  stm32g0xx_hal_uart_ex.o(i.HAL_UARTEx_TxFifoEmptyCallback)
    HAL_UARTEx_WakeupCallback                0x08008ddf   Thumb Code     2  stm32g0xx_hal_uart_ex.o(i.HAL_UARTEx_WakeupCallback)
    HAL_UART_DMAStop                         0x08008de1   Thumb Code   206  stm32g0xx_hal_uart.o(i.HAL_UART_DMAStop)
    HAL_UART_ErrorCallback                   0x08008eaf   Thumb Code     2  stm32g0xx_hal_uart.o(i.HAL_UART_ErrorCallback)
    HAL_UART_IRQHandler                      0x08008eb1   Thumb Code  1094  stm32g0xx_hal_uart.o(i.HAL_UART_IRQHandler)
    HAL_UART_Init                            0x080092f7   Thumb Code   130  stm32g0xx_hal_uart.o(i.HAL_UART_Init)
    HAL_UART_MspInit                         0x08009379   Thumb Code   788  usart.o(i.HAL_UART_MspInit)
    HAL_UART_Receive_DMA                     0x080096bd   Thumb Code   126  stm32g0xx_hal_uart.o(i.HAL_UART_Receive_DMA)
    HAL_UART_RxCpltCallback                  0x0800973b   Thumb Code     2  stm32g0xx_hal_uart.o(i.HAL_UART_RxCpltCallback)
    HAL_UART_RxHalfCpltCallback              0x0800973d   Thumb Code     2  stm32g0xx_hal_uart.o(i.HAL_UART_RxHalfCpltCallback)
    HAL_UART_Transmit_DMA                    0x08009741   Thumb Code   192  stm32g0xx_hal_uart.o(i.HAL_UART_Transmit_DMA)
    HAL_UART_TxCpltCallback                  0x0800980d   Thumb Code    40  serial_transceiver.o(i.HAL_UART_TxCpltCallback)
    HAL_UART_TxHalfCpltCallback              0x08009841   Thumb Code     2  stm32g0xx_hal_uart.o(i.HAL_UART_TxHalfCpltCallback)
    Handle_Debug                             0x08009845   Thumb Code  2180  debug.o(i.Handle_Debug)
    Handle_Flash                             0x0800a2bd   Thumb Code    52  flash.o(i.Handle_Flash)
    Handle_GasCost                           0x0800a339   Thumb Code   464  gaspower.o(i.Handle_GasCost)
    Handle_Gaspower                          0x0800a521   Thumb Code   750  gaspower.o(i.Handle_Gaspower)
    Handle_Lte                               0x0800a87d   Thumb Code   400  lte_demo.o(i.Handle_Lte)
    Handle_Temper_Crontrol                   0x0800aa65   Thumb Code    56  temper_control.o(i.Handle_Temper_Crontrol)
    Handle_topic                             0x0800aab1   Thumb Code   554  topic.o(i.Handle_topic)
    HardFault_Handler                        0x0800ad1d   Thumb Code     4  stm32g0xx_it.o(i.HardFault_Handler)
    Init_Flash                               0x0800ad21   Thumb Code   360  flash.o(i.Init_Flash)
    MX_DMA_Init                              0x0800b00d   Thumb Code    80  dma.o(i.MX_DMA_Init)
    MX_GPIO_Init                             0x0800b061   Thumb Code   144  gpio.o(i.MX_GPIO_Init)
    MX_TIM1_Init                             0x0800b0fd   Thumb Code   110  tim.o(i.MX_TIM1_Init)
    MX_TIM3_Init                             0x0800b179   Thumb Code   106  tim.o(i.MX_TIM3_Init)
    MX_USART1_UART_Init                      0x0800b1f5   Thumb Code   106  usart.o(i.MX_USART1_UART_Init)
    MX_USART2_UART_Init                      0x0800b269   Thumb Code   112  usart.o(i.MX_USART2_UART_Init)
    MX_USART3_UART_Init                      0x0800b2e1   Thumb Code    60  usart.o(i.MX_USART3_UART_Init)
    MqttTopicFiFoPop                         0x0800b325   Thumb Code    58  topic_fifo.o(i.MqttTopicFiFoPop)
    MqttTopicFiFoPush                        0x0800b365   Thumb Code    80  topic_fifo.o(i.MqttTopicFiFoPush)
    MqttTopicFiFoSize                        0x0800b3b9   Thumb Code    24  topic_fifo.o(i.MqttTopicFiFoSize)
    NMI_Handler                              0x0800b3d5   Thumb Code     4  stm32g0xx_it.o(i.NMI_Handler)
    PendSV_Handler                           0x0800b3d9   Thumb Code     2  stm32g0xx_it.o(i.PendSV_Handler)
    SVC_Handler                              0x0800b3db   Thumb Code     2  stm32g0xx_it.o(i.SVC_Handler)
    SendDataAsHex                            0x0800b3dd   Thumb Code    34  serial_transceiver.o(i.SendDataAsHex)
    SetPinMode                               0x0800b40d   Thumb Code   100  gpio.o(i.SetPinMode)
    SysTick_Handler                          0x0800b475   Thumb Code     8  stm32g0xx_it.o(i.SysTick_Handler)
    SystemClock_Config                       0x0800b47d   Thumb Code   124  main.o(i.SystemClock_Config)
    SystemInit                               0x0800b4f9   Thumb Code     2  system_stm32g0xx.o(i.SystemInit)
    TIM1_BRK_UP_TRG_COM_IRQHandler           0x0800b4fd   Thumb Code    10  stm32g0xx_it.o(i.TIM1_BRK_UP_TRG_COM_IRQHandler)
    TIM_Base_SetConfig                       0x0800b50d   Thumb Code   134  stm32g0xx_hal_tim.o(i.TIM_Base_SetConfig)
    TIM_ETR_SetConfig                        0x0800b5ad   Thumb Code    28  stm32g0xx_hal_tim.o(i.TIM_ETR_SetConfig)
    TemperFiFoPop                            0x0800b645   Thumb Code    54  temper_fifo.o(i.TemperFiFoPop)
    TemperFiFoPush                           0x0800b681   Thumb Code    50  temper_fifo.o(i.TemperFiFoPush)
    TemperFiFoSize                           0x0800b6b9   Thumb Code    24  temper_fifo.o(i.TemperFiFoSize)
    Temper_Rapid_Reply                       0x0800b6d5   Thumb Code    14  topic.o(i.Temper_Rapid_Reply)
    UART_AdvFeatureConfig                    0x0800b751   Thumb Code   240  stm32g0xx_hal_uart.o(i.UART_AdvFeatureConfig)
    UART_CheckIdleState                      0x0800b841   Thumb Code   118  stm32g0xx_hal_uart.o(i.UART_CheckIdleState)
    UART_SetConfig                           0x0800bba5   Thumb Code   520  stm32g0xx_hal_uart.o(i.UART_SetConfig)
    UART_Start_Receive_DMA                   0x0800bdd5   Thumb Code   218  stm32g0xx_hal_uart.o(i.UART_Start_Receive_DMA)
    UART_WaitOnFlagUntilTimeout              0x0800bebd   Thumb Code   288  stm32g0xx_hal_uart.o(i.UART_WaitOnFlagUntilTimeout)
    USART1_IRQHandler                        0x0800bfdd   Thumb Code   106  serial_transceiver.o(i.USART1_IRQHandler)
    USART2_IRQHandler                        0x0800c065   Thumb Code    72  serial_transceiver.o(i.USART2_IRQHandler)
    USART3_4_IRQHandler                      0x0800c0c1   Thumb Code    72  serial_transceiver.o(i.USART3_4_IRQHandler)
    USART_DMAstart                           0x0800c11d   Thumb Code    92  serial_transceiver.o(i.USART_DMAstart)
    __0snprintf                              0x0800c195   Thumb Code    50  printfa.o(i.__0snprintf)
    __1snprintf                              0x0800c195   Thumb Code     0  printfa.o(i.__0snprintf)
    __2snprintf                              0x0800c195   Thumb Code     0  printfa.o(i.__0snprintf)
    __c89snprintf                            0x0800c195   Thumb Code     0  printfa.o(i.__0snprintf)
    snprintf                                 0x0800c195   Thumb Code     0  printfa.o(i.__0snprintf)
    __0sprintf                               0x0800c1cd   Thumb Code    36  printfa.o(i.__0sprintf)
    __1sprintf                               0x0800c1cd   Thumb Code     0  printfa.o(i.__0sprintf)
    __2sprintf                               0x0800c1cd   Thumb Code     0  printfa.o(i.__0sprintf)
    __c89sprintf                             0x0800c1cd   Thumb Code     0  printfa.o(i.__0sprintf)
    sprintf                                  0x0800c1cd   Thumb Code     0  printfa.o(i.__0sprintf)
    __0vsnprintf                             0x0800c1f5   Thumb Code    44  printfa.o(i.__0vsnprintf)
    __1vsnprintf                             0x0800c1f5   Thumb Code     0  printfa.o(i.__0vsnprintf)
    __2vsnprintf                             0x0800c1f5   Thumb Code     0  printfa.o(i.__0vsnprintf)
    __c89vsnprintf                           0x0800c1f5   Thumb Code     0  printfa.o(i.__0vsnprintf)
    vsnprintf                                0x0800c1f5   Thumb Code     0  printfa.o(i.__0vsnprintf)
    __ARM_clz                                0x0800c225   Thumb Code    46  depilogue.o(i.__ARM_clz)
    __ARM_common_switch8                     0x0800c253   Thumb Code    28  cjson.o(i.__ARM_common_switch8)
    __aeabi_errno_addr                       0x0800c31d   Thumb Code     4  errno.o(i.__aeabi_errno_addr)
    __rt_errno_addr                          0x0800c31d   Thumb Code     0  errno.o(i.__aeabi_errno_addr)
    free                                     0x0800c325   Thumb Code    94  mallocr.o(i.__free$realloc)
    malloc                                   0x0800c391   Thumb Code    54  mallocr.o(i.__malloc$realloc)
    __scatterload_copy                       0x0800c3d9   Thumb Code    14  handlers.o(i.__scatterload_copy)
    __scatterload_null                       0x0800c3e7   Thumb Code     2  handlers.o(i.__scatterload_null)
    __scatterload_zeroinit                   0x0800c3e9   Thumb Code    14  handlers.o(i.__scatterload_zeroinit)
    _is_digit                                0x0800c571   Thumb Code    14  scanf_fp.o(i._is_digit)
    addDevice                                0x0800ccdd   Thumb Code    42  linked_list.o(i.addDevice)
    addMissingDevices                        0x0800cd07   Thumb Code    70  temper_control.o(i.addMissingDevices)
    append_int_as_str                        0x0800ce11   Thumb Code    26  topic.o(i.append_int_as_str)
    base_command_construct                   0x0800ce31   Thumb Code   104  temper_control.o(i.base_command_construct)
    bk_flash_Read_uint8                      0x0800ced1   Thumb Code    50  flash.o(i.bk_flash_Read_uint8)
    bk_flash_WriteOnePage_uint8              0x0800cf09   Thumb Code   444  flash.o(i.bk_flash_WriteOnePage_uint8)
    build_add_del_json                       0x0800d121   Thumb Code    86  topic.o(i.build_add_del_json)
    build_idlist_json                        0x0800d19d   Thumb Code    90  topic.o(i.build_idlist_json)
    build_message                            0x0800d219   Thumb Code   150  topic.o(i.build_message)
    build_online_json                        0x0800d329   Thumb Code   106  topic.o(i.build_online_json)
    build_status_json                        0x0800d3bd   Thumb Code   244  topic.o(i.build_status_json)
    build_temper_json                        0x0800d4fd   Thumb Code   124  topic.o(i.build_temper_json)
    build_topic                              0x0800d591   Thumb Code   128  topic.o(i.build_topic)
    cJSON_AddItemToArray                     0x0800d63d   Thumb Code    16  cjson.o(i.cJSON_AddItemToArray)
    cJSON_AddItemToObject                    0x0800d64d   Thumb Code    26  cjson.o(i.cJSON_AddItemToObject)
    cJSON_AddNumberToObject                  0x0800d66d   Thumb Code    54  cjson.o(i.cJSON_AddNumberToObject)
    cJSON_AddStringToObject                  0x0800d6a9   Thumb Code    50  cjson.o(i.cJSON_AddStringToObject)
    cJSON_CreateArray                        0x0800d6e1   Thumb Code    22  cjson.o(i.cJSON_CreateArray)
    cJSON_CreateNumber                       0x0800d6fd   Thumb Code    82  cjson.o(i.cJSON_CreateNumber)
    cJSON_CreateObject                       0x0800d765   Thumb Code    22  cjson.o(i.cJSON_CreateObject)
    cJSON_CreateString                       0x0800d781   Thumb Code    50  cjson.o(i.cJSON_CreateString)
    cJSON_Delete                             0x0800d7b9   Thumb Code   102  cjson.o(i.cJSON_Delete)
    cJSON_GetErrorPtr                        0x0800d825   Thumb Code    12  cjson.o(i.cJSON_GetErrorPtr)
    cJSON_GetObjectItem                      0x0800d835   Thumb Code    18  cjson.o(i.cJSON_GetObjectItem)
    cJSON_GetObjectItemCaseSensitive         0x0800d847   Thumb Code    18  cjson.o(i.cJSON_GetObjectItemCaseSensitive)
    cJSON_IsNumber                           0x0800d859   Thumb Code    22  cjson.o(i.cJSON_IsNumber)
    cJSON_IsObject                           0x0800d86f   Thumb Code    22  cjson.o(i.cJSON_IsObject)
    cJSON_IsString                           0x0800d885   Thumb Code    22  cjson.o(i.cJSON_IsString)
    cJSON_Parse                              0x0800d8b7   Thumb Code    16  cjson.o(i.cJSON_Parse)
    cJSON_ParseWithLengthOpts                0x0800d8c9   Thumb Code   218  cjson.o(i.cJSON_ParseWithLengthOpts)
    cJSON_ParseWithOpts                      0x0800d9ad   Thumb Code    36  cjson.o(i.cJSON_ParseWithOpts)
    cJSON_PrintPreallocated                  0x0800d9d1   Thumb Code    66  cjson.o(i.cJSON_PrintPreallocated)
    calculate_checksum                       0x0800da4d   Thumb Code    42  global.o(i.calculate_checksum)
    clear_buffer                             0x0800dac5   Thumb Code    16  topic.o(i.clear_buffer)
    construct_04_delete_subdevice_param      0x0800db4d   Thumb Code    62  temper_control.o(i.construct_04_delete_subdevice_param)
    construct_06_cmd_param                   0x0800db8d   Thumb Code   244  temper_control.o(i.construct_06_cmd_param)
    construct_08_local_time                  0x0800dc85   Thumb Code    96  temper_control.o(i.construct_08_local_time)
    construct_0c_net_status                  0x0800dcf5   Thumb Code    36  temper_control.o(i.construct_0c_net_status)
    construct_nomarl_param                   0x0800dd1d   Thumb Code    28  temper_control.o(i.construct_nomarl_param)
    construct_revmessage                     0x0800dd3d   Thumb Code    66  lte_demo.o(i.construct_revmessage)
    construct_send_command_to_fifo           0x0800dd89   Thumb Code    76  temper_control.o(i.construct_send_command_to_fifo)
    createDevice                             0x0800ddd9   Thumb Code    62  linked_list.o(i.createDevice)
    debug_printf                             0x0800de1d   Thumb Code   126  serial_transceiver.o(i.debug_printf)
    deleteDevice                             0x0800debd   Thumb Code    68  linked_list.o(i.deleteDevice)
    extractNumber                            0x0800dfc9   Thumb Code    32  global.o(i.extractNumber)
    f                                        0x0800dfe9   Thumb Code     8  gaspower.o(i.f)
    fat_cmdres_keyword_matching              0x0800e005   Thumb Code    58  ec600.o(i.fat_cmdres_keyword_matching)
    fat_send_wait_cmdres_blocking            0x0800e05d   Thumb Code    80  ec600.o(i.fat_send_wait_cmdres_blocking)
    fat_send_wait_cmdres_nonblocking         0x0800e0d1   Thumb Code    88  ec600.o(i.fat_send_wait_cmdres_nonblocking)
    fat_tim_proc                             0x0800e151   Thumb Code    44  ec600.o(i.fat_tim_proc)
    fat_uart_clean                           0x0800e18d   Thumb Code    22  ec600.o(i.fat_uart_clean)
    fat_uart_send_str                        0x0800e1a9   Thumb Code    30  ec600.o(i.fat_uart_send_str)
    findDevice                               0x0800e1c7   Thumb Code    38  linked_list.o(i.findDevice)
    flush_buffer_to_flash                    0x0800e1ed   Thumb Code    50  flash.o(i.flush_buffer_to_flash)
    gateway_receive_command                  0x0800e221   Thumb Code   132  temper_control.o(i.gateway_receive_command)
    handle_Fixed_Convert                     0x0800e319   Thumb Code   378  lte_demo.o(i.handle_Fixed_Convert)
    handle_control                           0x0800e539   Thumb Code    72  lte_demo.o(i.handle_control)
    handle_subid                             0x0800e585   Thumb Code    64  lte_demo.o(i.handle_subid)
    initLinkedList                           0x0800e5c5   Thumb Code     8  linked_list.o(i.initLinkedList)
    main                                     0x0800e61d   Thumb Code   150  main.o(i.main)
    match_csq                                0x0800e6ed   Thumb Code   110  lte_demo.o(i.match_csq)
    module_flightmode                        0x0800e765   Thumb Code   232  lte_demo.o(i.module_flightmode)
    module_is_ready                          0x0800e8b9   Thumb Code   300  lte_demo.o(i.module_is_ready)
    module_reset                             0x0800ea51   Thumb Code   108  lte_demo.o(i.module_reset)
    mqtt_connect_parm_init                   0x0800eac5   Thumb Code   396  lte_demo.o(i.mqtt_connect_parm_init)
    mqtt_data                                0x0800ed59   Thumb Code   498  lte_demo.o(i.mqtt_data)
    ota_json_to_serverip                     0x0800efe9   Thumb Code   142  lte_demo.o(i.ota_json_to_serverip)
    ote_transport_protocol                   0x0800f0d5   Thumb Code   346  lte_demo.o(i.ote_transport_protocol)
    parse_07_datapoints                      0x0800f265   Thumb Code   180  temper_control.o(i.parse_07_datapoints)
    parse_0A_query_subdevice_list            0x0800f319   Thumb Code   284  temper_control.o(i.parse_0A_query_subdevice_list)
    parse_0B_report_online                   0x0800f435   Thumb Code    92  temper_control.o(i.parse_0B_report_online)
    parse_fixed_json                         0x0800f599   Thumb Code   246  lte_demo.o(i.parse_fixed_json)
    parse_variable_json                      0x0800fcc1   Thumb Code   378  lte_demo.o(i.parse_variable_json)
    process_command_response                 0x08010501   Thumb Code   102  temper_control.o(i.process_command_response)
    process_messages                         0x08010575   Thumb Code   218  lte_demo.o(i.process_messages)
    process_unsolicited_message              0x080106b5   Thumb Code   184  temper_control.o(i.process_unsolicited_message)
    realloc                                  0x0801077d   Thumb Code   110  mallocr.o(i.realloc)
    removeExtraDevices                       0x080107f1   Thumb Code   126  temper_control.o(i.removeExtraDevices)
    remove_spaces                            0x08010881   Thumb Code    50  topic.o(i.remove_spaces)
    save_ota_file                            0x080108b5   Thumb Code   316  lte_demo.o(i.save_ota_file)
    send_at_and_check                        0x08010a31   Thumb Code    68  lte_demo.o(i.send_at_and_check)
    send_command_with_wait                   0x08010a7d   Thumb Code   294  temper_control.o(i.send_command_with_wait)
    setTemperCommand                         0x08010bd5   Thumb Code    16  temper_fifo.o(i.setTemperCommand)
    stringToUint16                           0x08010c2d   Thumb Code    48  global.o(i.stringToUint16)
    strtod                                   0x08010c5d   Thumb Code    28  strtod.o(i.strtod)
    sub_id_to_str                            0x08010c79   Thumb Code    28  topic.o(i.sub_id_to_str)
    tcp_connet_parm_init                     0x08010cb1   Thumb Code   340  lte_demo.o(i.tcp_connet_parm_init)
    tcp_data                                 0x08010e95   Thumb Code   392  lte_demo.o(i.tcp_data)
    traverseDevices                          0x08011071   Thumb Code   102  linked_list.o(i.traverseDevices)
    updateTime                               0x08011171   Thumb Code   244  rtc.o(i.updateTime)
    verify_message                           0x080113dd   Thumb Code    76  lte_demo.o(i.verify_message)
    wait_timeout                             0x0801142d   Thumb Code    50  ec600.o(i.wait_timeout)
    wait_timeout_nonblocking                 0x08011471   Thumb Code    64  ec600.o(i.wait_timeout_nonblocking)
    file_end_rev                             0x080114cb   Data          10  lte_demo.o(.constdata)
    hex_to_str                               0x080114dc   Data          16  gaspower.o(.constdata)
    UARTPrescTable                           0x080114f4   Data          24  stm32g0xx_hal_uart.o(.constdata)
    AHBPrescTable                            0x0801152c   Data          64  system_stm32g0xx.o(.constdata)
    APBPrescTable                            0x0801156c   Data          32  system_stm32g0xx.o(.constdata)
    __ctype_table                            0x0801158c   Data         129  ctype_o.o(.constdata)
    Region$$Table$$Base                      0x08011738   Number         0  anon$$obj.o(Region$$Table)
    Region$$Table$$Limit                     0x08011758   Number         0  anon$$obj.o(Region$$Table)
    debug_onoff                              0x20000000   Data           4  global.o(.data)
    timer_cnt                                0x20000008   Data           8  global.o(.data)
    outlinetimes                             0x20000010   Data           4  global.o(.data)
    update_flag                              0x20000014   Data           1  global.o(.data)
    tcp_connect_cnt                          0x20000015   Data           1  global.o(.data)
    OTA_store_addr                           0x20000018   Data           4  global.o(.data)
    qccid_get_flag                           0x2000001c   Data           1  global.o(.data)
    zero_value                               0x2000001e   Data           2  global.o(.data)
    zero_cnt                                 0x20000020   Data           2  global.o(.data)
    Flag_fresh_flag                          0x20000022   Data           1  flash.o(.data)
    mqtt_revflag                             0x20000024   Data           1  serial_transceiver.o(.data)
    file_end_flag                            0x20000025   Data           1  serial_transceiver.o(.data)
    ucTimeOutStartFlg                        0x20000038   Data           1  ec600.o(.data)
    usTimeOutCount                           0x2000003a   Data           2  ec600.o(.data)
    usTimeOutVal                             0x2000003c   Data           2  ec600.o(.data)
    ucTimeOutValReachedFlg                   0x2000003e   Data           1  ec600.o(.data)
    datapoints                               0x20000054   Data          32  temper_control.o(.data)
    waiting_for_response                     0x20000074   Data           1  temper_control.o(.data)
    unsolicited_message_flag                 0x20000075   Data           1  temper_control.o(.data)
    expected_command                         0x20000076   Data           1  temper_control.o(.data)
    response_timeout_cnt                     0x20000078   Data           2  temper_control.o(.data)
    response_command                         0x2000007c   Data           8  temper_control.o(.data)
    add_device_time_cnt                      0x20000084   Data           1  temper_control.o(.data)
    Linked_List                              0x20000094   Data           8  linked_list.o(.data)
    RtcUpdateFlag                            0x2000009c   Data           1  rtc.o(.data)
    datetime                                 0x2000009d   Data           7  rtc.o(.data)
    iwdg_cnt                                 0x200000a4   Data           2  timer.o(.data)
    iwdg_flag                                0x200000a6   Data           1  timer.o(.data)
    delaycount                               0x200000a8   Data           2  timer.o(.data)
    temper_command_05_cnt                    0x200000aa   Data           2  timer.o(.data)
    ucStateNum                               0x200000ac   Data           1  lte_demo.o(.data)
    state                                    0x200000ad   Data           1  lte_demo.o(.data)
    ucErrorTimes                             0x200000ae   Data           2  lte_demo.o(.data)
    ucFlightModeTimes                        0x200000b0   Data           1  lte_demo.o(.data)
    device_malloc                            0x200000b4   Data           4  lte_demo.o(.data)
    calib_time_buf                           0x200000b8   Data           6  lte_demo.o(.data)
    temper_rapif_reply_flag                  0x200000be   Data           1  lte_demo.o(.data)
    temper_rapif_reply_cnt                   0x200000bf   Data           1  lte_demo.o(.data)
    update_idex                              0x200000c0   Data           2  lte_demo.o(.data)
    packege_sum                              0x200000c2   Data           2  lte_demo.o(.data)
    flash_page_addr                          0x200000c4   Data           4  lte_demo.o(.data)
    flash_buffer_index                       0x200000c8   Data           2  lte_demo.o(.data)
    Topic_data                               0x200000d0   Data          24  topic.o(.data)
    Topic_error                              0x200000e8   Data         100  topic.o(.data)
    send_flag                                0x2000014c   Data           4  topic.o(.data)
    topic_send_wait                          0x20000150   Data           1  topic.o(.data)
    topic_send_last                          0x20000151   Data           1  topic.o(.data)
    topic_send_ok                            0x20000152   Data           1  topic.o(.data)
    topic_count                              0x20000154   Data           4  topic.o(.data)
    topic_update_flag                        0x20000158   Data           1  topic.o(.data)
    Single_Wire_Pin_Rise_flag                0x20000160   Data           1  gaspower.o(.data)
    Single_Wire_Pin_Falling_flag             0x20000161   Data           1  gaspower.o(.data)
    Gas_rev_timercnt                         0x20000162   Data           2  gaspower.o(.data)
    siglewire_wait_cnt                       0x20000164   Data           1  gaspower.o(.data)
    bit_start_rev_flag                       0x20000165   Data           1  gaspower.o(.data)
    byte_send_state                          0x20000166   Data           1  gaspower.o(.data)
    bit_send_state                           0x20000167   Data           1  gaspower.o(.data)
    byte_rev_state                           0x20000168   Data           4  gaspower.o(.data)
    bit_rev_state                            0x2000016c   Data           4  gaspower.o(.data)
    Single_Tx_State                          0x20000170   Data           1  gaspower.o(.data)
    Single_Bus_State                         0x20000171   Data           1  gaspower.o(.data)
    gaspc_send                               0x20000172   Data          11  gaspower.o(.data)
    Gaspower_index                           0x2000017e   Data           2  gaspower.o(.data)
    error_code_pre                           0x20000180   Data           1  gaspower.o(.data)
    CostofGas                                0x20000188   Data           8  gaspower.o(.data)
    CostofWater                              0x20000190   Data           8  gaspower.o(.data)
    CostofElect                              0x20000198   Data           8  gaspower.o(.data)
    IntegrationFlag                          0x200001a0   Data           1  gaspower.o(.data)
    IntegrationDelay                         0x200001a1   Data           1  gaspower.o(.data)
    uwTick                                   0x200001a4   Data           4  stm32g0xx_hal.o(.data)
    uwTickPrio                               0x200001a8   Data           4  stm32g0xx_hal.o(.data)
    uwTickFreq                               0x200001ac   Data           1  stm32g0xx_hal.o(.data)
    SystemCoreClock                          0x200001b0   Data           4  system_stm32g0xx.o(.data)
    __microlib_freelist                      0x200001b8   Data           4  mvars.o(.data)
    __microlib_freelist_initialised          0x200001bc   Data           4  mvars.o(.data)
    htim1                                    0x200001c4   Data          76  tim.o(.bss)
    htim3                                    0x20000210   Data          76  tim.o(.bss)
    huart1                                   0x2000025c   Data         148  usart.o(.bss)
    huart2                                   0x200002f0   Data         148  usart.o(.bss)
    huart3                                   0x20000384   Data         148  usart.o(.bss)
    hdma_usart1_rx                           0x20000418   Data          92  usart.o(.bss)
    hdma_usart1_tx                           0x20000474   Data          92  usart.o(.bss)
    hdma_usart2_rx                           0x200004d0   Data          92  usart.o(.bss)
    hdma_usart2_tx                           0x2000052c   Data          92  usart.o(.bss)
    hdma_usart3_rx                           0x20000588   Data          92  usart.o(.bss)
    hdma_usart3_tx                           0x200005e4   Data          92  usart.o(.bss)
    zero_buf                                 0x20000640   Data         255  global.o(.bss)
    Device_Flash                             0x2000073f   Data        2048  flash.o(.bss)
    g_tModule                                0x20000f40   Data        2034  serial_transceiver.o(.bss)
    fifo_gas                                 0x20001f32   Data         114  gas_fifo.o(.bss)
    fifo_temper                              0x20001fa4   Data          44  temper_fifo.o(.bss)
    fifo_mqtt_topic                          0x20001fd0   Data          30  topic_fifo.o(.bss)
    Ota_Addr                                 0x20001fee   Data          18  lte_demo.o(.bss)
    flash_buffer                             0x20002000   Data        2048  lte_demo.o(.bss)
    message_buf                              0x20002800   Data         512  topic.o(.bss)
    topic_buf                                0x20002a00   Data         256  topic.o(.bss)
    QCCID                                    0x20002b00   Data          21  topic.o(.bss)
    gaspc_rev                                0x20002b15   Data          26  gaspower.o(.bss)
    GasPower_Manage                          0x20002b2f   Data          76  gaspower.o(.bss)
    pFlash                                   0x20002b7c   Data          28  stm32g0xx_hal_flash.o(.bss)
    __heap_base                              0x20002b98   Data           0  startup_stm32g070xx.o(HEAP)
    __heap_limit                             0x20002f98   Data           0  startup_stm32g070xx.o(HEAP)
    __initial_sp                             0x20003398   Data           0  startup_stm32g070xx.o(STACK)



==============================================================================

Memory Map of the image

  Image Entry point : 0x080050b9

  Load Region LR_IROM1 (Base: 0x08005000, Size: 0x0000c91c, Max: 0x0000c800, ABSOLUTE, COMPRESSED[0x0000c7ec])

    Execution Region ER_IROM1 (Exec base: 0x08005000, Load base: 0x08005000, Size: 0x0000c758, Max: 0x0000c800, ABSOLUTE)

    Exec Addr    Load Addr    Size         Type   Attr      Idx    E Section Name        Object

    0x08005000   0x08005000   0x000000b8   Data   RO            3    RESET               startup_stm32g070xx.o
    0x080050b8   0x080050b8   0x00000000   Code   RO         5290  * .ARM.Collect$$$$00000000  mc_p.l(entry.o)
    0x080050b8   0x080050b8   0x00000004   Code   RO         5659    .ARM.Collect$$$$00000001  mc_p.l(entry2.o)
    0x080050bc   0x080050bc   0x00000004   Code   RO         5662    .ARM.Collect$$$$00000004  mc_p.l(entry5.o)
    0x080050c0   0x080050c0   0x00000000   Code   RO         5664    .ARM.Collect$$$$00000008  mc_p.l(entry7b.o)
    0x080050c0   0x080050c0   0x00000000   Code   RO         5666    .ARM.Collect$$$$0000000A  mc_p.l(entry8b.o)
    0x080050c0   0x080050c0   0x00000008   Code   RO         5667    .ARM.Collect$$$$0000000B  mc_p.l(entry9a.o)
    0x080050c8   0x080050c8   0x00000004   Code   RO         5674    .ARM.Collect$$$$0000000E  mc_p.l(entry12b.o)
    0x080050cc   0x080050cc   0x00000000   Code   RO         5669    .ARM.Collect$$$$0000000F  mc_p.l(entry10a.o)
    0x080050cc   0x080050cc   0x00000000   Code   RO         5671    .ARM.Collect$$$$00000011  mc_p.l(entry11a.o)
    0x080050cc   0x080050cc   0x00000004   Code   RO         5660    .ARM.Collect$$$$00002712  mc_p.l(entry2.o)
    0x080050d0   0x080050d0   0x0000001c   Code   RO            4    .text               startup_stm32g070xx.o
    0x080050ec   0x080050ec   0x0000002c   Code   RO         5293    .text               mc_p.l(uidiv.o)
    0x08005118   0x08005118   0x00000028   Code   RO         5295    .text               mc_p.l(idiv.o)
    0x08005140   0x08005140   0x00000060   Code   RO         5297    .text               mc_p.l(uldiv.o)
    0x080051a0   0x080051a0   0x0000000c   Code   RO         5299    .text               mc_p.l(tolower.o)
    0x080051ac   0x080051ac   0x00000024   Code   RO         5301    .text               mc_p.l(memcpya.o)
    0x080051d0   0x080051d0   0x00000024   Code   RO         5303    .text               mc_p.l(memseta.o)
    0x080051f4   0x080051f4   0x00000018   Code   RO         5305    .text               mc_p.l(strcat.o)
    0x0800520c   0x0800520c   0x00000028   Code   RO         5307    .text               mc_p.l(strstr.o)
    0x08005234   0x08005234   0x0000001a   Code   RO         5309    .text               mc_p.l(strncpy.o)
    0x0800524e   0x0800524e   0x00000014   Code   RO         5311    .text               mc_p.l(strchr.o)
    0x08005262   0x08005262   0x0000000e   Code   RO         5313    .text               mc_p.l(strlen.o)
    0x08005270   0x08005270   0x0000001c   Code   RO         5315    .text               mc_p.l(strcmp.o)
    0x0800528c   0x0800528c   0x0000001a   Code   RO         5317    .text               mc_p.l(memcmp.o)
    0x080052a6   0x080052a6   0x00000012   Code   RO         5319    .text               mc_p.l(strcpy.o)
    0x080052b8   0x080052b8   0x0000001e   Code   RO         5321    .text               mc_p.l(strncmp.o)
    0x080052d6   0x080052d6   0x00000002   PAD
    0x080052d8   0x080052d8   0x0000004c   Code   RO         5323    .text               mc_p.l(strtok_r.o)
    0x08005324   0x08005324   0x0000001c   Code   RO         5619    .text               mc_p.l(uread8.o)
    0x08005340   0x08005340   0x0000001e   Code   RO         5621    .text               mc_p.l(uwrite8.o)
    0x0800535e   0x0800535e   0x00000002   PAD
    0x08005360   0x08005360   0x0000003c   Code   RO         5623    .text               mc_p.l(__0sscanf.o)
    0x0800539c   0x0800539c   0x0000014a   Code   RO         5625    .text               mc_p.l(_scanf_int.o)
    0x080054e6   0x080054e6   0x000000e8   Code   RO         5627    .text               mc_p.l(_scanf_str.o)
    0x080055ce   0x080055ce   0x00000002   PAD
    0x080055d0   0x080055d0   0x00000374   Code   RO         5629    .text               mc_p.l(scanf_fp.o)
    0x08005944   0x08005944   0x00000070   Code   RO         5633    .text               mc_p.l(strtol.o)
    0x080059b4   0x080059b4   0x0000001a   Code   RO         5637    .text               mc_p.l(atoi.o)
    0x080059ce   0x080059ce   0x00000002   PAD
    0x080059d0   0x080059d0   0x00000168   Code   RO         5639    .text               mf_p.l(dadd.o)
    0x08005b38   0x08005b38   0x000000d0   Code   RO         5641    .text               mf_p.l(dmul.o)
    0x08005c08   0x08005c08   0x000000f0   Code   RO         5643    .text               mf_p.l(ddiv.o)
    0x08005cf8   0x08005cf8   0x00000028   Code   RO         5645    .text               mf_p.l(dflti.o)
    0x08005d20   0x08005d20   0x0000001c   Code   RO         5647    .text               mf_p.l(dfltui.o)
    0x08005d3c   0x08005d3c   0x00000048   Code   RO         5649    .text               mf_p.l(dfixi.o)
    0x08005d84   0x08005d84   0x0000003c   Code   RO         5651    .text               mf_p.l(dfixui.o)
    0x08005dc0   0x08005dc0   0x00000028   Code   RO         5655    .text               mf_p.l(cdcmple.o)
    0x08005de8   0x08005de8   0x00000028   Code   RO         5657    .text               mf_p.l(cdrcmple.o)
    0x08005e10   0x08005e10   0x0000007a   Code   RO         5676    .text               mc_p.l(llmul.o)
    0x08005e8a   0x08005e8a   0x00000020   Code   RO         5678    .text               mc_p.l(llshl.o)
    0x08005eaa   0x08005eaa   0x00000022   Code   RO         5680    .text               mc_p.l(llushr.o)
    0x08005ecc   0x08005ecc   0x00000026   Code   RO         5682    .text               mc_p.l(llsshr.o)
    0x08005ef2   0x08005ef2   0x00000002   PAD
    0x08005ef4   0x08005ef4   0x00000008   Code   RO         5684    .text               mc_p.l(ctype_o.o)
    0x08005efc   0x08005efc   0x00000012   Code   RO         5706    .text               mc_p.l(isspace_o.o)
    0x08005f0e   0x08005f0e   0x0000001e   Code   RO         5721    .text               mc_p.l(_chval.o)
    0x08005f2c   0x08005f2c   0x0000002c   Code   RO         5723    .text               mc_p.l(scanf_char.o)
    0x08005f58   0x08005f58   0x00000044   Code   RO         5725    .text               mc_p.l(_sgetc.o)
    0x08005f9c   0x08005f9c   0x000000a6   Code   RO         5727    .text               mc_p.l(_strtoul.o)
    0x08006042   0x08006042   0x00000002   PAD
    0x08006044   0x08006044   0x000000a4   Code   RO         5729    .text               mc_p.l(strtod.o)
    0x080060e8   0x080060e8   0x00000000   Code   RO         5731    .text               mc_p.l(iusefp.o)
    0x080060e8   0x080060e8   0x000000be   Code   RO         5732    .text               mf_p.l(depilogue.o)
    0x080061a6   0x080061a6   0x00000002   PAD
    0x080061a8   0x080061a8   0x0000001c   Code   RO         5736    .text               mf_p.l(dfltul.o)
    0x080061c4   0x080061c4   0x00000040   Code   RO         5738    .text               mf_p.l(dfixul.o)
    0x08006204   0x08006204   0x00000038   Code   RO         5740    .text               mf_p.l(d2f.o)
    0x0800623c   0x0800623c   0x00000024   Code   RO         5742    .text               mc_p.l(init.o)
    0x08006260   0x08006260   0x0000033c   Code   RO         5746    .text               mc_p.l(_scanf.o)
    0x0800659c   0x0800659c   0x00000082   Code   RO         5748    .text               mf_p.l(fepilogue.o)
    0x0800661e   0x0800661e   0x00000056   Code   RO         5761    .text               mc_p.l(__dczerorl2.o)
    0x08006674   0x08006674   0x00000040   Code   RO          626    i.CRC16             global.o
    0x080066b4   0x080066b4   0x00000024   Code   RO          530    i.DMA1_Ch4_7_DMAMUX1_OVR_IRQHandler  stm32g0xx_it.o
    0x080066d8   0x080066d8   0x00000010   Code   RO          531    i.DMA1_Channel1_IRQHandler  stm32g0xx_it.o
    0x080066e8   0x080066e8   0x00000018   Code   RO          532    i.DMA1_Channel2_3_IRQHandler  stm32g0xx_it.o
    0x08006700   0x08006700   0x00000034   Code   RO         2943    i.DMA_CalcDMAMUXChannelBaseAndMask  stm32g0xx_hal_dma.o
    0x08006734   0x08006734   0x00000028   Code   RO         2944    i.DMA_CalcDMAMUXRequestGenBaseAndMask  stm32g0xx_hal_dma.o
    0x0800675c   0x0800675c   0x0000004c   Code   RO         2945    i.DMA_SetConfig     stm32g0xx_hal_dma.o
    0x080067a8   0x080067a8   0x00000018   Code   RO          770    i.Debug_Usart_Read  serial_transceiver.o
    0x080067c0   0x080067c0   0x00000018   Code   RO          772    i.EC600_Usart_Read  serial_transceiver.o
    0x080067d8   0x080067d8   0x00000024   Code   RO          773    i.EC600_Usart_Send  serial_transceiver.o
    0x080067fc   0x080067fc   0x00000080   Code   RO         2411    i.EXTI4_15_IRQHandler  gaspower.o
    0x0800687c   0x0800687c   0x00000006   Code   RO           12    i.Error_Handler     main.o
    0x08006882   0x08006882   0x00000002   PAD
    0x08006884   0x08006884   0x00000040   Code   RO         2115    i.Extract_QCCID     lte_demo.o
    0x080068c4   0x080068c4   0x00000018   Code   RO         2780    i.FLASH_MassErase   stm32g0xx_hal_flash_ex.o
    0x080068dc   0x080068dc   0x00000028   Code   RO         2786    i.FLASH_PageErase   stm32g0xx_hal_flash_ex.o
    0x08006904   0x08006904   0x00000028   Code   RO         2673    i.FLASH_Program_DoubleWord  stm32g0xx_hal_flash.o
    0x0800692c   0x0800692c   0x00000054   Code   RO         2674    i.FLASH_Program_Fast  stm32g0xx_hal_flash.o
    0x08006980   0x08006980   0x00000074   Code   RO         2675    i.FLASH_WaitForLastOperation  stm32g0xx_hal_flash.o
    0x080069f4   0x080069f4   0x00000248   Code   RO          678    i.Flash_Factory     flash.o
    0x08006c3c   0x08006c3c   0x0000003c   Code   RO          959    i.GasFiFo_Push      gas_fifo.o
    0x08006c78   0x08006c78   0x00000040   Code   RO          961    i.GasFifo_Pop       gas_fifo.o
    0x08006cb8   0x08006cb8   0x0000001c   Code   RO          962    i.GasFifo_Size      gas_fifo.o
    0x08006cd4   0x08006cd4   0x00000010   Code   RO         2305    i.GasPower_Rapid_Reply  topic.o
    0x08006ce4   0x08006ce4   0x000000dc   Code   RO         2412    i.Gaspower_Command  gaspower.o
    0x08006dc0   0x08006dc0   0x000000a8   Code   RO         2413    i.GaspsendBoot      gaspower.o
    0x08006e68   0x08006e68   0x000000f0   Code   RO         2414    i.Gaspsendbit       gaspower.o
    0x08006f58   0x08006f58   0x00000024   Code   RO          774    i.Gateway_Usart_Read  serial_transceiver.o
    0x08006f7c   0x08006f7c   0x0000002c   Code   RO          775    i.Gateway_Usart_Send  serial_transceiver.o
    0x08006fa8   0x08006fa8   0x00000098   Code   RO         2946    i.HAL_DMA_Abort     stm32g0xx_hal_dma.o
    0x08007040   0x08007040   0x00000094   Code   RO         2947    i.HAL_DMA_Abort_IT  stm32g0xx_hal_dma.o
    0x080070d4   0x080070d4   0x00000006   Code   RO         2949    i.HAL_DMA_GetError  stm32g0xx_hal_dma.o
    0x080070da   0x080070da   0x00000002   PAD
    0x080070dc   0x080070dc   0x00000120   Code   RO         2951    i.HAL_DMA_IRQHandler  stm32g0xx_hal_dma.o
    0x080071fc   0x080071fc   0x000000c0   Code   RO         2952    i.HAL_DMA_Init      stm32g0xx_hal_dma.o
    0x080072bc   0x080072bc   0x000000cc   Code   RO         2956    i.HAL_DMA_Start_IT  stm32g0xx_hal_dma.o
    0x08007388   0x08007388   0x0000002c   Code   RO         3414    i.HAL_Delay         stm32g0xx_hal.o
    0x080073b4   0x080073b4   0x000000a0   Code   RO         2787    i.HAL_FLASHEx_Erase  stm32g0xx_hal_flash_ex.o
    0x08007454   0x08007454   0x00000024   Code   RO         2679    i.HAL_FLASH_Lock    stm32g0xx_hal_flash.o
    0x08007478   0x08007478   0x00000078   Code   RO         2684    i.HAL_FLASH_Program  stm32g0xx_hal_flash.o
    0x080074f0   0x080074f0   0x00000034   Code   RO         2686    i.HAL_FLASH_Unlock  stm32g0xx_hal_flash.o
    0x08007524   0x08007524   0x0000010c   Code   RO         2873    i.HAL_GPIO_DeInit   stm32g0xx_hal_gpio.o
    0x08007630   0x08007630   0x00000002   Code   RO         2874    i.HAL_GPIO_EXTI_Falling_Callback  stm32g0xx_hal_gpio.o
    0x08007632   0x08007632   0x00000002   PAD
    0x08007634   0x08007634   0x00000034   Code   RO         2875    i.HAL_GPIO_EXTI_IRQHandler  stm32g0xx_hal_gpio.o
    0x08007668   0x08007668   0x00000002   Code   RO         2876    i.HAL_GPIO_EXTI_Rising_Callback  stm32g0xx_hal_gpio.o
    0x0800766a   0x0800766a   0x00000002   PAD
    0x0800766c   0x0800766c   0x000001d8   Code   RO         2877    i.HAL_GPIO_Init     stm32g0xx_hal_gpio.o
    0x08007844   0x08007844   0x00000012   Code   RO         2879    i.HAL_GPIO_ReadPin  stm32g0xx_hal_gpio.o
    0x08007856   0x08007856   0x00000014   Code   RO         2880    i.HAL_GPIO_TogglePin  stm32g0xx_hal_gpio.o
    0x0800786a   0x0800786a   0x0000000c   Code   RO         2881    i.HAL_GPIO_WritePin  stm32g0xx_hal_gpio.o
    0x08007876   0x08007876   0x00000002   PAD
    0x08007878   0x08007878   0x0000000c   Code   RO         3418    i.HAL_GetTick       stm32g0xx_hal.o
    0x08007884   0x08007884   0x00000018   Code   RO         3424    i.HAL_IncTick       stm32g0xx_hal.o
    0x0800789c   0x0800789c   0x0000002c   Code   RO         3425    i.HAL_Init          stm32g0xx_hal.o
    0x080078c8   0x080078c8   0x00000060   Code   RO         3426    i.HAL_InitTick      stm32g0xx_hal.o
    0x08007928   0x08007928   0x0000004c   Code   RO          604    i.HAL_MspInit       stm32g0xx_hal_msp.o
    0x08007974   0x08007974   0x0000003c   Code   RO         3299    i.HAL_NVIC_DisableIRQ  stm32g0xx_hal_cortex.o
    0x080079b0   0x080079b0   0x00000024   Code   RO         3300    i.HAL_NVIC_EnableIRQ  stm32g0xx_hal_cortex.o
    0x080079d4   0x080079d4   0x00000012   Code   RO         3304    i.HAL_NVIC_SetPriority  stm32g0xx_hal_cortex.o
    0x080079e6   0x080079e6   0x00000002   PAD
    0x080079e8   0x080079e8   0x00000058   Code   RO         3183    i.HAL_PWREx_ControlVoltageScaling  stm32g0xx_hal_pwr_ex.o
    0x08007a40   0x08007a40   0x00000204   Code   RO         2628    i.HAL_RCCEx_PeriphCLKConfig  stm32g0xx_hal_rcc_ex.o
    0x08007c44   0x08007c44   0x000001d4   Code   RO         2510    i.HAL_RCC_ClockConfig  stm32g0xx_hal_rcc.o
    0x08007e18   0x08007e18   0x0000000c   Code   RO         2516    i.HAL_RCC_GetHCLKFreq  stm32g0xx_hal_rcc.o
    0x08007e24   0x08007e24   0x00000028   Code   RO         2518    i.HAL_RCC_GetPCLK1Freq  stm32g0xx_hal_rcc.o
    0x08007e4c   0x08007e4c   0x000000e4   Code   RO         2520    i.HAL_RCC_GetSysClockFreq  stm32g0xx_hal_rcc.o
    0x08007f30   0x08007f30   0x000005ac   Code   RO         2524    i.HAL_RCC_OscConfig  stm32g0xx_hal_rcc.o
    0x080084dc   0x080084dc   0x000000a0   Code   RO         5124    i.HAL_RS485Ex_Init  stm32g0xx_hal_uart_ex.o
    0x0800857c   0x0800857c   0x00000018   Code   RO         3434    i.HAL_SYSCFG_StrobeDBattpinsConfig  stm32g0xx_hal.o
    0x08008594   0x08008594   0x00000038   Code   RO         3308    i.HAL_SYSTICK_Config  stm32g0xx_hal_cortex.o
    0x080085cc   0x080085cc   0x00000002   Code   RO         4393    i.HAL_TIMEx_Break2Callback  stm32g0xx_hal_tim_ex.o
    0x080085ce   0x080085ce   0x00000002   Code   RO         4394    i.HAL_TIMEx_BreakCallback  stm32g0xx_hal_tim_ex.o
    0x080085d0   0x080085d0   0x00000002   Code   RO         4395    i.HAL_TIMEx_CommutCallback  stm32g0xx_hal_tim_ex.o
    0x080085d2   0x080085d2   0x00000002   PAD
    0x080085d4   0x080085d4   0x00000098   Code   RO         4416    i.HAL_TIMEx_MasterConfigSynchronization  stm32g0xx_hal_tim_ex.o
    0x0800866c   0x0800866c   0x0000006c   Code   RO         3670    i.HAL_TIM_Base_Init  stm32g0xx_hal_tim.o
    0x080086d8   0x080086d8   0x00000070   Code   RO          435    i.HAL_TIM_Base_MspInit  tim.o
    0x08008748   0x08008748   0x0000006c   Code   RO         3673    i.HAL_TIM_Base_Start  stm32g0xx_hal_tim.o
    0x080087b4   0x080087b4   0x00000078   Code   RO         3675    i.HAL_TIM_Base_Start_IT  stm32g0xx_hal_tim.o
    0x0800882c   0x0800882c   0x00000118   Code   RO         3679    i.HAL_TIM_ConfigClockSource  stm32g0xx_hal_tim.o
    0x08008944   0x08008944   0x00000002   Code   RO         3704    i.HAL_TIM_IC_CaptureCallback  stm32g0xx_hal_tim.o
    0x08008946   0x08008946   0x00000002   PAD
    0x08008948   0x08008948   0x000001f8   Code   RO         3718    i.HAL_TIM_IRQHandler  stm32g0xx_hal_tim.o
    0x08008b40   0x08008b40   0x00000002   Code   RO         3721    i.HAL_TIM_OC_DelayElapsedCallback  stm32g0xx_hal_tim.o
    0x08008b42   0x08008b42   0x00000002   Code   RO         3748    i.HAL_TIM_PWM_PulseFinishedCallback  stm32g0xx_hal_tim.o
    0x08008b44   0x08008b44   0x00000180   Code   RO         2024    i.HAL_TIM_PeriodElapsedCallback  timer.o
    0x08008cc4   0x08008cc4   0x00000002   Code   RO         3761    i.HAL_TIM_TriggerCallback  stm32g0xx_hal_tim.o
    0x08008cc6   0x08008cc6   0x00000054   Code   RO         5125    i.HAL_UARTEx_DisableFifoMode  stm32g0xx_hal_uart_ex.o
    0x08008d1a   0x08008d1a   0x00000002   Code   RO         4703    i.HAL_UARTEx_RxEventCallback  stm32g0xx_hal_uart.o
    0x08008d1c   0x08008d1c   0x00000002   Code   RO         5133    i.HAL_UARTEx_RxFifoFullCallback  stm32g0xx_hal_uart_ex.o
    0x08008d1e   0x08008d1e   0x00000060   Code   RO         5134    i.HAL_UARTEx_SetRxFifoThreshold  stm32g0xx_hal_uart_ex.o
    0x08008d7e   0x08008d7e   0x0000005e   Code   RO         5135    i.HAL_UARTEx_SetTxFifoThreshold  stm32g0xx_hal_uart_ex.o
    0x08008ddc   0x08008ddc   0x00000002   Code   RO         5137    i.HAL_UARTEx_TxFifoEmptyCallback  stm32g0xx_hal_uart_ex.o
    0x08008dde   0x08008dde   0x00000002   Code   RO         5138    i.HAL_UARTEx_WakeupCallback  stm32g0xx_hal_uart_ex.o
    0x08008de0   0x08008de0   0x000000ce   Code   RO         4715    i.HAL_UART_DMAStop  stm32g0xx_hal_uart.o
    0x08008eae   0x08008eae   0x00000002   Code   RO         4719    i.HAL_UART_ErrorCallback  stm32g0xx_hal_uart.o
    0x08008eb0   0x08008eb0   0x00000446   Code   RO         4722    i.HAL_UART_IRQHandler  stm32g0xx_hal_uart.o
    0x080092f6   0x080092f6   0x00000082   Code   RO         4723    i.HAL_UART_Init     stm32g0xx_hal_uart.o
    0x08009378   0x08009378   0x00000344   Code   RO          480    i.HAL_UART_MspInit  usart.o
    0x080096bc   0x080096bc   0x0000007e   Code   RO         4727    i.HAL_UART_Receive_DMA  stm32g0xx_hal_uart.o
    0x0800973a   0x0800973a   0x00000002   Code   RO         4730    i.HAL_UART_RxCpltCallback  stm32g0xx_hal_uart.o
    0x0800973c   0x0800973c   0x00000002   Code   RO         4731    i.HAL_UART_RxHalfCpltCallback  stm32g0xx_hal_uart.o
    0x0800973e   0x0800973e   0x00000002   PAD
    0x08009740   0x08009740   0x000000cc   Code   RO         4733    i.HAL_UART_Transmit_DMA  stm32g0xx_hal_uart.o
    0x0800980c   0x0800980c   0x00000034   Code   RO          776    i.HAL_UART_TxCpltCallback  serial_transceiver.o
    0x08009840   0x08009840   0x00000002   Code   RO         4736    i.HAL_UART_TxHalfCpltCallback  stm32g0xx_hal_uart.o
    0x08009842   0x08009842   0x00000002   PAD
    0x08009844   0x08009844   0x00000a78   Code   RO         2086    i.Handle_Debug      debug.o
    0x0800a2bc   0x0800a2bc   0x0000007c   Code   RO          679    i.Handle_Flash      flash.o
    0x0800a338   0x0800a338   0x000001e8   Code   RO         2416    i.Handle_GasCost    gaspower.o
    0x0800a520   0x0800a520   0x0000035c   Code   RO         2417    i.Handle_Gaspower   gaspower.o
    0x0800a87c   0x0800a87c   0x000001e8   Code   RO         2116    i.Handle_Lte        lte_demo.o
    0x0800aa64   0x0800aa64   0x0000004c   Code   RO         1682    i.Handle_Temper_Crontrol  temper_control.o
    0x0800aab0   0x0800aab0   0x0000026c   Code   RO         2306    i.Handle_topic      topic.o
    0x0800ad1c   0x0800ad1c   0x00000004   Code   RO          533    i.HardFault_Handler  stm32g0xx_it.o
    0x0800ad20   0x0800ad20   0x000002ec   Code   RO          680    i.Init_Flash        flash.o
    0x0800b00c   0x0800b00c   0x00000054   Code   RO          382    i.MX_DMA_Init       dma.o
    0x0800b060   0x0800b060   0x0000009c   Code   RO          248    i.MX_GPIO_Init      gpio.o
    0x0800b0fc   0x0800b0fc   0x0000007c   Code   RO          436    i.MX_TIM1_Init      tim.o
    0x0800b178   0x0800b178   0x0000007c   Code   RO          437    i.MX_TIM3_Init      tim.o
    0x0800b1f4   0x0800b1f4   0x00000074   Code   RO          481    i.MX_USART1_UART_Init  usart.o
    0x0800b268   0x0800b268   0x00000078   Code   RO          482    i.MX_USART2_UART_Init  usart.o
    0x0800b2e0   0x0800b2e0   0x00000044   Code   RO          483    i.MX_USART3_UART_Init  usart.o
    0x0800b324   0x0800b324   0x00000040   Code   RO         1952    i.MqttTopicFiFoPop  topic_fifo.o
    0x0800b364   0x0800b364   0x00000054   Code   RO         1953    i.MqttTopicFiFoPush  topic_fifo.o
    0x0800b3b8   0x0800b3b8   0x0000001c   Code   RO         1955    i.MqttTopicFiFoSize  topic_fifo.o
    0x0800b3d4   0x0800b3d4   0x00000004   Code   RO          534    i.NMI_Handler       stm32g0xx_it.o
    0x0800b3d8   0x0800b3d8   0x00000002   Code   RO          535    i.PendSV_Handler    stm32g0xx_it.o
    0x0800b3da   0x0800b3da   0x00000002   Code   RO          536    i.SVC_Handler       stm32g0xx_it.o
    0x0800b3dc   0x0800b3dc   0x00000030   Code   RO          777    i.SendDataAsHex     serial_transceiver.o
    0x0800b40c   0x0800b40c   0x00000068   Code   RO          249    i.SetPinMode        gpio.o
    0x0800b474   0x0800b474   0x00000008   Code   RO          537    i.SysTick_Handler   stm32g0xx_it.o
    0x0800b47c   0x0800b47c   0x0000007c   Code   RO           13    i.SystemClock_Config  main.o
    0x0800b4f8   0x0800b4f8   0x00000002   Code   RO         5256    i.SystemInit        system_stm32g0xx.o
    0x0800b4fa   0x0800b4fa   0x00000002   PAD
    0x0800b4fc   0x0800b4fc   0x00000010   Code   RO          538    i.TIM1_BRK_UP_TRG_COM_IRQHandler  stm32g0xx_it.o
    0x0800b50c   0x0800b50c   0x000000a0   Code   RO         3763    i.TIM_Base_SetConfig  stm32g0xx_hal_tim.o
    0x0800b5ac   0x0800b5ac   0x0000001c   Code   RO         3774    i.TIM_ETR_SetConfig  stm32g0xx_hal_tim.o
    0x0800b5c8   0x0800b5c8   0x00000018   Code   RO         3775    i.TIM_ITRx_SetConfig  stm32g0xx_hal_tim.o
    0x0800b5e0   0x0800b5e0   0x00000032   Code   RO         3783    i.TIM_TI1_ConfigInputStage  stm32g0xx_hal_tim.o
    0x0800b612   0x0800b612   0x00000032   Code   RO         3785    i.TIM_TI2_ConfigInputStage  stm32g0xx_hal_tim.o
    0x0800b644   0x0800b644   0x0000003c   Code   RO         1901    i.TemperFiFoPop     temper_fifo.o
    0x0800b680   0x0800b680   0x00000038   Code   RO         1902    i.TemperFiFoPush    temper_fifo.o
    0x0800b6b8   0x0800b6b8   0x0000001c   Code   RO         1904    i.TemperFiFoSize    temper_fifo.o
    0x0800b6d4   0x0800b6d4   0x00000014   Code   RO         2307    i.Temper_Rapid_Reply  topic.o
    0x0800b6e8   0x0800b6e8   0x00000068   Code   RO         5139    i.UARTEx_SetNbDataToProcess  stm32g0xx_hal_uart_ex.o
    0x0800b750   0x0800b750   0x000000f0   Code   RO         4737    i.UART_AdvFeatureConfig  stm32g0xx_hal_uart.o
    0x0800b840   0x0800b840   0x0000007c   Code   RO         4738    i.UART_CheckIdleState  stm32g0xx_hal_uart.o
    0x0800b8bc   0x0800b8bc   0x00000018   Code   RO         4739    i.UART_DMAAbortOnError  stm32g0xx_hal_uart.o
    0x0800b8d4   0x0800b8d4   0x0000005a   Code   RO         4740    i.UART_DMAError     stm32g0xx_hal_uart.o
    0x0800b92e   0x0800b92e   0x000000cc   Code   RO         4741    i.UART_DMAReceiveCplt  stm32g0xx_hal_uart.o
    0x0800b9fa   0x0800b9fa   0x00000026   Code   RO         4743    i.UART_DMARxHalfCplt  stm32g0xx_hal_uart.o
    0x0800ba20   0x0800ba20   0x00000064   Code   RO         4745    i.UART_DMATransmitCplt  stm32g0xx_hal_uart.o
    0x0800ba84   0x0800ba84   0x0000000e   Code   RO         4747    i.UART_DMATxHalfCplt  stm32g0xx_hal_uart.o
    0x0800ba92   0x0800ba92   0x00000002   PAD
    0x0800ba94   0x0800ba94   0x00000084   Code   RO         4749    i.UART_EndRxTransfer  stm32g0xx_hal_uart.o
    0x0800bb18   0x0800bb18   0x00000038   Code   RO         4750    i.UART_EndTransmit_IT  stm32g0xx_hal_uart.o
    0x0800bb50   0x0800bb50   0x00000052   Code   RO         4751    i.UART_EndTxTransfer  stm32g0xx_hal_uart.o
    0x0800bba2   0x0800bba2   0x00000002   PAD
    0x0800bba4   0x0800bba4   0x00000230   Code   RO         4756    i.UART_SetConfig    stm32g0xx_hal_uart.o
    0x0800bdd4   0x0800bdd4   0x000000e8   Code   RO         4757    i.UART_Start_Receive_DMA  stm32g0xx_hal_uart.o
    0x0800bebc   0x0800bebc   0x00000120   Code   RO         4763    i.UART_WaitOnFlagUntilTimeout  stm32g0xx_hal_uart.o
    0x0800bfdc   0x0800bfdc   0x00000088   Code   RO          779    i.USART1_IRQHandler  serial_transceiver.o
    0x0800c064   0x0800c064   0x0000005c   Code   RO          780    i.USART2_IRQHandler  serial_transceiver.o
    0x0800c0c0   0x0800c0c0   0x0000005c   Code   RO          781    i.USART3_4_IRQHandler  serial_transceiver.o
    0x0800c11c   0x0800c11c   0x00000078   Code   RO          782    i.USART_DMAstart    serial_transceiver.o
    0x0800c194   0x0800c194   0x00000038   Code   RO         5564    i.__0snprintf       mc_p.l(printfa.o)
    0x0800c1cc   0x0800c1cc   0x00000028   Code   RO         5565    i.__0sprintf        mc_p.l(printfa.o)
    0x0800c1f4   0x0800c1f4   0x00000030   Code   RO         5568    i.__0vsnprintf      mc_p.l(printfa.o)
    0x0800c224   0x0800c224   0x0000002e   Code   RO         5734    i.__ARM_clz         mf_p.l(depilogue.o)
    0x0800c252   0x0800c252   0x0000001c   Code   RO         1646    i.__ARM_common_switch8  cjson.o
    0x0800c26e   0x0800c26e   0x00000002   PAD
    0x0800c270   0x0800c270   0x00000078   Code   RO         3310    i.__NVIC_SetPriority  stm32g0xx_hal_cortex.o
    0x0800c2e8   0x0800c2e8   0x00000034   Code   RO         2117    i.__NVIC_SystemReset  lte_demo.o
    0x0800c31c   0x0800c31c   0x00000008   Code   RO         5714    i.__aeabi_errno_addr  mc_p.l(errno.o)
    0x0800c324   0x0800c324   0x00000064   Code   RO         5595    i.__free$realloc    mc_p.l(mallocr.o)
    0x0800c388   0x0800c388   0x00000006   Code   RO         4764    i.__get_PRIMASK     stm32g0xx_hal_uart.o
    0x0800c38e   0x0800c38e   0x00000002   PAD
    0x0800c390   0x0800c390   0x00000048   Code   RO         5596    i.__malloc$realloc  mc_p.l(mallocr.o)
    0x0800c3d8   0x0800c3d8   0x0000000e   Code   RO         5755    i.__scatterload_copy  mc_p.l(handlers.o)
    0x0800c3e6   0x0800c3e6   0x00000002   Code   RO         5756    i.__scatterload_null  mc_p.l(handlers.o)
    0x0800c3e8   0x0800c3e8   0x0000000e   Code   RO         5757    i.__scatterload_zeroinit  mc_p.l(handlers.o)
    0x0800c3f6   0x0800c3f6   0x00000006   Code   RO         4765    i.__set_PRIMASK     stm32g0xx_hal_uart.o
    0x0800c3fc   0x0800c3fc   0x00000174   Code   RO         5570    i._fp_digits        mc_p.l(printfa.o)
    0x0800c570   0x0800c570   0x0000000e   Code   RO         5631    i._is_digit         mc_p.l(scanf_fp.o)
    0x0800c57e   0x0800c57e   0x00000002   PAD
    0x0800c580   0x0800c580   0x000006f0   Code   RO         5571    i._printf_core      mc_p.l(printfa.o)
    0x0800cc70   0x0800cc70   0x00000020   Code   RO         5572    i._printf_post_padding  mc_p.l(printfa.o)
    0x0800cc90   0x0800cc90   0x0000002c   Code   RO         5573    i._printf_pre_padding  mc_p.l(printfa.o)
    0x0800ccbc   0x0800ccbc   0x00000016   Code   RO         5574    i._snputc           mc_p.l(printfa.o)
    0x0800ccd2   0x0800ccd2   0x0000000a   Code   RO         5575    i._sputc            mc_p.l(printfa.o)
    0x0800ccdc   0x0800ccdc   0x0000002a   Code   RO         1844    i.addDevice         linked_list.o
    0x0800cd06   0x0800cd06   0x00000046   Code   RO         1683    i.addMissingDevices  temper_control.o
    0x0800cd4c   0x0800cd4c   0x0000003e   Code   RO         1002    i.add_item_to_array  cjson.o
    0x0800cd8a   0x0800cd8a   0x00000084   Code   RO         1003    i.add_item_to_object  cjson.o
    0x0800ce0e   0x0800ce0e   0x00000002   PAD
    0x0800ce10   0x0800ce10   0x00000020   Code   RO         2308    i.append_int_as_str  topic.o
    0x0800ce30   0x0800ce30   0x00000068   Code   RO         1684    i.base_command_construct  temper_control.o
    0x0800ce98   0x0800ce98   0x00000038   Code   RO          681    i.bk_falsh_GetPage  flash.o
    0x0800ced0   0x0800ced0   0x00000038   Code   RO          682    i.bk_flash_Read_uint8  flash.o
    0x0800cf08   0x0800cf08   0x000001c8   Code   RO          683    i.bk_flash_WriteOnePage_uint8  flash.o
    0x0800d0d0   0x0800d0d0   0x00000050   Code   RO         1004    i.buffer_skip_whitespace  cjson.o
    0x0800d120   0x0800d120   0x0000007c   Code   RO         2309    i.build_add_del_json  topic.o
    0x0800d19c   0x0800d19c   0x0000007c   Code   RO         2310    i.build_idlist_json  topic.o
    0x0800d218   0x0800d218   0x00000110   Code   RO         2311    i.build_message     topic.o
    0x0800d328   0x0800d328   0x00000094   Code   RO         2312    i.build_online_json  topic.o
    0x0800d3bc   0x0800d3bc   0x00000140   Code   RO         2313    i.build_status_json  topic.o
    0x0800d4fc   0x0800d4fc   0x00000094   Code   RO         2314    i.build_temper_json  topic.o
    0x0800d590   0x0800d590   0x000000ac   Code   RO         2315    i.build_topic       topic.o
    0x0800d63c   0x0800d63c   0x00000010   Code   RO         1010    i.cJSON_AddItemToArray  cjson.o
    0x0800d64c   0x0800d64c   0x00000020   Code   RO         1011    i.cJSON_AddItemToObject  cjson.o
    0x0800d66c   0x0800d66c   0x0000003c   Code   RO         1014    i.cJSON_AddNumberToObject  cjson.o
    0x0800d6a8   0x0800d6a8   0x00000038   Code   RO         1017    i.cJSON_AddStringToObject  cjson.o
    0x0800d6e0   0x0800d6e0   0x0000001c   Code   RO         1020    i.cJSON_CreateArray  cjson.o
    0x0800d6fc   0x0800d6fc   0x00000068   Code   RO         1028    i.cJSON_CreateNumber  cjson.o
    0x0800d764   0x0800d764   0x0000001c   Code   RO         1029    i.cJSON_CreateObject  cjson.o
    0x0800d780   0x0800d780   0x00000038   Code   RO         1032    i.cJSON_CreateString  cjson.o
    0x0800d7b8   0x0800d7b8   0x0000006c   Code   RO         1036    i.cJSON_Delete      cjson.o
    0x0800d824   0x0800d824   0x00000010   Code   RO         1047    i.cJSON_GetErrorPtr  cjson.o
    0x0800d834   0x0800d834   0x00000012   Code   RO         1049    i.cJSON_GetObjectItem  cjson.o
    0x0800d846   0x0800d846   0x00000012   Code   RO         1050    i.cJSON_GetObjectItemCaseSensitive  cjson.o
    0x0800d858   0x0800d858   0x00000016   Code   RO         1060    i.cJSON_IsNumber    cjson.o
    0x0800d86e   0x0800d86e   0x00000016   Code   RO         1061    i.cJSON_IsObject    cjson.o
    0x0800d884   0x0800d884   0x00000016   Code   RO         1063    i.cJSON_IsString    cjson.o
    0x0800d89a   0x0800d89a   0x0000001c   Code   RO         1066    i.cJSON_New_Item    cjson.o
    0x0800d8b6   0x0800d8b6   0x00000010   Code   RO         1067    i.cJSON_Parse       cjson.o
    0x0800d8c6   0x0800d8c6   0x00000002   PAD
    0x0800d8c8   0x0800d8c8   0x000000e4   Code   RO         1069    i.cJSON_ParseWithLengthOpts  cjson.o
    0x0800d9ac   0x0800d9ac   0x00000024   Code   RO         1070    i.cJSON_ParseWithOpts  cjson.o
    0x0800d9d0   0x0800d9d0   0x00000048   Code   RO         1073    i.cJSON_PrintPreallocated  cjson.o
    0x0800da18   0x0800da18   0x00000034   Code   RO         1084    i.cJSON_strdup      cjson.o
    0x0800da4c   0x0800da4c   0x0000002a   Code   RO          627    i.calculate_checksum  global.o
    0x0800da76   0x0800da76   0x0000004c   Code   RO         1085    i.case_insensitive_strcmp  cjson.o
    0x0800dac2   0x0800dac2   0x00000002   Code   RO         1086    i.cast_away_const   cjson.o
    0x0800dac4   0x0800dac4   0x00000010   Code   RO         2316    i.clear_buffer      topic.o
    0x0800dad4   0x0800dad4   0x00000078   Code   RO         1087    i.compare_double    cjson.o
    0x0800db4c   0x0800db4c   0x0000003e   Code   RO         1685    i.construct_04_delete_subdevice_param  temper_control.o
    0x0800db8a   0x0800db8a   0x00000002   PAD
    0x0800db8c   0x0800db8c   0x000000f8   Code   RO         1686    i.construct_06_cmd_param  temper_control.o
    0x0800dc84   0x0800dc84   0x00000070   Code   RO         1687    i.construct_08_local_time  temper_control.o
    0x0800dcf4   0x0800dcf4   0x00000028   Code   RO         1689    i.construct_0c_net_status  temper_control.o
    0x0800dd1c   0x0800dd1c   0x00000020   Code   RO         1690    i.construct_nomarl_param  temper_control.o
    0x0800dd3c   0x0800dd3c   0x0000004c   Code   RO         2119    i.construct_revmessage  lte_demo.o
    0x0800dd88   0x0800dd88   0x00000050   Code   RO         1691    i.construct_send_command_to_fifo  temper_control.o
    0x0800ddd8   0x0800ddd8   0x00000044   Code   RO         1845    i.createDevice      linked_list.o
    0x0800de1c   0x0800de1c   0x000000a0   Code   RO          783    i.debug_printf      serial_transceiver.o
    0x0800debc   0x0800debc   0x00000044   Code   RO         1846    i.deleteDevice      linked_list.o
    0x0800df00   0x0800df00   0x000000c8   Code   RO         1089    i.ensure            cjson.o
    0x0800dfc8   0x0800dfc8   0x00000020   Code   RO          629    i.extractNumber     global.o
    0x0800dfe8   0x0800dfe8   0x0000001c   Code   RO         2418    i.f                 gaspower.o
    0x0800e004   0x0800e004   0x00000058   Code   RO          890    i.fat_cmdres_keyword_matching  ec600.o
    0x0800e05c   0x0800e05c   0x00000074   Code   RO          891    i.fat_send_wait_cmdres_blocking  ec600.o
    0x0800e0d0   0x0800e0d0   0x00000080   Code   RO          892    i.fat_send_wait_cmdres_nonblocking  ec600.o
    0x0800e150   0x0800e150   0x0000003c   Code   RO          893    i.fat_tim_proc      ec600.o
    0x0800e18c   0x0800e18c   0x0000001c   Code   RO          894    i.fat_uart_clean    ec600.o
    0x0800e1a8   0x0800e1a8   0x0000001e   Code   RO          895    i.fat_uart_send_str  ec600.o
    0x0800e1c6   0x0800e1c6   0x00000026   Code   RO         1847    i.findDevice        linked_list.o
    0x0800e1ec   0x0800e1ec   0x00000032   Code   RO          686    i.flush_buffer_to_flash  flash.o
    0x0800e21e   0x0800e21e   0x00000002   PAD
    0x0800e220   0x0800e220   0x00000094   Code   RO         1693    i.gateway_receive_command  temper_control.o
    0x0800e2b4   0x0800e2b4   0x00000004   Code   RO         1091    i.get_decimal_point  cjson.o
    0x0800e2b8   0x0800e2b8   0x0000005e   Code   RO         1092    i.get_object_item   cjson.o
    0x0800e316   0x0800e316   0x00000002   PAD
    0x0800e318   0x0800e318   0x00000220   Code   RO         2123    i.handle_Fixed_Convert  lte_demo.o
    0x0800e538   0x0800e538   0x0000004c   Code   RO         2124    i.handle_control    lte_demo.o
    0x0800e584   0x0800e584   0x00000040   Code   RO         2125    i.handle_subid      lte_demo.o
    0x0800e5c4   0x0800e5c4   0x00000008   Code   RO         1848    i.initLinkedList    linked_list.o
    0x0800e5cc   0x0800e5cc   0x00000050   Code   RO         5597    i.internal_alloc    mc_p.l(mallocr.o)
    0x0800e61c   0x0800e61c   0x000000d0   Code   RO           14    i.main              main.o
    0x0800e6ec   0x0800e6ec   0x00000078   Code   RO         2126    i.match_csq         lte_demo.o
    0x0800e764   0x0800e764   0x00000154   Code   RO         2127    i.module_flightmode  lte_demo.o
    0x0800e8b8   0x0800e8b8   0x00000198   Code   RO         2128    i.module_is_ready   lte_demo.o
    0x0800ea50   0x0800ea50   0x00000074   Code   RO         2129    i.module_reset      lte_demo.o
    0x0800eac4   0x0800eac4   0x00000294   Code   RO         2130    i.mqtt_connect_parm_init  lte_demo.o
    0x0800ed58   0x0800ed58   0x00000290   Code   RO         2131    i.mqtt_data         lte_demo.o
    0x0800efe8   0x0800efe8   0x000000ec   Code   RO         2132    i.ota_json_to_serverip  lte_demo.o
    0x0800f0d4   0x0800f0d4   0x00000190   Code   RO         2133    i.ote_transport_protocol  lte_demo.o
    0x0800f264   0x0800f264   0x000000b4   Code   RO         1695    i.parse_07_datapoints  temper_control.o
    0x0800f318   0x0800f318   0x0000011c   Code   RO         1696    i.parse_0A_query_subdevice_list  temper_control.o
    0x0800f434   0x0800f434   0x0000005c   Code   RO         1697    i.parse_0B_report_online  temper_control.o
    0x0800f490   0x0800f490   0x00000108   Code   RO         1094    i.parse_array       cjson.o
    0x0800f598   0x0800f598   0x00000150   Code   RO         2134    i.parse_fixed_json  lte_demo.o
    0x0800f6e8   0x0800f6e8   0x0000005a   Code   RO         1095    i.parse_hex4        cjson.o
    0x0800f742   0x0800f742   0x00000002   PAD
    0x0800f744   0x0800f744   0x0000013c   Code   RO         1096    i.parse_number      cjson.o
    0x0800f880   0x0800f880   0x00000154   Code   RO         1097    i.parse_object      cjson.o
    0x0800f9d4   0x0800f9d4   0x00000196   Code   RO         1098    i.parse_string      cjson.o
    0x0800fb6a   0x0800fb6a   0x00000002   PAD
    0x0800fb6c   0x0800fb6c   0x00000154   Code   RO         1099    i.parse_value       cjson.o
    0x0800fcc0   0x0800fcc0   0x00000204   Code   RO         2135    i.parse_variable_json  lte_demo.o
    0x0800fec4   0x0800fec4   0x000000b6   Code   RO         1101    i.print_array       cjson.o
    0x0800ff7a   0x0800ff7a   0x00000002   PAD
    0x0800ff7c   0x0800ff7c   0x00000164   Code   RO         1102    i.print_number      cjson.o
    0x080100e0   0x080100e0   0x0000018c   Code   RO         1103    i.print_object      cjson.o
    0x0801026c   0x0801026c   0x00000010   Code   RO         1104    i.print_string      cjson.o
    0x0801027c   0x0801027c   0x00000180   Code   RO         1105    i.print_string_ptr  cjson.o
    0x080103fc   0x080103fc   0x00000104   Code   RO         1106    i.print_value       cjson.o
    0x08010500   0x08010500   0x00000074   Code   RO         1698    i.process_command_response  temper_control.o
    0x08010574   0x08010574   0x00000140   Code   RO         2136    i.process_messages  lte_demo.o
    0x080106b4   0x080106b4   0x000000c8   Code   RO         1699    i.process_unsolicited_message  temper_control.o
    0x0801077c   0x0801077c   0x00000074   Code   RO         5598    i.realloc           mc_p.l(mallocr.o)
    0x080107f0   0x080107f0   0x00000090   Code   RO         1700    i.removeExtraDevices  temper_control.o
    0x08010880   0x08010880   0x00000032   Code   RO         2317    i.remove_spaces     topic.o
    0x080108b2   0x080108b2   0x00000002   PAD
    0x080108b4   0x080108b4   0x0000017c   Code   RO         2137    i.save_ota_file     lte_demo.o
    0x08010a30   0x08010a30   0x0000004c   Code   RO         2138    i.send_at_and_check  lte_demo.o
    0x08010a7c   0x08010a7c   0x00000158   Code   RO         1701    i.send_command_with_wait  temper_control.o
    0x08010bd4   0x08010bd4   0x00000010   Code   RO         1905    i.setTemperCommand  temper_fifo.o
    0x08010be4   0x08010be4   0x00000048   Code   RO         1110    i.skip_utf8_bom     cjson.o
    0x08010c2c   0x08010c2c   0x00000030   Code   RO          630    i.stringToUint16    global.o
    0x08010c5c   0x08010c5c   0x0000001c   Code   RO         5287    i.strtod            m_ps.l(strtod.o)
    0x08010c78   0x08010c78   0x00000030   Code   RO         2318    i.sub_id_to_str     topic.o
    0x08010ca8   0x08010ca8   0x00000006   Code   RO         1111    i.suffix_object     cjson.o
    0x08010cae   0x08010cae   0x00000002   PAD
    0x08010cb0   0x08010cb0   0x000001e4   Code   RO         2139    i.tcp_connet_parm_init  lte_demo.o
    0x08010e94   0x08010e94   0x000001dc   Code   RO         2140    i.tcp_data          lte_demo.o
    0x08011070   0x08011070   0x00000100   Code   RO         1849    i.traverseDevices   linked_list.o
    0x08011170   0x08011170   0x000000fc   Code   RO         1997    i.updateTime        rtc.o
    0x0801126c   0x0801126c   0x00000028   Code   RO         1112    i.update_offset     cjson.o
    0x08011294   0x08011294   0x00000148   Code   RO         1113    i.utf16_literal_to_utf8  cjson.o
    0x080113dc   0x080113dc   0x00000050   Code   RO         2141    i.verify_message    lte_demo.o
    0x0801142c   0x0801142c   0x00000044   Code   RO          896    i.wait_timeout      ec600.o
    0x08011470   0x08011470   0x00000054   Code   RO          897    i.wait_timeout_nonblocking  ec600.o
    0x080114c4   0x080114c4   0x00000011   Data   RO         2143    .constdata          lte_demo.o
    0x080114d5   0x080114d5   0x00000017   Data   RO         2420    .constdata          gaspower.o
    0x080114ec   0x080114ec   0x00000020   Data   RO         4766    .constdata          stm32g0xx_hal_uart.o
    0x0801150c   0x0801150c   0x00000017   Data   RO         5143    .constdata          stm32g0xx_hal_uart_ex.o
    0x08011523   0x08011523   0x00000001   PAD
    0x08011524   0x08011524   0x00000068   Data   RO         5257    .constdata          system_stm32g0xx.o
    0x0801158c   0x0801158c   0x00000081   Data   RO         5685    .constdata          mc_p.l(ctype_o.o)
    0x0801160d   0x0801160d   0x00000003   PAD
    0x08011610   0x08011610   0x00000004   Data   RO         5686    .constdata          mc_p.l(ctype_o.o)
    0x08011614   0x08011614   0x00000124   Data   RO          689    .conststring        flash.o
    0x08011738   0x08011738   0x00000020   Data   RO         5753    Region$$Table       anon$$obj.o


    Execution Region RW_IRAM1 (Exec base: 0x20000000, Load base: 0x08011758, Size: 0x00003398, Max: 0x00009000, ABSOLUTE, COMPRESSED[0x00000094])

    Exec Addr    Load Addr    Size         Type   Attr      Idx    E Section Name        Object

    0x20000000   COMPRESSED   0x00000022   Data   RW          633    .data               global.o
    0x20000022   COMPRESSED   0x00000001   Data   RW          690    .data               flash.o
    0x20000023   COMPRESSED   0x00000001   PAD
    0x20000024   COMPRESSED   0x00000014   Data   RW          787    .data               serial_transceiver.o
    0x20000038   COMPRESSED   0x00000007   Data   RW          899    .data               ec600.o
    0x2000003f   COMPRESSED   0x00000001   PAD
    0x20000040   COMPRESSED   0x00000014   Data   RW         1115    .data               cjson.o
    0x20000054   COMPRESSED   0x00000040   Data   RW         1703    .data               temper_control.o
    0x20000094   COMPRESSED   0x00000008   Data   RW         1851    .data               linked_list.o
    0x2000009c   COMPRESSED   0x00000008   Data   RW         1999    .data               rtc.o
    0x200000a4   COMPRESSED   0x00000008   Data   RW         2026    .data               timer.o
    0x200000ac   COMPRESSED   0x00000021   Data   RW         2144    .data               lte_demo.o
    0x200000cd   COMPRESSED   0x00000003   PAD
    0x200000d0   COMPRESSED   0x00000089   Data   RW         2321    .data               topic.o
    0x20000159   COMPRESSED   0x00000007   PAD
    0x20000160   COMPRESSED   0x00000042   Data   RW         2421    .data               gaspower.o
    0x200001a2   COMPRESSED   0x00000002   PAD
    0x200001a4   COMPRESSED   0x00000009   Data   RW         3438    .data               stm32g0xx_hal.o
    0x200001ad   COMPRESSED   0x00000003   PAD
    0x200001b0   COMPRESSED   0x00000004   Data   RW         5258    .data               system_stm32g0xx.o
    0x200001b4   COMPRESSED   0x00000004   Data   RW         5324    .data               mc_p.l(strtok_r.o)
    0x200001b8   COMPRESSED   0x00000004   Data   RW         5712    .data               mc_p.l(mvars.o)
    0x200001bc   COMPRESSED   0x00000004   Data   RW         5713    .data               mc_p.l(mvars.o)
    0x200001c0   COMPRESSED   0x00000004   Data   RW         5717    .data               mc_p.l(errno.o)
    0x200001c4        -       0x00000098   Zero   RW          438    .bss                tim.o
    0x2000025c        -       0x000003e4   Zero   RW          484    .bss                usart.o
    0x20000640        -       0x000000ff   Zero   RW          631    .bss                global.o
    0x2000073f        -       0x00000800   Zero   RW          687    .bss                flash.o
    0x20000f3f   COMPRESSED   0x00000001   PAD
    0x20000f40        -       0x00000ff2   Zero   RW          785    .bss                serial_transceiver.o
    0x20001f32        -       0x00000072   Zero   RW          963    .bss                gas_fifo.o
    0x20001fa4        -       0x0000002c   Zero   RW         1906    .bss                temper_fifo.o
    0x20001fd0        -       0x0000001e   Zero   RW         1956    .bss                topic_fifo.o
    0x20001fee        -       0x00000812   Zero   RW         2142    .bss                lte_demo.o
    0x20002800        -       0x00000315   Zero   RW         2319    .bss                topic.o
    0x20002b15        -       0x00000066   Zero   RW         2419    .bss                gaspower.o
    0x20002b7b   COMPRESSED   0x00000001   PAD
    0x20002b7c        -       0x0000001c   Zero   RW         2687    .bss                stm32g0xx_hal_flash.o
    0x20002b98        -       0x00000400   Zero   RW            2    HEAP                startup_stm32g070xx.o
    0x20002f98        -       0x00000400   Zero   RW            1    STACK               startup_stm32g070xx.o


==============================================================================

Image component sizes


      Code (inc. data)   RO Data    RW Data    ZI Data      Debug   Object Name

      5632        248          0         20          0      41366   cjson.o
      2680       1424          0          0          0      10891   debug.o
        84          4          0          0          0        746   dma.o
       602        166          0          7          0       4966   ec600.o
      2074        924        292          1       2048       6459   flash.o
       152         16          0          0        114       2531   gas_fifo.o
      2132        276         23         66        102       8183   gaspower.o
       186          8          0         34        255       4266   global.o
       260         16          0          0          0     421414   gpio.o
       480        160          0          8          0       5020   linked_list.o
      6968       1728         17         33       2066      21728   lte_demo.o
       338         58          0          0          0      53356   main.o
       252         20          0          8          0       1298   rtc.o
       864        196          0         20       4082       9416   serial_transceiver.o
        28          8        184          0       2048        628   startup_stm32g070xx.o
       244         44          0          9          0      16864   stm32g0xx_hal.o
       290         32          0          0          0      12811   stm32g0xx_hal_cortex.o
      1158         40          0          0          0       6441   stm32g0xx_hal_dma.o
       448         50          0          0         28      16318   stm32g0xx_hal_flash.o
       224         24          0          0          0       2374   stm32g0xx_hal_flash_ex.o
       846         40          0          0          0       5686   stm32g0xx_hal_gpio.o
        76          4          0          0          0        822   stm32g0xx_hal_msp.o
        88         12          0          0          0        742   stm32g0xx_hal_pwr_ex.o
      2200         96          0          0          0      20765   stm32g0xx_hal_rcc.o
       516         12          0          0          0       1596   stm32g0xx_hal_rcc_ex.o
      1440         74          0          0          0       9884   stm32g0xx_hal_tim.o
       158         12          0          0          0       2992   stm32g0xx_hal_tim_ex.o
      3966         94         32          0          0      39439   stm32g0xx_hal_uart.o
       544         16         23          0          0       6357   stm32g0xx_hal_uart_ex.o
       112         34          0          0          0       4044   stm32g0xx_it.o
         2          0        104          4          0       1139   system_stm32g0xx.o
      2332        178          0         64          0      17584   temper_control.o
       160         16          0          0         44       3247   temper_fifo.o
       360         44          0          0        152       2315   tim.o
       384         74          0          8          0       2998   timer.o
      2110        490          0        137        789      11340   topic.o
       176         14          0          0         30       2805   topic_fifo.o
      1140         74          0          0        996       3622   usart.o

    ----------------------------------------------------------------------
     41756       6726        708        436      12756     784453   Object Totals
         0          0         32          0          0          0   (incl. Generated)
        50          0          1         17          2          0   (incl. Padding)

    ----------------------------------------------------------------------

      Code (inc. data)   RO Data    RW Data    ZI Data      Debug   Library Member Name

        28          0          0          0          0         72   strtod.o
        60         10          0          0          0         84   __0sscanf.o
        86          0          0          0          0          0   __dczerorl2.o
        30          0          0          0          0         60   _chval.o
       828         14          0          0          0         84   _scanf.o
       330          0          0          0          0         84   _scanf_int.o
       232          0          0          0          0         84   _scanf_str.o
        68          0          0          0          0         76   _sgetc.o
       166          0          0          0          0         84   _strtoul.o
        26          0          0          0          0         72   atoi.o
         8          4        133          0          0         60   ctype_o.o
         0          0          0          0          0          0   entry.o
         0          0          0          0          0          0   entry10a.o
         0          0          0          0          0          0   entry11a.o
         4          0          0          0          0          0   entry12b.o
         8          4          0          0          0          0   entry2.o
         4          0          0          0          0          0   entry5.o
         0          0          0          0          0          0   entry7b.o
         0          0          0          0          0          0   entry8b.o
         8          4          0          0          0          0   entry9a.o
         8          4          0          4          0         60   errno.o
        30          0          0          0          0          0   handlers.o
        40          0          0          0          0         72   idiv.o
        36          8          0          0          0         68   init.o
        18          0          0          0          0         68   isspace_o.o
         0          0          0          0          0          0   iusefp.o
       122          0          0          0          0         84   llmul.o
        32          0          0          0          0         68   llshl.o
        38          0          0          0          0         68   llsshr.o
        34          0          0          0          0         68   llushr.o
       368         36          0          0          0        308   mallocr.o
        26          0          0          0          0         72   memcmp.o
        36          0          0          0          0         60   memcpya.o
        36          0          0          0          0        100   memseta.o
         0          0          0          8          0          0   mvars.o
      2400        104          0          0          0        696   printfa.o
        44          8          0          0          0         84   scanf_char.o
       898         12          0          0          0        184   scanf_fp.o
        24          0          0          0          0         60   strcat.o
        20          0          0          0          0         60   strchr.o
        28          0          0          0          0         68   strcmp.o
        18          0          0          0          0         60   strcpy.o
        14          0          0          0          0         60   strlen.o
        30          0          0          0          0         72   strncmp.o
        26          0          0          0          0         68   strncpy.o
        40          0          0          0          0         72   strstr.o
       164         16          0          0          0        120   strtod.o
        76          6          0          4          0         88   strtok_r.o
       112          4          0          0          0         76   strtol.o
        12          0          0          0          0         60   tolower.o
        44          0          0          0          0         72   uidiv.o
        96          0          0          0          0         84   uldiv.o
        28          0          0          0          0         68   uread8.o
        30          0          0          0          0         72   uwrite8.o
        40          2          0          0          0         68   cdcmple.o
        40          2          0          0          0         68   cdrcmple.o
        56          0          0          0          0         68   d2f.o
       360          6          0          0          0        140   dadd.o
       240          6          0          0          0         84   ddiv.o
       236          0          0          0          0        216   depilogue.o
        72         10          0          0          0         72   dfixi.o
        60         10          0          0          0         68   dfixui.o
        64         10          0          0          0         68   dfixul.o
        40          6          0          0          0         68   dflti.o
        28          4          0          0          0         68   dfltui.o
        28          6          0          0          0         68   dfltul.o
       208          6          0          0          0         88   dmul.o
       130          0          0          0          0        144   fepilogue.o

    ----------------------------------------------------------------------
      8432        302        136         16          0       5268   Library Totals
        16          0          3          0          0          0   (incl. Padding)

    ----------------------------------------------------------------------

      Code (inc. data)   RO Data    RW Data    ZI Data      Debug   Library Name

        28          0          0          0          0         72   m_ps.l
      6786        234        133         16          0       3908   mc_p.l
      1602         68          0          0          0       1288   mf_p.l

    ----------------------------------------------------------------------
      8432        302        136         16          0       5268   Library Totals

    ----------------------------------------------------------------------

==============================================================================


      Code (inc. data)   RO Data    RW Data    ZI Data      Debug   

     50188       7028        844        452      12756     775057   Grand Totals
     50188       7028        844        148      12756     775057   ELF Image Totals (compressed)
     50188       7028        844        148          0          0   ROM Totals

==============================================================================

    Total RO  Size (Code + RO Data)                51032 (  49.84kB)
    Total RW  Size (RW Data + ZI Data)             13208 (  12.90kB)
    Total ROM Size (Code + RO Data + RW Data)      51180 (  49.98kB)

==============================================================================

