Component: ARM Compiler 5.06 update 7 (build 960) Tool: armlink [4d3601]

==============================================================================

Section Cross References

    startup_stm32g070xx.o(RESET) refers to startup_stm32g070xx.o(STACK) for __initial_sp
    startup_stm32g070xx.o(RESET) refers to startup_stm32g070xx.o(.text) for Reset_Handler
    startup_stm32g070xx.o(RESET) refers to stm32g0xx_it.o(i.NMI_Handler) for NMI_Handler
    startup_stm32g070xx.o(RESET) refers to stm32g0xx_it.o(i.HardFault_Handler) for HardFault_Handler
    startup_stm32g070xx.o(RESET) refers to stm32g0xx_it.o(i.SVC_Handler) for SVC_Handler
    startup_stm32g070xx.o(RESET) refers to stm32g0xx_it.o(i.PendSV_Handler) for PendSV_Handler
    startup_stm32g070xx.o(RESET) refers to stm32g0xx_it.o(i.SysTick_Handler) for SysTick_Handler
    startup_stm32g070xx.o(RESET) refers to stm32g0xx_it.o(i.EXTI4_15_IRQHandler) for EXTI4_15_IRQHandler
    startup_stm32g070xx.o(RESET) refers to stm32g0xx_it.o(i.TIM1_BRK_UP_TRG_COM_IRQHandler) for TIM1_BRK_UP_TRG_COM_IRQHandler
    startup_stm32g070xx.o(RESET) refers to ec600n.o(i.USART1_IRQHandler) for USART1_IRQHandler
    startup_stm32g070xx.o(RESET) refers to modbus.o(i.USART2_IRQHandler) for USART2_IRQHandler
    startup_stm32g070xx.o(RESET) refers to debug.o(i.USART3_4_IRQHandler) for USART3_4_IRQHandler
    startup_stm32g070xx.o(.text) refers to system_stm32g0xx.o(i.SystemInit) for SystemInit
    startup_stm32g070xx.o(.text) refers to entry.o(.ARM.Collect$$$$00000000) for __main
    main.o(i.SystemClock_Config) refers to memseta.o(.text) for __aeabi_memclr4
    main.o(i.SystemClock_Config) refers to stm32g0xx_hal_pwr_ex.o(i.HAL_PWREx_ControlVoltageScaling) for HAL_PWREx_ControlVoltageScaling
    main.o(i.SystemClock_Config) refers to stm32g0xx_hal_rcc.o(i.HAL_RCC_OscConfig) for HAL_RCC_OscConfig
    main.o(i.SystemClock_Config) refers to stm32g0xx_hal_rcc.o(i.HAL_RCC_ClockConfig) for HAL_RCC_ClockConfig
    main.o(i.SystemClock_Config) refers to stm32g0xx_hal_rcc_ex.o(i.HAL_RCCEx_PeriphCLKConfig) for HAL_RCCEx_PeriphCLKConfig
    main.o(i.main) refers to stm32g0xx_hal.o(i.HAL_Init) for HAL_Init
    main.o(i.main) refers to main.o(i.SystemClock_Config) for SystemClock_Config
    main.o(i.main) refers to gpio.o(i.MX_GPIO_Init) for MX_GPIO_Init
    main.o(i.main) refers to tim.o(i.MX_TIM1_Init) for MX_TIM1_Init
    main.o(i.main) refers to usart.o(i.MX_USART1_UART_Init) for MX_USART1_UART_Init
    main.o(i.main) refers to usart.o(i.MX_USART3_UART_Init) for MX_USART3_UART_Init
    main.o(i.main) refers to flash.o(i.init_flash) for init_flash
    main.o(i.main) refers to iwdg.o(i.MX_IWDG_Init) for MX_IWDG_Init
    main.o(i.main) refers to stm32g0xx_hal_cortex.o(i.HAL_NVIC_SetPriority) for HAL_NVIC_SetPriority
    main.o(i.main) refers to stm32g0xx_hal_cortex.o(i.HAL_NVIC_EnableIRQ) for HAL_NVIC_EnableIRQ
    main.o(i.main) refers to ec600n.o(i.reg_fat_uart_send_byte) for reg_fat_uart_send_byte
    main.o(i.main) refers to printfa.o(i.__0printf) for __2printf
    main.o(i.main) refers to stm32g0xx_hal_iwdg.o(i.HAL_IWDG_Refresh) for HAL_IWDG_Refresh
    main.o(i.main) refers to debug.o(i.Handle_Debug) for Handle_Debug
    main.o(i.main) refers to lte_demo.o(i.module_MQTT) for module_MQTT
    main.o(i.main) refers to gaspower.o(i.Handle_Gaspowercontrol) for Handle_Gaspowercontrol
    main.o(i.main) refers to flash.o(i.handle_flash) for handle_flash
    main.o(i.main) refers to mqtt_topic.o(i.Handle_topic) for Handle_topic
    main.o(i.main) refers to mqtt_topic.o(i.Handle_MQTT_live) for Handle_MQTT_live
    main.o(i.main) refers to gaspower.o(i.Handle_GasCost) for Handle_GasCost
    main.o(i.main) refers to usart.o(.bss) for huart1
    main.o(i.main) refers to ec600n.o(i.uart1_send_byte) for uart1_send_byte
    main.o(i.main) refers to debug.o(.bss) for Device_Manage
    main.o(i.main) refers to iwdg.o(.bss) for hiwdg
    gpio.o(i.MX_GPIO_Init) refers to memseta.o(.text) for __aeabi_memclr4
    gpio.o(i.MX_GPIO_Init) refers to stm32g0xx_hal_gpio.o(i.HAL_GPIO_Init) for HAL_GPIO_Init
    gpio.o(i.MX_GPIO_Init) refers to stm32g0xx_hal_gpio.o(i.HAL_GPIO_WritePin) for HAL_GPIO_WritePin
    gpio.o(i.MX_GPIO_Init) refers to stm32g0xx_hal_cortex.o(i.HAL_NVIC_SetPriority) for HAL_NVIC_SetPriority
    gpio.o(i.MX_GPIO_Init) refers to stm32g0xx_hal_cortex.o(i.HAL_NVIC_EnableIRQ) for HAL_NVIC_EnableIRQ
    gpio.o(i.Single_Wire_input) refers to memseta.o(.text) for __aeabi_memclr4
    gpio.o(i.Single_Wire_input) refers to stm32g0xx_hal_gpio.o(i.HAL_GPIO_Init) for HAL_GPIO_Init
    gpio.o(i.Single_Wire_input) refers to stm32g0xx_hal_cortex.o(i.HAL_NVIC_EnableIRQ) for HAL_NVIC_EnableIRQ
    gpio.o(i.Single_Wire_output) refers to memseta.o(.text) for __aeabi_memclr4
    gpio.o(i.Single_Wire_output) refers to stm32g0xx_hal_gpio.o(i.HAL_GPIO_Init) for HAL_GPIO_Init
    gpio.o(i.Single_Wire_output) refers to stm32g0xx_hal_cortex.o(i.HAL_NVIC_DisableIRQ) for HAL_NVIC_DisableIRQ
[...]
    .ARM.Collect$$$$00000011                 0x080050cc   Section        0  entry11a.o(.ARM.Collect$$$$00000011)
    .ARM.Collect$$$$00002712                 0x080050cc   Section        4  entry2.o(.ARM.Collect$$$$00002712)
    __lit__00000000                          0x080050cc   Data           4  entry2.o(.ARM.Collect$$$$00002712)
    .text                                    0x080050d0   Section       28  startup_stm32g070xx.o(.text)
    .text                                    0x080050ec   Section        0  uidiv.o(.text)
    .text                                    0x08005118   Section        0  memcpya.o(.text)
    .text                                    0x0800513c   Section        0  memseta.o(.text)
    .text                                    0x08005160   Section        0  strcat.o(.text)
    .text                                    0x08005178   Section        0  strstr.o(.text)
    .text                                    0x080051a0   Section        0  strlen.o(.text)
    .text                                    0x080051ae   Section        0  strcmp.o(.text)
    .text                                    0x080051ca   Section        0  strcpy.o(.text)
    .text                                    0x080051dc   Section        0  strncmp.o(.text)
    .text                                    0x080051fa   Section        0  uread4.o(.text)
    .text                                    0x0800520e   Section        0  uwrite4.o(.text)
    .text                                    0x08005220   Section        0  atoi.o(.text)
    .text                                    0x0800523a   Section        0  uldiv.o(.text)
    .text                                    0x0800529c   Section        0  strtol.o(.text)
    .text                                    0x0800530c   Section        0  dadd.o(.text)
    .text                                    0x0800530c   Section        0  iusefp.o(.text)
    .text                                    0x08005474   Section        0  dmul.o(.text)
    .text                                    0x08005544   Section        0  ddiv.o(.text)
    .text                                    0x08005634   Section        0  dfixul.o(.text)
    .text                                    0x08005674   Section       40  cdrcmple.o(.text)
    .text                                    0x0800569c   Section       36  init.o(.text)
    .text                                    0x080056c0   Section        0  llshl.o(.text)
    .text                                    0x080056e0   Section        0  llushr.o(.text)
    .text                                    0x08005702   Section        0  llsshr.o(.text)
    .text                                    0x08005728   Section        0  ctype_o.o(.text)
    .text                                    0x08005730   Section        0  _strtoul.o(.text)
    .text                                    0x080057d6   Section        0  depilogue.o(.text)
    .text                                    0x08005894   Section        0  _chval.o(.text)
    .text                                    0x080058b2   Section        0  __dczerorl2.o(.text)
    i.EXTI4_15_IRQHandler                    0x08005908   Section        0  stm32g0xx_it.o(i.EXTI4_15_IRQHandler)
    i.Error_Handler                          0x08005930   Section        0  main.o(i.Error_Handler)
    i.FLASH_MassErase                        0x08005934   Section        0  stm32g0xx_hal_flash_ex.o(i.FLASH_MassErase)
    FLASH_MassErase                          0x08005935   Thumb Code    12  stm32g0xx_hal_flash_ex.o(i.FLASH_MassErase)
    i.FLASH_PageErase                        0x08005948   Section        0  stm32g0xx_hal_flash_ex.o(i.FLASH_PageErase)
    i.FLASH_Program_DoubleWord               0x08005968   Section        0  stm32g0xx_hal_flash.o(i.FLASH_Program_DoubleWord)
    FLASH_Program_DoubleWord                 0x08005969   Thumb Code    22  stm32g0xx_hal_flash.o(i.FLASH_Program_DoubleWord)
    i.FLASH_Program_Fast                     0x08005984   Section        0  stm32g0xx_hal_flash.o(i.FLASH_Program_Fast)
    FLASH_Program_Fast                       0x08005985   Thumb Code    46  stm32g0xx_hal_flash.o(i.FLASH_Program_Fast)
    i.FLASH_WaitForLastOperation             0x080059b8   Section        0  stm32g0xx_hal_flash.o(i.FLASH_WaitForLastOperation)
    i.Gaspowercontrol                        0x08005a2c   Section        0  gaspower.o(i.Gaspowercontrol)
    i.GaspsendBoot                           0x08005aa4   Section        0  gaspower.o(i.GaspsendBoot)
    i.Gaspsendbit                            0x08005af8   Section        0  gaspower.o(i.Gaspsendbit)
    i.HAL_DMA_Abort_IT                       0x08005b74   Section        0  stm32g0xx_hal_dma.o(i.HAL_DMA_Abort_IT)
    i.HAL_FLASHEx_Erase                      0x08005bf4   Section        0  stm32g0xx_hal_flash_ex.o(i.HAL_FLASHEx_Erase)
    i.HAL_FLASH_Lock                         0x08005c74   Section        0  stm32g0xx_hal_flash.o(i.HAL_FLASH_Lock)
    i.HAL_FLASH_Program                      0x08005c90   Section        0  stm32g0xx_hal_flash.o(i.HAL_FLASH_Program)
    i.HAL_FLASH_Unlock                       0x08005cf0   Section        0  stm32g0xx_hal_flash.o(i.HAL_FLASH_Unlock)
    i.HAL_GPIO_EXTI_Falling_Callback         0x08005d18   Section        0  stm32g0xx_hal_gpio.o(i.HAL_GPIO_EXTI_Falling_Callback)
    i.HAL_GPIO_EXTI_IRQHandler               0x08005d1c   Section        0  stm32g0xx_hal_gpio.o(i.HAL_GPIO_EXTI_IRQHandler)
    i.HAL_GPIO_EXTI_Rising_Callback          0x08005d44   Section        0  stm32g0xx_hal_gpio.o(i.HAL_GPIO_EXTI_Rising_Callback)
    i.HAL_GPIO_Init                          0x08005d48   Section        0  stm32g0xx_hal_gpio.o(i.HAL_GPIO_Init)
    i.HAL_GPIO_ReadPin                       0x08005e7c   Section        0  stm32g0xx_hal_gpio.o(i.HAL_GPIO_ReadPin)
    i.HAL_GPIO_TogglePin                     0x08005e86   Section        0  stm32g0xx_hal_gpio.o(i.HAL_GPIO_TogglePin)
    i.HAL_GPIO_WritePin                      0x08005e94   Section        0  stm32g0xx_hal_gpio.o(i.HAL_GPIO_WritePin)
    i.HAL_GetTick                            0x08005ea0   Section        0  stm32g0xx_hal.o(i.HAL_GetTick)
    i.HAL_IWDG_Init                          0x08005eac   Section        0  stm32g0xx_hal_iwdg.o(i.HAL_IWDG_Init)
    i.HAL_IWDG_Refresh                       0x08005f10   Section        0  stm32g0xx_hal_iwdg.o(i.HAL_IWDG_Refresh)
    i.HAL_IncTick                            0x08005f20   Section        0  stm32g0xx_hal.o(i.HAL_IncTick)
    i.HAL_Init                               0x08005f30   Section        0  stm32g0xx_hal.o(i.HAL_Init)
    i.HAL_InitTick                           0x08005f58   Section        0  stm32g0xx_hal.o(i.HAL_InitTick)
    i.HAL_MspInit                            0x08005fa0   Section        0  stm32g0xx_hal_msp.o(i.HAL_MspInit)
    i.HAL_NVIC_DisableIRQ                    0x08005fd4   Section        0  stm32g0xx_hal_cortex.o(i.HAL_NVIC_DisableIRQ)
    i.HAL_NVIC_EnableIRQ                     0x08005ff4   Section        0  stm32g0xx_hal_cortex.o(i.HAL_NVIC_EnableIRQ)
    i.HAL_NVIC_SetPriority                   0x0800600c   Section        0  stm32g0xx_hal_cortex.o(i.HAL_NVIC_SetPriority)
    i.HAL_PWREx_ControlVoltageScaling        0x08006014   Section        0  stm32g0xx_hal_pwr_ex.o(i.HAL_PWREx_ControlVoltageScaling)
    i.HAL_RCCEx_PeriphCLKConfig              0x08006060   Section        0  stm32g0xx_hal_rcc_ex.o(i.HAL_RCCEx_PeriphCLKConfig)
    i.HAL_RCC_ClockConfig                    0x080061c0   Section        0  stm32g0xx_hal_rcc.o(i.HAL_RCC_ClockConfig)
    i.HAL_RCC_GetPCLK1Freq                   0x08006318   Section        0  stm32g0xx_hal_rcc.o(i.HAL_RCC_GetPCLK1Freq)
    i.HAL_RCC_GetSysClockFreq                0x08006340   Section        0  stm32g0xx_hal_rcc.o(i.HAL_RCC_GetSysClockFreq)
    i.HAL_RCC_OscConfig                      0x080063cc   Section        0  stm32g0xx_hal_rcc.o(i.HAL_RCC_OscConfig)
    i.HAL_SYSCFG_StrobeDBattpinsConfig       0x080067ac   Section        0  stm32g0xx_hal.o(i.HAL_SYSCFG_StrobeDBattpinsConfig)
    i.HAL_SYSTICK_Config                     0x080067c0   Section        0  stm32g0xx_hal_cortex.o(i.HAL_SYSTICK_Config)
    i.HAL_TIMEx_Break2Callback               0x080067f0   Section        0  stm32g0xx_hal_tim_ex.o(i.HAL_TIMEx_Break2Callback)
    i.HAL_TIMEx_BreakCallback                0x080067f2   Section        0  stm32g0xx_hal_tim_ex.o(i.HAL_TIMEx_BreakCallback)
    i.HAL_TIMEx_CommutCallback               0x080067f4   Section        0  stm32g0xx_hal_tim_ex.o(i.HAL_TIMEx_CommutCallback)
    i.HAL_TIMEx_ConfigBreakDeadTime          0x080067f8   Section        0  stm32g0xx_hal_tim_ex.o(i.HAL_TIMEx_ConfigBreakDeadTime)
    i.HAL_TIMEx_MasterConfigSynchronization  0x080068a4   Section        0  stm32g0xx_hal_tim_ex.o(i.HAL_TIMEx_MasterConfigSynchronization)
    i.HAL_TIM_Base_Init                      0x080068f8   Section        0  stm32g0xx_hal_tim.o(i.HAL_TIM_Base_Init)
    i.HAL_TIM_Base_MspInit                   0x0800692c   Section        0  tim.o(i.HAL_TIM_Base_MspInit)
    i.HAL_TIM_Base_Start_IT                  0x08006950   Section        0  stm32g0xx_hal_tim.o(i.HAL_TIM_Base_Start_IT)
    i.HAL_TIM_ConfigClockSource              0x0800697c   Section        0  stm32g0xx_hal_tim.o(i.HAL_TIM_ConfigClockSource)
    i.HAL_TIM_IC_CaptureCallback             0x08006a54   Section        0  stm32g0xx_hal_tim.o(i.HAL_TIM_IC_CaptureCallback)
    i.HAL_TIM_IRQHandler                     0x08006a58   Section        0  stm32g0xx_hal_tim.o(i.HAL_TIM_IRQHandler)
    i.HAL_TIM_OC_DelayElapsedCallback        0x08006bdc   Section        0  stm32g0xx_hal_tim.o(i.HAL_TIM_OC_DelayElapsedCallback)
    i.HAL_TIM_PWM_PulseFinishedCallback      0x08006bde   Section        0  stm32g0xx_hal_tim.o(i.HAL_TIM_PWM_PulseFinishedCallback)
    i.HAL_TIM_PeriodElapsedCallback          0x08006be0   Section        0  stm32g0xx_hal_tim.o(i.HAL_TIM_PeriodElapsedCallback)
    i.HAL_TIM_TriggerCallback                0x08006be2   Section        0  stm32g0xx_hal_tim.o(i.HAL_TIM_TriggerCallback)
    i.HAL_UARTEx_DisableFifoMode             0x08006be4   Section        0  stm32g0xx_hal_uart_ex.o(i.HAL_UARTEx_DisableFifoMode)
    i.HAL_UARTEx_RxFifoFullCallback          0x08006c26   Section        0  stm32g0xx_hal_uart_ex.o(i.HAL_UARTEx_RxFifoFullCallback)
    i.HAL_UARTEx_SetRxFifoThreshold          0x08006c28   Section        0  stm32g0xx_hal_uart_ex.o(i.HAL_UARTEx_SetRxFifoThreshold)
    i.HAL_UARTEx_SetTxFifoThreshold          0x08006c76   Section        0  stm32g0xx_hal_uart_ex.o(i.HAL_UARTEx_SetTxFifoThreshold)
    i.HAL_UARTEx_TxFifoEmptyCallback         0x08006cc2   Section        0  stm32g0xx_hal_uart_ex.o(i.HAL_UARTEx_TxFifoEmptyCallback)
    i.HAL_UARTEx_WakeupCallback              0x08006cc4   Section        0  stm32g0xx_hal_uart_ex.o(i.HAL_UARTEx_WakeupCallback)
    i.HAL_UART_ErrorCallback                 0x08006cc6   Section        0  stm32g0xx_hal_uart.o(i.HAL_UART_ErrorCallback)
    i.HAL_UART_IRQHandler                    0x08006cc8   Section        0  stm32g0xx_hal_uart.o(i.HAL_UART_IRQHandler)
    i.HAL_UART_Init                          0x08006e4c   Section        0  stm32g0xx_hal_uart.o(i.HAL_UART_Init)
    i.HAL_UART_MspInit                       0x08006ebc   Section        0  usart.o(i.HAL_UART_MspInit)
    i.HAL_UART_Transmit                      0x08006fc4   Section        0  stm32g0xx_hal_uart.o(i.HAL_UART_Transmit)
    i.HAL_UART_TxCpltCallback                0x080070a4   Section        0  stm32g0xx_hal_uart.o(i.HAL_UART_TxCpltCallback)
    i.Handle_Debug                           0x080070a8   Section        0  debug.o(i.Handle_Debug)
    i.Handle_GasCost                         0x08007774   Section        0  gaspower.o(i.Handle_GasCost)
    i.Handle_Gaspowercontrol                 0x080078e0   Section        0  gaspower.o(i.Handle_Gaspowercontrol)
    i.Handle_MQTT_live                       0x08007aec   Section        0  mqtt_topic.o(i.Handle_MQTT_live)
    i.Handle_topic                           0x08007b18   Section        0  mqtt_topic.o(i.Handle_topic)
    i.HardFault_Handler                      0x08008180   Section        0  stm32g0xx_it.o(i.HardFault_Handler)
    i.MX_GPIO_Init                           0x08008184   Section        0  gpio.o(i.MX_GPIO_Init)
    i.MX_IWDG_Init                           0x08008204   Section        0  iwdg.o(i.MX_IWDG_Init)
    i.MX_TIM1_Init                           0x08008230   Section        0  tim.o(i.MX_TIM1_Init)
    i.MX_USART1_UART_Init                    0x080082c0   Section        0  usart.o(i.MX_USART1_UART_Init)
    i.MX_USART3_UART_Init                    0x08008328   Section        0  usart.o(i.MX_USART3_UART_Init)
    i.NMI_Handler                            0x08008364   Section        0  stm32g0xx_it.o(i.NMI_Handler)
    i.PendSV_Handler                         0x08008366   Section        0  stm32g0xx_it.o(i.PendSV_Handler)
    i.SVC_Handler                            0x08008368   Section        0  stm32g0xx_it.o(i.SVC_Handler)
    i.Single_Wire_input                      0x0800836c   Section        0  gpio.o(i.Single_Wire_input)
    i.Single_Wire_output                     0x080083a0   Section        0  gpio.o(i.Single_Wire_output)
    i.SysTick_Handler                        0x080083d0   Section        0  stm32g0xx_it.o(i.SysTick_Handler)
    i.SystemClock_Config                     0x080083d8   Section        0  main.o(i.SystemClock_Config)
    i.SystemInit                             0x08008450   Section        0  system_stm32g0xx.o(i.SystemInit)
    i.TIM1_BRK_UP_TRG_COM_IRQHandler         0x08008460   Section        0  stm32g0xx_it.o(i.TIM1_BRK_UP_TRG_COM_IRQHandler)
    i.TIM_Base_SetConfig                     0x080085ac   Section        0  stm32g0xx_hal_tim.o(i.TIM_Base_SetConfig)
    i.TIM_ETR_SetConfig                      0x08008634   Section        0  stm32g0xx_hal_tim.o(i.TIM_ETR_SetConfig)
    i.TIM_ITRx_SetConfig                     0x0800864c   Section        0  stm32g0xx_hal_tim.o(i.TIM_ITRx_SetConfig)
    TIM_ITRx_SetConfig                       0x0800864d   Thumb Code    16  stm32g0xx_hal_tim.o(i.TIM_ITRx_SetConfig)
    i.TIM_TI1_ConfigInputStage               0x08008660   Section        0  stm32g0xx_hal_tim.o(i.TIM_TI1_ConfigInputStage)
    TIM_TI1_ConfigInputStage                 0x08008661   Thumb Code    34  stm32g0xx_hal_tim.o(i.TIM_TI1_ConfigInputStage)
    i.TIM_TI2_ConfigInputStage               0x08008682   Section        0  stm32g0xx_hal_tim.o(i.TIM_TI2_ConfigInputStage)
    TIM_TI2_ConfigInputStage                 0x08008683   Thumb Code    38  stm32g0xx_hal_tim.o(i.TIM_TI2_ConfigInputStage)
    i.Trigger_MQ_T                           0x080086a8   Section        0  mqtt_topic.o(i.Trigger_MQ_T)
    i.UARTEx_SetNbDataToProcess              0x080086dc   Section        0  stm32g0xx_hal_uart_ex.o(i.UARTEx_SetNbDataToProcess)
    UARTEx_SetNbDataToProcess                0x080086dd   Thumb Code    80  stm32g0xx_hal_uart_ex.o(i.UARTEx_SetNbDataToProcess)
    i.UART_AdvFeatureConfig                  0x0800873c   Section        0  stm32g0xx_hal_uart.o(i.UART_AdvFeatureConfig)
    i.UART_CheckIdleState                    0x08008808   Section        0  stm32g0xx_hal_uart.o(i.UART_CheckIdleState)
    i.UART_DMAAbortOnError                   0x0800886c   Section        0  stm32g0xx_hal_uart.o(i.UART_DMAAbortOnError)
    UART_DMAAbortOnError                     0x0800886d   Thumb Code    20  stm32g0xx_hal_uart.o(i.UART_DMAAbortOnError)
    i.UART_EndRxTransfer                     0x08008880   Section        0  stm32g0xx_hal_uart.o(i.UART_EndRxTransfer)
    UART_EndRxTransfer                       0x08008881   Thumb Code    34  stm32g0xx_hal_uart.o(i.UART_EndRxTransfer)
    i.UART_SetConfig                         0x080088a8   Section        0  stm32g0xx_hal_uart.o(i.UART_SetConfig)
    i.UART_WaitOnFlagUntilTimeout            0x08008bb4   Section        0  stm32g0xx_hal_uart.o(i.UART_WaitOnFlagUntilTimeout)
    i.USART1_IRQHandler                      0x08008c1c   Section        0  ec600n.o(i.USART1_IRQHandler)
    i.USART2_IRQHandler                      0x08008c78   Section        0  modbus.o(i.USART2_IRQHandler)
    i.USART3_4_IRQHandler                    0x08008cd0   Section        0  debug.o(i.USART3_4_IRQHandler)
    i.__0printf                              0x08008d24   Section        0  printfa.o(i.__0printf)
    i.__0sprintf                             0x08008d44   Section        0  printfa.o(i.__0sprintf)
    i.__ARM_clz                              0x08008d6c   Section        0  depilogue.o(i.__ARM_clz)
    i.__ARM_common_switch8                   0x08008d9a   Section        0  stm32g0xx_hal_dma.o(i.__ARM_common_switch8)
    i.__NVIC_SetPriority                     0x08008db4   Section        0  stm32g0xx_hal_cortex.o(i.__NVIC_SetPriority)
    __NVIC_SetPriority                       0x08008db5   Thumb Code    60  stm32g0xx_hal_cortex.o(i.__NVIC_SetPriority)
    i.__aeabi_errno_addr                     0x08008df8   Section        0  errno.o(i.__aeabi_errno_addr)
    i.__scatterload_copy                     0x08008e00   Section       14  handlers.o(i.__scatterload_copy)
    i.__scatterload_null                     0x08008e0e   Section        2  handlers.o(i.__scatterload_null)
    i.__scatterload_zeroinit                 0x08008e10   Section       14  handlers.o(i.__scatterload_zeroinit)
    i._fp_digits                             0x08008e20   Section        0  printfa.o(i._fp_digits)
    _fp_digits                               0x08008e21   Thumb Code   344  printfa.o(i._fp_digits)
    i._printf_core                           0x08008f94   Section        0  printfa.o(i._printf_core)
    _printf_core                             0x08008f95   Thumb Code  1760  printfa.o(i._printf_core)
    i._printf_post_padding                   0x08009684   Section        0  printfa.o(i._printf_post_padding)
    _printf_post_padding                     0x08009685   Thumb Code    32  printfa.o(i._printf_post_padding)
    i._printf_pre_padding                    0x080096a4   Section        0  printfa.o(i._printf_pre_padding)
    _printf_pre_padding                      0x080096a5   Thumb Code    44  printfa.o(i._printf_pre_padding)
    i._sputc                                 0x080096d0   Section        0  printfa.o(i._sputc)
    _sputc                                   0x080096d1   Thumb Code    10  printfa.o(i._sputc)
    i.bk_flash_Read_uint8                    0x080096dc   Section        0  flash.o(i.bk_flash_Read_uint8)
    i.bk_flash_WriteOnePage_uint8            0x08009714   Section        0  flash.o(i.bk_flash_WriteOnePage_uint8)
    i.char_str                               0x08009804   Section        0  mqtt_topic.o(i.char_str)
    i.clear_bufer                            0x0800986e   Section        0  lte_demo.o(i.clear_bufer)
    i.f                                      0x08009880   Section        0  gaspower.o(i.f)
    i.fat_cmdres_keyword_matching            0x0800989c   Section        0  ec600n.o(i.fat_cmdres_keyword_matching)
    i.fat_send_wait_cmdres_blocking          0x080098ec   Section        0  ec600n.o(i.fat_send_wait_cmdres_blocking)
    i.fat_send_wait_cmdres_nonblocking       0x08009958   Section        0  ec600n.o(i.fat_send_wait_cmdres_nonblocking)
    i.fat_tim_proc                           0x080099b4   Section        0  ec600n.o(i.fat_tim_proc)
    i.fat_uart_clean                         0x080099e0   Section        0  ec600n.o(i.fat_uart_clean)
    i.fat_uart_send_byte                     0x08009a00   Section        0  ec600n.o(i.fat_uart_send_byte)
    i.fat_uart_send_str                      0x08009a04   Section        0  ec600n.o(i.fat_uart_send_str)
    i.flash_Factory                          0x08009a20   Section        0  flash.o(i.flash_Factory)
    i.fputc                                  0x08009bb4   Section        0  debug.o(i.fputc)
    i.handle_MQTTConvert                     0x08009bd0   Section        0  lte_demo.o(i.handle_MQTTConvert)
    i.handle_flash                           0x08009e14   Section        0  flash.o(i.handle_flash)
    i.init_flash                             0x08009e70   Section        0  flash.o(i.init_flash)
    i.main                                   0x08009f5c   Section        0  main.o(i.main)
    i.match_csq                              0x0800a008   Section        0  lte_demo.o(i.match_csq)
    i.match_recv_data                        0x0800a060   Section        0  lte_demo.o(i.match_recv_data)
    i.module_MQTT                            0x0800a0f0   Section        0  lte_demo.o(i.module_MQTT)
    i.module_connet_parm_init                0x0800a22c   Section        0  lte_demo.o(i.module_connet_parm_init)
    i.module_data                            0x0800a4b4   Section        0  lte_demo.o(i.module_data)
    i.module_flightmode                      0x0800a63c   Section        0  lte_demo.o(i.module_flightmode)
    i.module_is_ready                        0x0800a770   Section        0  lte_demo.o(i.module_is_ready)
    i.module_reset                           0x0800a89c   Section        0  lte_demo.o(i.module_reset)
    i.reg_fat_uart_send_byte                 0x0800a8f0   Section        0  ec600n.o(i.reg_fat_uart_send_byte)
    i.topic_check_list                       0x0800a900   Section        0  mqtt_topic.o(i.topic_check_list)
    i.uart1_send_byte                        0x0800a928   Section        0  ec600n.o(i.uart1_send_byte)
    i.wait_timeout                           0x0800a940   Section        0  ec600n.o(i.wait_timeout)
    .constdata                               0x0800a964   Section       64  system_stm32g0xx.o(.constdata)
    .constdata                               0x0800a9a4   Section       32  system_stm32g0xx.o(.constdata)
    .constdata                               0x0800a9c4   Section       16  gaspower.o(.constdata)
    .constdata                               0x0800a9d4   Section      129  ctype_o.o(.constdata)
    .constdata                               0x0800aa58   Section        4  ctype_o.o(.constdata)
    table                                    0x0800aa58   Data           4  ctype_o.o(.constdata)
    .conststring                             0x0800aa5c   Section      148  flash.o(.conststring)
    .data                                    0x20000000   Section       12  stm32g0xx_it.o(.data)
    .data                                    0x2000000c   Section        2  flash.o(.data)
    .data                                    0x20000010   Section       12  stm32g0xx_hal.o(.data)
    .data                                    0x2000001c   Section        4  system_stm32g0xx.o(.data)
    .data                                    0x20000020   Section       12  debug.o(.data)
    .data                                    0x2000002c   Section       20  ec600n.o(.data)
    .data                                    0x20000040   Section      249  gaspower.o(.data)
    .data                                    0x2000013c   Section        8  modbus.o(.data)
    .data                                    0x20000144   Section       16  lte_demo.o(.data)
    state                                    0x20000150   Data           4  lte_demo.o(.data)
    .data                                    0x20000154   Section     3536  mqtt_topic.o(.data)
    .data                                    0x20000f24   Section        4  stdout.o(.data)
    .data                                    0x20000f28   Section        4  errno.o(.data)
    _errno                                   0x20000f28   Data           4  errno.o(.data)
    .bss                                     0x20000f2c   Section       16  iwdg.o(.bss)
    .bss                                     0x20000f3c   Section       64  tim.o(.bss)
    .bss                                     0x20000f7c   Section      420  usart.o(.bss)
    .bss                                     0x20001120   Section     2048  flash.o(.bss)
    .bss                                     0x20001920   Section       24  stm32g0xx_hal_flash.o(.bss)
    .bss                                     0x20001938   Section      272  debug.o(.bss)
    .bss                                     0x20001a48   Section      512  ec600n.o(.bss)
    .bss                                     0x20001c48   Section      200  modbus.o(.bss)
    .bss                                     0x20001d10   Section      100  lte_demo.o(.bss)
    .bss                                     0x20001d74   Section      512  mqtt_topic.o(.bss)
    STACK                                    0x20001f78   Section     1024  startup_stm32g070xx.o(STACK)

    Global Symbols

    Symbol Name                              Value     Ov Type        Size  Object(Section)

    BuildAttributes$$THM_ISAv3M$S$PE$A:L22$X:L11$S22$IEEE1$IW$USESV6$~STKCKD$USESV7$~SHL$OSPACE$ROPI$EBA8$MICROLIB$REQ8$PRES8$EABIv2 0x00000000   Number         0  anon$$obj.o ABSOLUTE
    __ARM_use_no_argv                        0x00000000   Number         0  main.o ABSOLUTE
    _printf_a                                0x00000000   Number         0  stubs.o ABSOLUTE
    _printf_c                                0x00000000   Number         0  stubs.o ABSOLUTE
    _printf_charcount                        0x00000000   Number         0  stubs.o ABSOLUTE
    _printf_d                                0x00000000   Number         0  stubs.o ABSOLUTE
    _printf_e                                0x00000000   Number         0  stubs.o ABSOLUTE
    _printf_f                                0x00000000   Number         0  stubs.o ABSOLUTE
    _printf_flags                            0x00000000   Number         0  stubs.o ABSOLUTE
    _printf_fp_dec                           0x00000000   Number         0  stubs.o ABSOLUTE
    _printf_fp_hex                           0x00000000   Number         0  stubs.o ABSOLUTE
    _printf_g                                0x00000000   Number         0  stubs.o ABSOLUTE
    _printf_i                                0x00000000   Number         0  stubs.o ABSOLUTE
    _printf_int_dec                          0x00000000   Number         0  stubs.o ABSOLUTE
    _printf_l                                0x00000000   Number         0  stubs.o ABSOLUTE
    _printf_lc                               0x00000000   Number         0  stubs.o ABSOLUTE
    _printf_ll                               0x00000000   Number         0  stubs.o ABSOLUTE
    _printf_lld                              0x00000000   Number         0  stubs.o ABSOLUTE
    _printf_lli                              0x00000000   Number         0  stubs.o ABSOLUTE
    _printf_llo                              0x00000000   Number         0  stubs.o ABSOLUTE
    _printf_llu                              0x00000000   Number         0  stubs.o ABSOLUTE
    _printf_llx                              0x00000000   Number         0  stubs.o ABSOLUTE
    _printf_longlong_dec                     0x00000000   Number         0  stubs.o ABSOLUTE
    _printf_longlong_hex                     0x00000000   Number         0  stubs.o ABSOLUTE
    _printf_longlong_oct                     0x00000000   Number         0  stubs.o ABSOLUTE
    _printf_ls                               0x00000000   Number         0  stubs.o ABSOLUTE
    _printf_mbtowc                           0x00000000   Number         0  stubs.o ABSOLUTE
    _printf_n                                0x00000000   Number         0  stubs.o ABSOLUTE
    _printf_o                                0x00000000   Number         0  stubs.o ABSOLUTE
    _printf_p                                0x00000000   Number         0  stubs.o ABSOLUTE
    _printf_percent                          0x00000000   Number         0  stubs.o ABSOLUTE
    _printf_pre_padding                      0x00000000   Number         0  stubs.o ABSOLUTE
    _printf_return_value                     0x00000000   Number         0  stubs.o ABSOLUTE
    _printf_s                                0x00000000   Number         0  stubs.o ABSOLUTE
    _printf_sizespec                         0x00000000   Number         0  stubs.o ABSOLUTE
    _printf_str                              0x00000000   Number         0  stubs.o ABSOLUTE
    _printf_truncate_signed                  0x00000000   Number         0  stubs.o ABSOLUTE
    _printf_truncate_unsigned                0x00000000   Number         0  stubs.o ABSOLUTE
    _printf_u                                0x00000000   Number         0  stubs.o ABSOLUTE
    _printf_wc                               0x00000000   Number         0  stubs.o ABSOLUTE
    _printf_wctomb                           0x00000000   Number         0  stubs.o ABSOLUTE
    _printf_widthprec                        0x00000000   Number         0  stubs.o ABSOLUTE
    _printf_x                                0x00000000   Number         0  stubs.o ABSOLUTE
    __arm_fini_                               - Undefined Weak Reference
    __cpp_initialize__aeabi_                  - Undefined Weak Reference
    __cxa_finalize                            - Undefined Weak Reference
    _clock_init                               - Undefined Weak Reference
    _microlib_exit                            - Undefined Weak Reference
    __Vectors_Size                           0x000000b8   Number         0  startup_stm32g070xx.o ABSOLUTE
    __Vectors                                0x08005000   Data           4  startup_stm32g070xx.o(RESET)
    __Vectors_End                            0x080050b8   Data           0  startup_stm32g070xx.o(RESET)
    __main                                   0x080050b9   Thumb Code     0  entry.o(.ARM.Collect$$$$00000000)
    _main_stk                                0x080050b9   Thumb Code     0  entry2.o(.ARM.Collect$$$$00000001)
    _main_scatterload                        0x080050bd   Thumb Code     0  entry5.o(.ARM.Collect$$$$00000004)
    __main_after_scatterload                 0x080050c1   Thumb Code     0  entry5.o(.ARM.Collect$$$$00000004)
    _main_clock                              0x080050c1   Thumb Code     0  entry7b.o(.ARM.Collect$$$$00000008)
    _main_cpp_init                           0x080050c1   Thumb Code     0  entry8b.o(.ARM.Collect$$$$0000000A)
    _main_init                               0x080050c1   Thumb Code     0  entry9a.o(.ARM.Collect$$$$0000000B)
    __rt_lib_shutdown_fini                   0x080050c9   Thumb Code     0  entry12b.o(.ARM.Collect$$$$0000000E)
    __rt_final_cpp                           0x080050cd   Thumb Code     0  entry10a.o(.ARM.Collect$$$$0000000F)
    __rt_final_exit                          0x080050cd   Thumb Code     0  entry11a.o(.ARM.Collect$$$$00000011)
    Reset_Handler                            0x080050d1   Thumb Code     8  startup_stm32g070xx.o(.text)
    ADC1_IRQHandler                          0x080050e3   Thumb Code     0  startup_stm32g070xx.o(.text)
    DMA1_Ch4_7_DMAMUX1_OVR_IRQHandler        0x080050e3   Thumb Code     0  startup_stm32g070xx.o(.text)
    DMA1_Channel1_IRQHandler                 0x080050e3   Thumb Code     0  startup_stm32g070xx.o(.text)
    DMA1_Channel2_3_IRQHandler               0x080050e3   Thumb Code     0  startup_stm32g070xx.o(.text)
    EXTI0_1_IRQHandler                       0x080050e3   Thumb Code     0  startup_stm32g070xx.o(.text)
    EXTI2_3_IRQHandler                       0x080050e3   Thumb Code     0  startup_stm32g070xx.o(.text)
    FLASH_IRQHandler                         0x080050e3   Thumb Code     0  startup_stm32g070xx.o(.text)
    I2C1_IRQHandler                          0x080050e3   Thumb Code     0  startup_stm32g070xx.o(.text)
    I2C2_IRQHandler                          0x080050e3   Thumb Code     0  startup_stm32g070xx.o(.text)
    RCC_IRQHandler                           0x080050e3   Thumb Code     0  startup_stm32g070xx.o(.text)
    RTC_TAMP_IRQHandler                      0x080050e3   Thumb Code     0  startup_stm32g070xx.o(.text)
    SPI1_IRQHandler                          0x080050e3   Thumb Code     0  startup_stm32g070xx.o(.text)
    SPI2_IRQHandler                          0x080050e3   Thumb Code     0  startup_stm32g070xx.o(.text)
    TIM14_IRQHandler                         0x080050e3   Thumb Code     0  startup_stm32g070xx.o(.text)
    TIM15_IRQHandler                         0x080050e3   Thumb Code     0  startup_stm32g070xx.o(.text)
    TIM16_IRQHandler                         0x080050e3   Thumb Code     0  startup_stm32g070xx.o(.text)
    TIM17_IRQHandler                         0x080050e3   Thumb Code     0  startup_stm32g070xx.o(.text)
    TIM1_CC_IRQHandler                       0x080050e3   Thumb Code     0  startup_stm32g070xx.o(.text)
    TIM3_IRQHandler                          0x080050e3   Thumb Code     0  startup_stm32g070xx.o(.text)
    TIM6_IRQHandler                          0x080050e3   Thumb Code     0  startup_stm32g070xx.o(.text)
    TIM7_IRQHandler                          0x080050e3   Thumb Code     0  startup_stm32g070xx.o(.text)
    WWDG_IRQHandler                          0x080050e3   Thumb Code     0  startup_stm32g070xx.o(.text)
    __aeabi_uidiv                            0x080050ed   Thumb Code     0  uidiv.o(.text)
    __aeabi_uidivmod                         0x080050ed   Thumb Code    44  uidiv.o(.text)
    __aeabi_memcpy                           0x08005119   Thumb Code    36  memcpya.o(.text)
    __aeabi_memcpy4                          0x08005119   Thumb Code     0  memcpya.o(.text)
    __aeabi_memcpy8                          0x08005119   Thumb Code     0  memcpya.o(.text)
    __aeabi_memset                           0x0800513d   Thumb Code    14  memseta.o(.text)
    __aeabi_memset4                          0x0800513d   Thumb Code     0  memseta.o(.text)
    __aeabi_memset8                          0x0800513d   Thumb Code     0  memseta.o(.text)
    __aeabi_memclr                           0x0800514b   Thumb Code     4  memseta.o(.text)
    __aeabi_memclr4                          0x0800514b   Thumb Code     0  memseta.o(.text)
    __aeabi_memclr8                          0x0800514b   Thumb Code     0  memseta.o(.text)
    _memset$wrapper                          0x0800514f   Thumb Code    18  memseta.o(.text)
    strcat                                   0x08005161   Thumb Code    24  strcat.o(.text)
    strstr                                   0x08005179   Thumb Code    40  strstr.o(.text)
    strlen                                   0x080051a1   Thumb Code    14  strlen.o(.text)
    strcmp                                   0x080051af   Thumb Code    28  strcmp.o(.text)
    strcpy                                   0x080051cb   Thumb Code    18  strcpy.o(.text)
    strncmp                                  0x080051dd   Thumb Code    30  strncmp.o(.text)
    __aeabi_uread4                           0x080051fb   Thumb Code    20  uread4.o(.text)
    __rt_uread4                              0x080051fb   Thumb Code     0  uread4.o(.text)
    _uread4                                  0x080051fb   Thumb Code     0  uread4.o(.text)
    __aeabi_uwrite4                          0x0800520f   Thumb Code    18  uwrite4.o(.text)
    __rt_uwrite4                             0x0800520f   Thumb Code     0  uwrite4.o(.text)
    _uwrite4                                 0x0800520f   Thumb Code     0  uwrite4.o(.text)
    atoi                                     0x08005221   Thumb Code    26  atoi.o(.text)
    __aeabi_uldivmod                         0x0800523b   Thumb Code    96  uldiv.o(.text)
    strtol                                   0x0800529d   Thumb Code   108  strtol.o(.text)
    __I$use$fp                               0x0800530d   Thumb Code     0  iusefp.o(.text)
    __aeabi_dadd                             0x0800530d   Thumb Code   330  dadd.o(.text)
    __aeabi_dsub                             0x08005457   Thumb Code    12  dadd.o(.text)
    __aeabi_drsub                            0x08005463   Thumb Code    12  dadd.o(.text)
    __aeabi_dmul                             0x08005475   Thumb Code   202  dmul.o(.text)
    __aeabi_ddiv                             0x08005545   Thumb Code   234  ddiv.o(.text)
    __aeabi_d2ulz                            0x08005635   Thumb Code    54  dfixul.o(.text)
    __aeabi_cdrcmple                         0x08005675   Thumb Code    38  cdrcmple.o(.text)
    __scatterload                            0x0800569d   Thumb Code    28  init.o(.text)
    __scatterload_rt2                        0x0800569d   Thumb Code     0  init.o(.text)
    __aeabi_llsl                             0x080056c1   Thumb Code    32  llshl.o(.text)
    _ll_shift_l                              0x080056c1   Thumb Code     0  llshl.o(.text)
    __aeabi_llsr                             0x080056e1   Thumb Code    34  llushr.o(.text)
    _ll_ushift_r                             0x080056e1   Thumb Code     0  llushr.o(.text)
    __aeabi_lasr                             0x08005703   Thumb Code    38  llsshr.o(.text)
    _ll_sshift_r                             0x08005703   Thumb Code     0  llsshr.o(.text)
    __rt_ctype_table                         0x08005729   Thumb Code     4  ctype_o.o(.text)
    _strtoul                                 0x08005731   Thumb Code   166  _strtoul.o(.text)
    _double_round                            0x080057d7   Thumb Code    26  depilogue.o(.text)
    _double_epilogue                         0x080057f1   Thumb Code   164  depilogue.o(.text)
    _chval                                   0x08005895   Thumb Code    30  _chval.o(.text)
    __decompress                             0x080058b3   Thumb Code     0  __dczerorl2.o(.text)
    __decompress1                            0x080058b3   Thumb Code    86  __dczerorl2.o(.text)
    EXTI4_15_IRQHandler                      0x08005909   Thumb Code    32  stm32g0xx_it.o(i.EXTI4_15_IRQHandler)
    Error_Handler                            0x08005931   Thumb Code     2  main.o(i.Error_Handler)
    FLASH_PageErase                          0x08005949   Thumb Code    22  stm32g0xx_hal_flash_ex.o(i.FLASH_PageErase)
    FLASH_WaitForLastOperation               0x080059b9   Thumb Code   102  stm32g0xx_hal_flash.o(i.FLASH_WaitForLastOperation)
    Gaspowercontrol                          0x08005a2d   Thumb Code   110  gaspower.o(i.Gaspowercontrol)
    GaspsendBoot                             0x08005aa5   Thumb Code    74  gaspower.o(i.GaspsendBoot)
    Gaspsendbit                              0x08005af9   Thumb Code   114  gaspower.o(i.Gaspsendbit)
    HAL_DMA_Abort_IT                         0x08005b75   Thumb Code   122  stm32g0xx_hal_dma.o(i.HAL_DMA_Abort_IT)
    HAL_FLASHEx_Erase                        0x08005bf5   Thumb Code   120  stm32g0xx_hal_flash_ex.o(i.HAL_FLASHEx_Erase)
    HAL_FLASH_Lock                           0x08005c75   Thumb Code    22  stm32g0xx_hal_flash.o(i.HAL_FLASH_Lock)
    HAL_FLASH_Program                        0x08005c91   Thumb Code    88  stm32g0xx_hal_flash.o(i.HAL_FLASH_Program)
    HAL_FLASH_Unlock                         0x08005cf1   Thumb Code    28  stm32g0xx_hal_flash.o(i.HAL_FLASH_Unlock)
    HAL_GPIO_EXTI_Falling_Callback           0x08005d19   Thumb Code     2  stm32g0xx_hal_gpio.o(i.HAL_GPIO_EXTI_Falling_Callback)
    HAL_GPIO_EXTI_IRQHandler                 0x08005d1d   Thumb Code    36  stm32g0xx_hal_gpio.o(i.HAL_GPIO_EXTI_IRQHandler)
    HAL_GPIO_EXTI_Rising_Callback            0x08005d45   Thumb Code     2  stm32g0xx_hal_gpio.o(i.HAL_GPIO_EXTI_Rising_Callback)
    HAL_GPIO_Init                            0x08005d49   Thumb Code   292  stm32g0xx_hal_gpio.o(i.HAL_GPIO_Init)
    HAL_GPIO_ReadPin                         0x08005e7d   Thumb Code    10  stm32g0xx_hal_gpio.o(i.HAL_GPIO_ReadPin)
    HAL_GPIO_TogglePin                       0x08005e87   Thumb Code    14  stm32g0xx_hal_gpio.o(i.HAL_GPIO_TogglePin)
    HAL_GPIO_WritePin                        0x08005e95   Thumb Code    12  stm32g0xx_hal_gpio.o(i.HAL_GPIO_WritePin)
    HAL_GetTick                              0x08005ea1   Thumb Code     6  stm32g0xx_hal.o(i.HAL_GetTick)
    HAL_IWDG_Init                            0x08005ead   Thumb Code    86  stm32g0xx_hal_iwdg.o(i.HAL_IWDG_Init)
    HAL_IWDG_Refresh                         0x08005f11   Thumb Code    10  stm32g0xx_hal_iwdg.o(i.HAL_IWDG_Refresh)
    HAL_IncTick                              0x08005f21   Thumb Code    12  stm32g0xx_hal.o(i.HAL_IncTick)
    HAL_Init                                 0x08005f31   Thumb Code    36  stm32g0xx_hal.o(i.HAL_Init)
    HAL_InitTick                             0x08005f59   Thumb Code    64  stm32g0xx_hal.o(i.HAL_InitTick)
    HAL_MspInit                              0x08005fa1   Thumb Code    46  stm32g0xx_hal_msp.o(i.HAL_MspInit)
    HAL_NVIC_DisableIRQ                      0x08005fd5   Thumb Code    26  stm32g0xx_hal_cortex.o(i.HAL_NVIC_DisableIRQ)
    HAL_NVIC_EnableIRQ                       0x08005ff5   Thumb Code    18  stm32g0xx_hal_cortex.o(i.HAL_NVIC_EnableIRQ)
    HAL_NVIC_SetPriority                     0x0800600d   Thumb Code     8  stm32g0xx_hal_cortex.o(i.HAL_NVIC_SetPriority)
    HAL_PWREx_ControlVoltageScaling          0x08006015   Thumb Code    62  stm32g0xx_hal_pwr_ex.o(i.HAL_PWREx_ControlVoltageScaling)
    HAL_RCCEx_PeriphCLKConfig                0x08006061   Thumb Code   338  stm32g0xx_hal_rcc_ex.o(i.HAL_RCCEx_PeriphCLKConfig)
    HAL_RCC_ClockConfig                      0x080061c1   Thumb Code   318  stm32g0xx_hal_rcc.o(i.HAL_RCC_ClockConfig)
    HAL_RCC_GetPCLK1Freq                     0x08006319   Thumb Code    26  stm32g0xx_hal_rcc.o(i.HAL_RCC_GetPCLK1Freq)
    HAL_RCC_GetSysClockFreq                  0x08006341   Thumb Code   130  stm32g0xx_hal_rcc.o(i.HAL_RCC_GetSysClockFreq)
    HAL_RCC_OscConfig                        0x080063cd   Thumb Code   954  stm32g0xx_hal_rcc.o(i.HAL_RCC_OscConfig)
    HAL_SYSCFG_StrobeDBattpinsConfig         0x080067ad   Thumb Code    16  stm32g0xx_hal.o(i.HAL_SYSCFG_StrobeDBattpinsConfig)
    HAL_SYSTICK_Config                       0x080067c1   Thumb Code    38  stm32g0xx_hal_cortex.o(i.HAL_SYSTICK_Config)
    HAL_TIMEx_Break2Callback                 0x080067f1   Thumb Code     2  stm32g0xx_hal_tim_ex.o(i.HAL_TIMEx_Break2Callback)
    HAL_TIMEx_BreakCallback                  0x080067f3   Thumb Code     2  stm32g0xx_hal_tim_ex.o(i.HAL_TIMEx_BreakCallback)
    HAL_TIMEx_CommutCallback                 0x080067f5   Thumb Code     2  stm32g0xx_hal_tim_ex.o(i.HAL_TIMEx_CommutCallback)
    HAL_TIMEx_ConfigBreakDeadTime            0x080067f9   Thumb Code   168  stm32g0xx_hal_tim_ex.o(i.HAL_TIMEx_ConfigBreakDeadTime)
    HAL_TIMEx_MasterConfigSynchronization    0x080068a5   Thumb Code    78  stm32g0xx_hal_tim_ex.o(i.HAL_TIMEx_MasterConfigSynchronization)
    HAL_TIM_Base_Init                        0x080068f9   Thumb Code    52  stm32g0xx_hal_tim.o(i.HAL_TIM_Base_Init)
    HAL_TIM_Base_MspInit                     0x0800692d   Thumb Code    28  tim.o(i.HAL_TIM_Base_MspInit)
    HAL_TIM_Base_Start_IT                    0x08006951   Thumb Code    38  stm32g0xx_hal_tim.o(i.HAL_TIM_Base_Start_IT)
    HAL_TIM_ConfigClockSource                0x0800697d   Thumb Code   210  stm32g0xx_hal_tim.o(i.HAL_TIM_ConfigClockSource)
    HAL_TIM_IC_CaptureCallback               0x08006a55   Thumb Code     2  stm32g0xx_hal_tim.o(i.HAL_TIM_IC_CaptureCallback)
    HAL_TIM_IRQHandler                       0x08006a59   Thumb Code   382  stm32g0xx_hal_tim.o(i.HAL_TIM_IRQHandler)
    HAL_TIM_OC_DelayElapsedCallback          0x08006bdd   Thumb Code     2  stm32g0xx_hal_tim.o(i.HAL_TIM_OC_DelayElapsedCallback)
    HAL_TIM_PWM_PulseFinishedCallback        0x08006bdf   Thumb Code     2  stm32g0xx_hal_tim.o(i.HAL_TIM_PWM_PulseFinishedCallback)
    HAL_TIM_PeriodElapsedCallback            0x08006be1   Thumb Code     2  stm32g0xx_hal_tim.o(i.HAL_TIM_PeriodElapsedCallback)
    HAL_TIM_TriggerCallback                  0x08006be3   Thumb Code     2  stm32g0xx_hal_tim.o(i.HAL_TIM_TriggerCallback)
    HAL_UARTEx_DisableFifoMode               0x08006be5   Thumb Code    66  stm32g0xx_hal_uart_ex.o(i.HAL_UARTEx_DisableFifoMode)
    HAL_UARTEx_RxFifoFullCallback            0x08006c27   Thumb Code     2  stm32g0xx_hal_uart_ex.o(i.HAL_UARTEx_RxFifoFullCallback)
    HAL_UARTEx_SetRxFifoThreshold            0x08006c29   Thumb Code    78  stm32g0xx_hal_uart_ex.o(i.HAL_UARTEx_SetRxFifoThreshold)
    HAL_UARTEx_SetTxFifoThreshold            0x08006c77   Thumb Code    76  stm32g0xx_hal_uart_ex.o(i.HAL_UARTEx_SetTxFifoThreshold)
    HAL_UARTEx_TxFifoEmptyCallback           0x08006cc3   Thumb Code     2  stm32g0xx_hal_uart_ex.o(i.HAL_UARTEx_TxFifoEmptyCallback)
    HAL_UARTEx_WakeupCallback                0x08006cc5   Thumb Code     2  stm32g0xx_hal_uart_ex.o(i.HAL_UARTEx_WakeupCallback)
    HAL_UART_ErrorCallback                   0x08006cc7   Thumb Code     2  stm32g0xx_hal_uart.o(i.HAL_UART_ErrorCallback)
    HAL_UART_IRQHandler                      0x08006cc9   Thumb Code   380  stm32g0xx_hal_uart.o(i.HAL_UART_IRQHandler)
    HAL_UART_Init                            0x08006e4d   Thumb Code   112  stm32g0xx_hal_uart.o(i.HAL_UART_Init)
    HAL_UART_MspInit                         0x08006ebd   Thumb Code   244  usart.o(i.HAL_UART_MspInit)
    HAL_UART_Transmit                        0x08006fc5   Thumb Code   224  stm32g0xx_hal_uart.o(i.HAL_UART_Transmit)
    HAL_UART_TxCpltCallback                  0x080070a5   Thumb Code     2  stm32g0xx_hal_uart.o(i.HAL_UART_TxCpltCallback)
    Handle_Debug                             0x080070a9   Thumb Code   830  debug.o(i.Handle_Debug)
    Handle_GasCost                           0x08007775   Thumb Code   284  gaspower.o(i.Handle_GasCost)
    Handle_Gaspowercontrol                   0x080078e1   Thumb Code   486  gaspower.o(i.Handle_Gaspowercontrol)
    Handle_MQTT_live                         0x08007aed   Thumb Code    34  mqtt_topic.o(i.Handle_MQTT_live)
    Handle_topic                             0x08007b19   Thumb Code  1610  mqtt_topic.o(i.Handle_topic)
    HardFault_Handler                        0x08008181   Thumb Code     2  stm32g0xx_it.o(i.HardFault_Handler)
    MX_GPIO_Init                             0x08008185   Thumb Code   112  gpio.o(i.MX_GPIO_Init)
    MX_IWDG_Init                             0x08008205   Thumb Code    32  iwdg.o(i.MX_IWDG_Init)
    MX_TIM1_Init                             0x08008231   Thumb Code   136  tim.o(i.MX_TIM1_Init)
    MX_USART1_UART_Init                      0x080082c1   Thumb Code    96  usart.o(i.MX_USART1_UART_Init)
    MX_USART3_UART_Init                      0x08008329   Thumb Code    50  usart.o(i.MX_USART3_UART_Init)
    NMI_Handler                              0x08008365   Thumb Code     2  stm32g0xx_it.o(i.NMI_Handler)
    PendSV_Handler                           0x08008367   Thumb Code     2  stm32g0xx_it.o(i.PendSV_Handler)
    SVC_Handler                              0x08008369   Thumb Code     2  stm32g0xx_it.o(i.SVC_Handler)
    Single_Wire_input                        0x0800836d   Thumb Code    44  gpio.o(i.Single_Wire_input)
    Single_Wire_output                       0x080083a1   Thumb Code    44  gpio.o(i.Single_Wire_output)
    SysTick_Handler                          0x080083d1   Thumb Code     8  stm32g0xx_it.o(i.SysTick_Handler)
    SystemClock_Config                       0x080083d9   Thumb Code   120  main.o(i.SystemClock_Config)
    SystemInit                               0x08008451   Thumb Code    10  system_stm32g0xx.o(i.SystemInit)
    TIM1_BRK_UP_TRG_COM_IRQHandler           0x08008461   Thumb Code   254  stm32g0xx_it.o(i.TIM1_BRK_UP_TRG_COM_IRQHandler)
    TIM_Base_SetConfig                       0x080085ad   Thumb Code   112  stm32g0xx_hal_tim.o(i.TIM_Base_SetConfig)
    TIM_ETR_SetConfig                        0x08008635   Thumb Code    22  stm32g0xx_hal_tim.o(i.TIM_ETR_SetConfig)
    Trigger_MQ_T                             0x080086a9   Thumb Code    44  mqtt_topic.o(i.Trigger_MQ_T)
    UART_AdvFeatureConfig                    0x0800873d   Thumb Code   202  stm32g0xx_hal_uart.o(i.UART_AdvFeatureConfig)
    UART_CheckIdleState                      0x08008809   Thumb Code    94  stm32g0xx_hal_uart.o(i.UART_CheckIdleState)
    UART_SetConfig                           0x080088a9   Thumb Code   744  stm32g0xx_hal_uart.o(i.UART_SetConfig)
    UART_WaitOnFlagUntilTimeout              0x08008bb5   Thumb Code   102  stm32g0xx_hal_uart.o(i.UART_WaitOnFlagUntilTimeout)
    USART1_IRQHandler                        0x08008c1d   Thumb Code    74  ec600n.o(i.USART1_IRQHandler)
    USART2_IRQHandler                        0x08008c79   Thumb Code    72  modbus.o(i.USART2_IRQHandler)
    USART3_4_IRQHandler                      0x08008cd1   Thumb Code    66  debug.o(i.USART3_4_IRQHandler)
    __0printf                                0x08008d25   Thumb Code    24  printfa.o(i.__0printf)
    __1printf                                0x08008d25   Thumb Code     0  printfa.o(i.__0printf)
    __2printf                                0x08008d25   Thumb Code     0  printfa.o(i.__0printf)
    __c89printf                              0x08008d25   Thumb Code     0  printfa.o(i.__0printf)
    printf                                   0x08008d25   Thumb Code     0  printfa.o(i.__0printf)
    __0sprintf                               0x08008d45   Thumb Code    36  printfa.o(i.__0sprintf)
    __1sprintf                               0x08008d45   Thumb Code     0  printfa.o(i.__0sprintf)
    __2sprintf                               0x08008d45   Thumb Code     0  printfa.o(i.__0sprintf)
    __c89sprintf                             0x08008d45   Thumb Code     0  printfa.o(i.__0sprintf)
    sprintf                                  0x08008d45   Thumb Code     0  printfa.o(i.__0sprintf)
    __ARM_clz                                0x08008d6d   Thumb Code    46  depilogue.o(i.__ARM_clz)
    __ARM_common_switch8                     0x08008d9b   Thumb Code    26  stm32g0xx_hal_dma.o(i.__ARM_common_switch8)
    __aeabi_errno_addr                       0x08008df9   Thumb Code     4  errno.o(i.__aeabi_errno_addr)
    __rt_errno_addr                          0x08008df9   Thumb Code     0  errno.o(i.__aeabi_errno_addr)
    __scatterload_copy                       0x08008e01   Thumb Code    14  handlers.o(i.__scatterload_copy)
    __scatterload_null                       0x08008e0f   Thumb Code     2  handlers.o(i.__scatterload_null)
    __scatterload_zeroinit                   0x08008e11   Thumb Code    14  handlers.o(i.__scatterload_zeroinit)
    bk_flash_Read_uint8                      0x080096dd   Thumb Code    50  flash.o(i.bk_flash_Read_uint8)
    bk_flash_WriteOnePage_uint8              0x08009715   Thumb Code   234  flash.o(i.bk_flash_WriteOnePage_uint8)
    char_str                                 0x08009805   Thumb Code   106  mqtt_topic.o(i.char_str)
    clear_bufer                              0x0800986f   Thumb Code    16  lte_demo.o(i.clear_bufer)
    f                                        0x08009881   Thumb Code     6  gaspower.o(i.f)
    fat_cmdres_keyword_matching              0x0800989d   Thumb Code    52  ec600n.o(i.fat_cmdres_keyword_matching)
    fat_send_wait_cmdres_blocking            0x080098ed   Thumb Code    72  ec600n.o(i.fat_send_wait_cmdres_blocking)
    fat_send_wait_cmdres_nonblocking         0x08009959   Thumb Code    66  ec600n.o(i.fat_send_wait_cmdres_nonblocking)
    fat_tim_proc                             0x080099b5   Thumb Code    38  ec600n.o(i.fat_tim_proc)
    fat_uart_clean                           0x080099e1   Thumb Code    22  ec600n.o(i.fat_uart_clean)
    fat_uart_send_byte                       0x08009a01   Thumb Code     2  ec600n.o(i.fat_uart_send_byte)
    fat_uart_send_str                        0x08009a05   Thumb Code    22  ec600n.o(i.fat_uart_send_str)
    flash_Factory                            0x08009a21   Thumb Code    98  flash.o(i.flash_Factory)
    fputc                                    0x08009bb5   Thumb Code    18  debug.o(i.fputc)
    handle_MQTTConvert                       0x08009bd1   Thumb Code   416  lte_demo.o(i.handle_MQTTConvert)
    handle_flash                             0x08009e15   Thumb Code    48  flash.o(i.handle_flash)
    init_flash                               0x08009e71   Thumb Code   148  flash.o(i.init_flash)
    main                                     0x08009f5d   Thumb Code   134  main.o(i.main)
    match_csq                                0x0800a009   Thumb Code    78  lte_demo.o(i.match_csq)
    match_recv_data                          0x0800a061   Thumb Code   118  lte_demo.o(i.match_recv_data)
    module_MQTT                              0x0800a0f1   Thumb Code   248  lte_demo.o(i.module_MQTT)
    module_connet_parm_init                  0x0800a22d   Thumb Code   428  lte_demo.o(i.module_connet_parm_init)
    module_data                              0x0800a4b5   Thumb Code   278  lte_demo.o(i.module_data)
    module_flightmode                        0x0800a63d   Thumb Code   204  lte_demo.o(i.module_flightmode)
    module_is_ready                          0x0800a771   Thumb Code   204  lte_demo.o(i.module_is_ready)
    module_reset                             0x0800a89d   Thumb Code    74  lte_demo.o(i.module_reset)
    reg_fat_uart_send_byte                   0x0800a8f1   Thumb Code    10  ec600n.o(i.reg_fat_uart_send_byte)
    topic_check_list                         0x0800a901   Thumb Code    36  mqtt_topic.o(i.topic_check_list)
    uart1_send_byte                          0x0800a929   Thumb Code    16  ec600n.o(i.uart1_send_byte)
    wait_timeout                             0x0800a941   Thumb Code    32  ec600n.o(i.wait_timeout)
    AHBPrescTable                            0x0800a964   Data          64  system_stm32g0xx.o(.constdata)
    APBPrescTable                            0x0800a9a4   Data          32  system_stm32g0xx.o(.constdata)
    maphexstr                                0x0800a9c4   Data          16  gaspower.o(.constdata)
    __ctype_table                            0x0800a9d4   Data         129  ctype_o.o(.constdata)
    Region$$Table$$Base                      0x0800aaf0   Number         0  anon$$obj.o(Region$$Table)
    Region$$Table$$Limit                     0x0800ab10   Number         0  anon$$obj.o(Region$$Table)
    delaycount                               0x20000000   Data           4  stm32g0xx_it.o(.data)
    delaycount_enable                        0x20000004   Data           4  stm32g0xx_it.o(.data)
    delay100mscount                          0x20000008   Data           4  stm32g0xx_it.o(.data)
    Flag_wr_flash_u8                         0x2000000c   Data           1  flash.o(.data)
    Flag_wr_flash_u16                        0x2000000d   Data           1  flash.o(.data)
    uwTickPrio                               0x20000010   Data           4  stm32g0xx_hal.o(.data)
    uwTickFreq                               0x20000014   Data           4  stm32g0xx_hal.o(.data)
    uwTick                                   0x20000018   Data           4  stm32g0xx_hal.o(.data)
    SystemCoreClock                          0x2000001c   Data           4  system_stm32g0xx.o(.data)
    Debug_Shandle                            0x20000020   Data           1  debug.o(.data)
    USART3RXD_loop                           0x20000021   Data           1  debug.o(.data)
    FLAG_uart3                               0x20000022   Data           1  debug.o(.data)
    debug_onoff                              0x20000023   Data           4  debug.o(.data)
    usart3delay                              0x20000028   Data           4  debug.o(.data)
    Ec600_Shandle                            0x2000002c   Data           1  ec600n.o(.data)
    USART1RXD_loop                           0x2000002d   Data           1  ec600n.o(.data)
    ucTimeOutStartFlg                        0x2000002e   Data           1  ec600n.o(.data)
    ucTimeOutValReachedFlg                   0x2000002f   Data           1  ec600n.o(.data)
    FLAG_uart1                               0x20000030   Data           1  ec600n.o(.data)
    usDelayCount                             0x20000032   Data           2  ec600n.o(.data)
    usTimeOutCount                           0x20000034   Data           2  ec600n.o(.data)
    usTimeOutVal                             0x20000036   Data           2  ec600n.o(.data)
    uart_send_byte                           0x20000038   Data           4  ec600n.o(.data)
    usart1delay                              0x2000003c   Data           4  ec600n.o(.data)
    Single_bus_state                         0x20000040   Data           1  gaspower.o(.data)
    Gaspowercontrol_send_flag                0x20000041   Data           1  gaspower.o(.data)
    Gaspsend_delaycount                      0x20000042   Data           1  gaspower.o(.data)
    Gasprev_delaycount                       0x20000043   Data           1  gaspower.o(.data)
    EXTI4_15_Single_Wire_Pin_flag            0x20000044   Data           1  gaspower.o(.data)
    IntegrationFlag                          0x20000045   Data           1  gaspower.o(.data)
    IntegrationDelay                         0x20000046   Data           1  gaspower.o(.data)
    DC_TX_state                              0x20000047   Data           1  gaspower.o(.data)
    Gaspower_index                           0x20000048   Data           4  gaspower.o(.data)
    byte_send_state                          0x2000004c   Data           4  gaspower.o(.data)
    bit_send_state                           0x20000050   Data           4  gaspower.o(.data)
    byte_rev_state                           0x20000054   Data           4  gaspower.o(.data)
    bit_rev_state                            0x20000058   Data           4  gaspower.o(.data)
    bit_rev_flag                             0x2000005c   Data           4  gaspower.o(.data)
    bit_rev_cunt                             0x20000060   Data           4  gaspower.o(.data)
    rev_outtime_cunt                         0x20000064   Data           4  gaspower.o(.data)
    send_waittime_cunt                       0x20000068   Data           4  gaspower.o(.data)
    CostofGas                                0x2000006c   Data           4  gaspower.o(.data)
    CostofWater                              0x20000070   Data           4  gaspower.o(.data)
    CostofElect                              0x20000074   Data           4  gaspower.o(.data)
    gaspc_send                               0x20000078   Data          11  gaspower.o(.data)
    gaspc_rev                                0x20000083   Data          30  gaspower.o(.data)
    GASwall_Manage                           0x200000a1   Data         152  gaspower.o(.data)
    USART2RXD_loop                           0x2000013c   Data           1  modbus.o(.data)
    En_RS485_Shandle                         0x2000013d   Data           1  modbus.o(.data)
    FLAG_uart2                               0x2000013e   Data           1  modbus.o(.data)
    usart2delay                              0x20000140   Data           4  modbus.o(.data)
    ucStateNum                               0x20000144   Data           1  lte_demo.o(.data)
    ucFlightModeTimes                        0x20000145   Data           1  lte_demo.o(.data)
    ero_time                                 0x20000146   Data           1  lte_demo.o(.data)
    ucErrorTimes                             0x20000148   Data           2  lte_demo.o(.data)
    outlinetimes                             0x2000014c   Data           4  lte_demo.o(.data)
    topic_state_last                         0x20000154   Data           1  mqtt_topic.o(.data)
    topic_buf_ok                             0x20000155   Data           1  mqtt_topic.o(.data)
    topic_update_flag                        0x20000156   Data           1  mqtt_topic.o(.data)
    Trigger_MQ_state                         0x20000157   Data           1  mqtt_topic.o(.data)
    topic_state                              0x20000158   Data           1  mqtt_topic.o(.data)
    topic_count                              0x2000015c   Data           4  mqtt_topic.o(.data)
    live_flag_cunt                           0x20000160   Data           4  mqtt_topic.o(.data)
    Topic_dat                                0x20000164   Data        3520  mqtt_topic.o(.data)
    __stdout                                 0x20000f24   Data           4  stdout.o(.data)
    hiwdg                                    0x20000f2c   Data          16  iwdg.o(.bss)
    htim1                                    0x20000f3c   Data          64  tim.o(.bss)
    huart1                                   0x20000f7c   Data         140  usart.o(.bss)
    huart2                                   0x20001008   Data         140  usart.o(.bss)
    huart3                                   0x20001094   Data         140  usart.o(.bss)
    Device_Flash                             0x20001120   Data        2048  flash.o(.bss)
    pFlash                                   0x20001920   Data          24  stm32g0xx_hal_flash.o(.bss)
    Device_Manage                            0x20001938   Data          72  debug.o(.bss)
    USART3_RX_BUF                            0x20001980   Data         200  debug.o(.bss)
    USART1_RX_BUF                            0x20001a48   Data         512  ec600n.o(.bss)
    USART2_RX_BUF                            0x20001c48   Data         200  modbus.o(.bss)
    subs_keyword                             0x20001d10   Data          50  lte_demo.o(.bss)
    subs_dat                                 0x20001d42   Data          50  lte_demo.o(.bss)
    topic_buf1                               0x20001d74   Data         256  mqtt_topic.o(.bss)
    topic_buf2                               0x20001e74   Data         256  mqtt_topic.o(.bss)
    __initial_sp                             0x20002378   Data           0  startup_stm32g070xx.o(STACK)



==============================================================================

Memory Map of the image

  Image Entry point : 0x080050b9

  Load Region LR_IROM1 (Base: 0x08005000, Size: 0x00006a3c, Max: 0x0000c000, ABSOLUTE, COMPRESSED[0x00005cc4])

    Execution Region ER_IROM1 (Exec base: 0x08005000, Load base: 0x08005000, Size: 0x00005b10, Max: 0x0000c000, ABSOLUTE)

    Exec Addr    Load Addr    Size         Type   Attr      Idx    E Section Name        Object

    0x08005000   0x08005000   0x000000b8   Data   RO            3    RESET               startup_stm32g070xx.o
    0x080050b8   0x080050b8   0x00000000   Code   RO         3677  * .ARM.Collect$$$$00000000  mc_p.l(entry.o)
    0x080050b8   0x080050b8   0x00000004   Code   RO         3967    .ARM.Collect$$$$00000001  mc_p.l(entry2.o)
    0x080050bc   0x080050bc   0x00000004   Code   RO         3970    .ARM.Collect$$$$00000004  mc_p.l(entry5.o)
    0x080050c0   0x080050c0   0x00000000   Code   RO         3972    .ARM.Collect$$$$00000008  mc_p.l(entry7b.o)
    0x080050c0   0x080050c0   0x00000000   Code   RO         3974    .ARM.Collect$$$$0000000A  mc_p.l(entry8b.o)
    0x080050c0   0x080050c0   0x00000008   Code   RO         3975    .ARM.Collect$$$$0000000B  mc_p.l(entry9a.o)
    0x080050c8   0x080050c8   0x00000004   Code   RO         3982    .ARM.Collect$$$$0000000E  mc_p.l(entry12b.o)
    0x080050cc   0x080050cc   0x00000000   Code   RO         3977    .ARM.Collect$$$$0000000F  mc_p.l(entry10a.o)
    0x080050cc   0x080050cc   0x00000000   Code   RO         3979    .ARM.Collect$$$$00000011  mc_p.l(entry11a.o)
    0x080050cc   0x080050cc   0x00000004   Code   RO         3968    .ARM.Collect$$$$00002712  mc_p.l(entry2.o)
    0x080050d0   0x080050d0   0x0000001c   Code   RO            4    .text               startup_stm32g070xx.o
    0x080050ec   0x080050ec   0x0000002c   Code   RO         3680    .text               mc_p.l(uidiv.o)
    0x08005118   0x08005118   0x00000024   Code   RO         3682    .text               mc_p.l(memcpya.o)
    0x0800513c   0x0800513c   0x00000024   Code   RO         3684    .text               mc_p.l(memseta.o)
    0x08005160   0x08005160   0x00000018   Code   RO         3686    .text               mc_p.l(strcat.o)
    0x08005178   0x08005178   0x00000028   Code   RO         3688    .text               mc_p.l(strstr.o)
    0x080051a0   0x080051a0   0x0000000e   Code   RO         3690    .text               mc_p.l(strlen.o)
    0x080051ae   0x080051ae   0x0000001c   Code   RO         3692    .text               mc_p.l(strcmp.o)
    0x080051ca   0x080051ca   0x00000012   Code   RO         3694    .text               mc_p.l(strcpy.o)
    0x080051dc   0x080051dc   0x0000001e   Code   RO         3696    .text               mc_p.l(strncmp.o)
    0x080051fa   0x080051fa   0x00000014   Code   RO         3961    .text               mc_p.l(uread4.o)
    0x0800520e   0x0800520e   0x00000012   Code   RO         3963    .text               mc_p.l(uwrite4.o)
    0x08005220   0x08005220   0x0000001a   Code   RO         3965    .text               mc_p.l(atoi.o)
    0x0800523a   0x0800523a   0x00000060   Code   RO         3984    .text               mc_p.l(uldiv.o)
    0x0800529a   0x0800529a   0x00000002   PAD
    0x0800529c   0x0800529c   0x00000070   Code   RO         3993    .text               mc_p.l(strtol.o)
    0x0800530c   0x0800530c   0x00000000   Code   RO         3995    .text               mc_p.l(iusefp.o)
    0x0800530c   0x0800530c   0x00000168   Code   RO         3996    .text               mf_p.l(dadd.o)
    0x08005474   0x08005474   0x000000d0   Code   RO         3998    .text               mf_p.l(dmul.o)
    0x08005544   0x08005544   0x000000f0   Code   RO         4000    .text               mf_p.l(ddiv.o)
    0x08005634   0x08005634   0x00000040   Code   RO         4002    .text               mf_p.l(dfixul.o)
    0x08005674   0x08005674   0x00000028   Code   RO         4004    .text               mf_p.l(cdrcmple.o)
    0x0800569c   0x0800569c   0x00000024   Code   RO         4006    .text               mc_p.l(init.o)
    0x080056c0   0x080056c0   0x00000020   Code   RO         4008    .text               mc_p.l(llshl.o)
    0x080056e0   0x080056e0   0x00000022   Code   RO         4010    .text               mc_p.l(llushr.o)
    0x08005702   0x08005702   0x00000026   Code   RO         4012    .text               mc_p.l(llsshr.o)
    0x08005728   0x08005728   0x00000008   Code   RO         4014    .text               mc_p.l(ctype_o.o)
    0x08005730   0x08005730   0x000000a6   Code   RO         4042    .text               mc_p.l(_strtoul.o)
    0x080057d6   0x080057d6   0x000000be   Code   RO         4044    .text               mf_p.l(depilogue.o)
    0x08005894   0x08005894   0x0000001e   Code   RO         4048    .text               mc_p.l(_chval.o)
    0x080058b2   0x080058b2   0x00000056   Code   RO         4058    .text               mc_p.l(__dczerorl2.o)
    0x08005908   0x08005908   0x00000028   Code   RO          459    i.EXTI4_15_IRQHandler  stm32g0xx_it.o
    0x08005930   0x08005930   0x00000002   Code   RO           12    i.Error_Handler     main.o
    0x08005932   0x08005932   0x00000002   PAD
    0x08005934   0x08005934   0x00000014   Code   RO          965    i.FLASH_MassErase   stm32g0xx_hal_flash_ex.o
    0x08005948   0x08005948   0x00000020   Code   RO          969    i.FLASH_PageErase   stm32g0xx_hal_flash_ex.o
    0x08005968   0x08005968   0x0000001c   Code   RO          859    i.FLASH_Program_DoubleWord  stm32g0xx_hal_flash.o
    0x08005984   0x08005984   0x00000034   Code   RO          860    i.FLASH_Program_Fast  stm32g0xx_hal_flash.o
    0x080059b8   0x080059b8   0x00000074   Code   RO          861    i.FLASH_WaitForLastOperation  stm32g0xx_hal_flash.o
    0x08005a2c   0x08005a2c   0x00000078   Code   RO         3370    i.Gaspowercontrol   gaspower.o
    0x08005aa4   0x08005aa4   0x00000054   Code   RO         3371    i.GaspsendBoot      gaspower.o
    0x08005af8   0x08005af8   0x0000007c   Code   RO         3372    i.Gaspsendbit       gaspower.o
    0x08005b74   0x08005b74   0x00000080   Code   RO         1050    i.HAL_DMA_Abort_IT  stm32g0xx_hal_dma.o
    0x08005bf4   0x08005bf4   0x00000080   Code   RO          970    i.HAL_FLASHEx_Erase  stm32g0xx_hal_flash_ex.o
    0x08005c74   0x08005c74   0x0000001c   Code   RO          865    i.HAL_FLASH_Lock    stm32g0xx_hal_flash.o
    0x08005c90   0x08005c90   0x00000060   Code   RO          870    i.HAL_FLASH_Program  stm32g0xx_hal_flash.o
    0x08005cf0   0x08005cf0   0x00000028   Code   RO          872    i.HAL_FLASH_Unlock  stm32g0xx_hal_flash.o
    0x08005d18   0x08005d18   0x00000002   Code   RO          612    i.HAL_GPIO_EXTI_Falling_Callback  stm32g0xx_hal_gpio.o
    0x08005d1a   0x08005d1a   0x00000002   PAD
    0x08005d1c   0x08005d1c   0x00000028   Code   RO          613    i.HAL_GPIO_EXTI_IRQHandler  stm32g0xx_hal_gpio.o
    0x08005d44   0x08005d44   0x00000002   Code   RO          614    i.HAL_GPIO_EXTI_Rising_Callback  stm32g0xx_hal_gpio.o
    0x08005d46   0x08005d46   0x00000002   PAD
    0x08005d48   0x08005d48   0x00000134   Code   RO          615    i.HAL_GPIO_Init     stm32g0xx_hal_gpio.o
    0x08005e7c   0x08005e7c   0x0000000a   Code   RO          617    i.HAL_GPIO_ReadPin  stm32g0xx_hal_gpio.o
    0x08005e86   0x08005e86   0x0000000e   Code   RO          618    i.HAL_GPIO_TogglePin  stm32g0xx_hal_gpio.o
    0x08005e94   0x08005e94   0x0000000c   Code   RO          619    i.HAL_GPIO_WritePin  stm32g0xx_hal_gpio.o
    0x08005ea0   0x08005ea0   0x0000000c   Code   RO         1513    i.HAL_GetTick       stm32g0xx_hal.o
    0x08005eac   0x08005eac   0x00000064   Code   RO          679    i.HAL_IWDG_Init     stm32g0xx_hal_iwdg.o
    0x08005f10   0x08005f10   0x00000010   Code   RO          680    i.HAL_IWDG_Refresh  stm32g0xx_hal_iwdg.o
    0x08005f20   0x08005f20   0x00000010   Code   RO         1519    i.HAL_IncTick       stm32g0xx_hal.o
    0x08005f30   0x08005f30   0x00000028   Code   RO         1520    i.HAL_Init          stm32g0xx_hal.o
    0x08005f58   0x08005f58   0x00000048   Code   RO         1521    i.HAL_InitTick      stm32g0xx_hal.o
    0x08005fa0   0x08005fa0   0x00000034   Code   RO          538    i.HAL_MspInit       stm32g0xx_hal_msp.o
    0x08005fd4   0x08005fd4   0x00000020   Code   RO         1396    i.HAL_NVIC_DisableIRQ  stm32g0xx_hal_cortex.o
    0x08005ff4   0x08005ff4   0x00000018   Code   RO         1397    i.HAL_NVIC_EnableIRQ  stm32g0xx_hal_cortex.o
    0x0800600c   0x0800600c   0x00000008   Code   RO         1401    i.HAL_NVIC_SetPriority  stm32g0xx_hal_cortex.o
    0x08006014   0x08006014   0x0000004c   Code   RO         1282    i.HAL_PWREx_ControlVoltageScaling  stm32g0xx_hal_pwr_ex.o
    0x08006060   0x08006060   0x00000160   Code   RO          816    i.HAL_RCCEx_PeriphCLKConfig  stm32g0xx_hal_rcc_ex.o
    0x080061c0   0x080061c0   0x00000158   Code   RO          706    i.HAL_RCC_ClockConfig  stm32g0xx_hal_rcc.o
    0x08006318   0x08006318   0x00000028   Code   RO          714    i.HAL_RCC_GetPCLK1Freq  stm32g0xx_hal_rcc.o
    0x08006340   0x08006340   0x0000008c   Code   RO          715    i.HAL_RCC_GetSysClockFreq  stm32g0xx_hal_rcc.o
    0x080063cc   0x080063cc   0x000003e0   Code   RO          719    i.HAL_RCC_OscConfig  stm32g0xx_hal_rcc.o
    0x080067ac   0x080067ac   0x00000014   Code   RO         1529    i.HAL_SYSCFG_StrobeDBattpinsConfig  stm32g0xx_hal.o
    0x080067c0   0x080067c0   0x00000030   Code   RO         1405    i.HAL_SYSTICK_Config  stm32g0xx_hal_cortex.o
    0x080067f0   0x080067f0   0x00000002   Code   RO         2443    i.HAL_TIMEx_Break2Callback  stm32g0xx_hal_tim_ex.o
    0x080067f2   0x080067f2   0x00000002   Code   RO         2444    i.HAL_TIMEx_BreakCallback  stm32g0xx_hal_tim_ex.o
    0x080067f4   0x080067f4   0x00000002   Code   RO         2445    i.HAL_TIMEx_CommutCallback  stm32g0xx_hal_tim_ex.o
    0x080067f6   0x080067f6   0x00000002   PAD
    0x080067f8   0x080067f8   0x000000ac   Code   RO         2447    i.HAL_TIMEx_ConfigBreakDeadTime  stm32g0xx_hal_tim_ex.o
    0x080068a4   0x080068a4   0x00000054   Code   RO         2465    i.HAL_TIMEx_MasterConfigSynchronization  stm32g0xx_hal_tim_ex.o
    0x080068f8   0x080068f8   0x00000034   Code   RO         1762    i.HAL_TIM_Base_Init  stm32g0xx_hal_tim.o
    0x0800692c   0x0800692c   0x00000024   Code   RO          366    i.HAL_TIM_Base_MspInit  tim.o
    0x08006950   0x08006950   0x0000002c   Code   RO         1767    i.HAL_TIM_Base_Start_IT  stm32g0xx_hal_tim.o
    0x0800697c   0x0800697c   0x000000d8   Code   RO         1771    i.HAL_TIM_ConfigClockSource  stm32g0xx_hal_tim.o
    0x08006a54   0x08006a54   0x00000002   Code   RO         1791    i.HAL_TIM_IC_CaptureCallback  stm32g0xx_hal_tim.o
    0x08006a56   0x08006a56   0x00000002   PAD
    0x08006a58   0x08006a58   0x00000184   Code   RO         1805    i.HAL_TIM_IRQHandler  stm32g0xx_hal_tim.o
    0x08006bdc   0x08006bdc   0x00000002   Code   RO         1808    i.HAL_TIM_OC_DelayElapsedCallback  stm32g0xx_hal_tim.o
    0x08006bde   0x08006bde   0x00000002   Code   RO         1835    i.HAL_TIM_PWM_PulseFinishedCallback  stm32g0xx_hal_tim.o
    0x08006be0   0x08006be0   0x00000002   Code   RO         1843    i.HAL_TIM_PeriodElapsedCallback  stm32g0xx_hal_tim.o
    0x08006be2   0x08006be2   0x00000002   Code   RO         1848    i.HAL_TIM_TriggerCallback  stm32g0xx_hal_tim.o
    0x08006be4   0x08006be4   0x00000042   Code   RO         3100    i.HAL_UARTEx_DisableFifoMode  stm32g0xx_hal_uart_ex.o
    0x08006c26   0x08006c26   0x00000002   Code   RO         3104    i.HAL_UARTEx_RxFifoFullCallback  stm32g0xx_hal_uart_ex.o
    0x08006c28   0x08006c28   0x0000004e   Code   RO         3105    i.HAL_UARTEx_SetRxFifoThreshold  stm32g0xx_hal_uart_ex.o
    0x08006c76   0x08006c76   0x0000004c   Code   RO         3106    i.HAL_UARTEx_SetTxFifoThreshold  stm32g0xx_hal_uart_ex.o
    0x08006cc2   0x08006cc2   0x00000002   Code   RO         3108    i.HAL_UARTEx_TxFifoEmptyCallback  stm32g0xx_hal_uart_ex.o
    0x08006cc4   0x08006cc4   0x00000002   Code   RO         3109    i.HAL_UARTEx_WakeupCallback  stm32g0xx_hal_uart_ex.o
    0x08006cc6   0x08006cc6   0x00000002   Code   RO         2748    i.HAL_UART_ErrorCallback  stm32g0xx_hal_uart.o
    0x08006cc8   0x08006cc8   0x00000184   Code   RO         2751    i.HAL_UART_IRQHandler  stm32g0xx_hal_uart.o
    0x08006e4c   0x08006e4c   0x00000070   Code   RO         2752    i.HAL_UART_Init     stm32g0xx_hal_uart.o
    0x08006ebc   0x08006ebc   0x00000108   Code   RO          405    i.HAL_UART_MspInit  usart.o
    0x08006fc4   0x08006fc4   0x000000e0   Code   RO         2760    i.HAL_UART_Transmit  stm32g0xx_hal_uart.o
    0x080070a4   0x080070a4   0x00000002   Code   RO         2763    i.HAL_UART_TxCpltCallback  stm32g0xx_hal_uart.o
    0x080070a6   0x080070a6   0x00000002   PAD
    0x080070a8   0x080070a8   0x000006cc   Code   RO         3223    i.Handle_Debug      debug.o
    0x08007774   0x08007774   0x0000016c   Code   RO         3374    i.Handle_GasCost    gaspower.o
    0x080078e0   0x080078e0   0x0000020c   Code   RO         3375    i.Handle_Gaspowercontrol  gaspower.o
    0x08007aec   0x08007aec   0x0000002c   Code   RO         3623    i.Handle_MQTT_live  mqtt_topic.o
    0x08007b18   0x08007b18   0x00000668   Code   RO         3624    i.Handle_topic      mqtt_topic.o
    0x08008180   0x08008180   0x00000002   Code   RO          460    i.HardFault_Handler  stm32g0xx_it.o
    0x08008182   0x08008182   0x00000002   PAD
    0x08008184   0x08008184   0x00000080   Code   RO          205    i.MX_GPIO_Init      gpio.o
    0x08008204   0x08008204   0x0000002c   Code   RO          339    i.MX_IWDG_Init      iwdg.o
    0x08008230   0x08008230   0x00000090   Code   RO          367    i.MX_TIM1_Init      tim.o
    0x080082c0   0x080082c0   0x00000068   Code   RO          406    i.MX_USART1_UART_Init  usart.o
    0x08008328   0x08008328   0x0000003c   Code   RO          408    i.MX_USART3_UART_Init  usart.o
    0x08008364   0x08008364   0x00000002   Code   RO          461    i.NMI_Handler       stm32g0xx_it.o
    0x08008366   0x08008366   0x00000002   Code   RO          462    i.PendSV_Handler    stm32g0xx_it.o
    0x08008368   0x08008368   0x00000002   Code   RO          463    i.SVC_Handler       stm32g0xx_it.o
    0x0800836a   0x0800836a   0x00000002   PAD
    0x0800836c   0x0800836c   0x00000034   Code   RO          206    i.Single_Wire_input  gpio.o
    0x080083a0   0x080083a0   0x00000030   Code   RO          207    i.Single_Wire_output  gpio.o
    0x080083d0   0x080083d0   0x00000008   Code   RO          464    i.SysTick_Handler   stm32g0xx_it.o
    0x080083d8   0x080083d8   0x00000078   Code   RO           13    i.SystemClock_Config  main.o
    0x08008450   0x08008450   0x00000010   Code   RO         3190    i.SystemInit        system_stm32g0xx.o
    0x08008460   0x08008460   0x0000014c   Code   RO          465    i.TIM1_BRK_UP_TRG_COM_IRQHandler  stm32g0xx_it.o
    0x080085ac   0x080085ac   0x00000088   Code   RO         1850    i.TIM_Base_SetConfig  stm32g0xx_hal_tim.o
    0x08008634   0x08008634   0x00000016   Code   RO         1861    i.TIM_ETR_SetConfig  stm32g0xx_hal_tim.o
    0x0800864a   0x0800864a   0x00000002   PAD
    0x0800864c   0x0800864c   0x00000014   Code   RO         1862    i.TIM_ITRx_SetConfig  stm32g0xx_hal_tim.o
    0x08008660   0x08008660   0x00000022   Code   RO         1870    i.TIM_TI1_ConfigInputStage  stm32g0xx_hal_tim.o
    0x08008682   0x08008682   0x00000026   Code   RO         1872    i.TIM_TI2_ConfigInputStage  stm32g0xx_hal_tim.o
    0x080086a8   0x080086a8   0x00000034   Code   RO         3625    i.Trigger_MQ_T      mqtt_topic.o
    0x080086dc   0x080086dc   0x00000060   Code   RO         3110    i.UARTEx_SetNbDataToProcess  stm32g0xx_hal_uart_ex.o
    0x0800873c   0x0800873c   0x000000ca   Code   RO         2765    i.UART_AdvFeatureConfig  stm32g0xx_hal_uart.o
    0x08008806   0x08008806   0x00000002   PAD
    0x08008808   0x08008808   0x00000064   Code   RO         2766    i.UART_CheckIdleState  stm32g0xx_hal_uart.o
    0x0800886c   0x0800886c   0x00000014   Code   RO         2767    i.UART_DMAAbortOnError  stm32g0xx_hal_uart.o
    0x08008880   0x08008880   0x00000028   Code   RO         2777    i.UART_EndRxTransfer  stm32g0xx_hal_uart.o
    0x080088a8   0x080088a8   0x0000030c   Code   RO         2783    i.UART_SetConfig    stm32g0xx_hal_uart.o
    0x08008bb4   0x08008bb4   0x00000066   Code   RO         2788    i.UART_WaitOnFlagUntilTimeout  stm32g0xx_hal_uart.o
    0x08008c1a   0x08008c1a   0x00000002   PAD
    0x08008c1c   0x08008c1c   0x0000005c   Code   RO         3273    i.USART1_IRQHandler  ec600n.o
    0x08008c78   0x08008c78   0x00000058   Code   RO         3497    i.USART2_IRQHandler  modbus.o
    0x08008cd0   0x08008cd0   0x00000054   Code   RO         3224    i.USART3_4_IRQHandler  debug.o
    0x08008d24   0x08008d24   0x00000020   Code   RO         3933    i.__0printf         mc_p.l(printfa.o)
    0x08008d44   0x08008d44   0x00000028   Code   RO         3935    i.__0sprintf        mc_p.l(printfa.o)
    0x08008d6c   0x08008d6c   0x0000002e   Code   RO         4046    i.__ARM_clz         mf_p.l(depilogue.o)
    0x08008d9a   0x08008d9a   0x0000001a   Code   RO         1142    i.__ARM_common_switch8  stm32g0xx_hal_dma.o
    0x08008db4   0x08008db4   0x00000044   Code   RO         1407    i.__NVIC_SetPriority  stm32g0xx_hal_cortex.o
    0x08008df8   0x08008df8   0x00000008   Code   RO         3986    i.__aeabi_errno_addr  mc_p.l(errno.o)
    0x08008e00   0x08008e00   0x0000000e   Code   RO         4052    i.__scatterload_copy  mc_p.l(handlers.o)
    0x08008e0e   0x08008e0e   0x00000002   Code   RO         4053    i.__scatterload_null  mc_p.l(handlers.o)
    0x08008e10   0x08008e10   0x0000000e   Code   RO         4054    i.__scatterload_zeroinit  mc_p.l(handlers.o)
    0x08008e1e   0x08008e1e   0x00000002   PAD
    0x08008e20   0x08008e20   0x00000174   Code   RO         3940    i._fp_digits        mc_p.l(printfa.o)
    0x08008f94   0x08008f94   0x000006f0   Code   RO         3941    i._printf_core      mc_p.l(printfa.o)
    0x08009684   0x08009684   0x00000020   Code   RO         3942    i._printf_post_padding  mc_p.l(printfa.o)
    0x080096a4   0x080096a4   0x0000002c   Code   RO         3943    i._printf_pre_padding  mc_p.l(printfa.o)
    0x080096d0   0x080096d0   0x0000000a   Code   RO         3945    i._sputc            mc_p.l(printfa.o)
    0x080096da   0x080096da   0x00000002   PAD
    0x080096dc   0x080096dc   0x00000038   Code   RO          558    i.bk_flash_Read_uint8  flash.o
    0x08009714   0x08009714   0x000000f0   Code   RO          559    i.bk_flash_WriteOnePage_uint8  flash.o
    0x08009804   0x08009804   0x0000006a   Code   RO         3626    i.char_str          mqtt_topic.o
    0x0800986e   0x0800986e   0x00000010   Code   RO         3536    i.clear_bufer       lte_demo.o
    0x0800987e   0x0800987e   0x00000002   PAD
    0x08009880   0x08009880   0x0000001c   Code   RO         3377    i.f                 gaspower.o
    0x0800989c   0x0800989c   0x00000050   Code   RO         3274    i.fat_cmdres_keyword_matching  ec600n.o
    0x080098ec   0x080098ec   0x0000006c   Code   RO         3276    i.fat_send_wait_cmdres_blocking  ec600n.o
    0x08009958   0x08009958   0x0000005c   Code   RO         3277    i.fat_send_wait_cmdres_nonblocking  ec600n.o
    0x080099b4   0x080099b4   0x0000002c   Code   RO         3278    i.fat_tim_proc      ec600n.o
    0x080099e0   0x080099e0   0x00000020   Code   RO         3279    i.fat_uart_clean    ec600n.o
    0x08009a00   0x08009a00   0x00000002   Code   RO         3280    i.fat_uart_send_byte  ec600n.o
    0x08009a02   0x08009a02   0x00000002   PAD
    0x08009a04   0x08009a04   0x0000001c   Code   RO         3281    i.fat_uart_send_str  ec600n.o
    0x08009a20   0x08009a20   0x00000194   Code   RO          560    i.flash_Factory     flash.o
    0x08009bb4   0x08009bb4   0x0000001c   Code   RO         3225    i.fputc             debug.o
    0x08009bd0   0x08009bd0   0x00000244   Code   RO         3537    i.handle_MQTTConvert  lte_demo.o
    0x08009e14   0x08009e14   0x0000005c   Code   RO          561    i.handle_flash      flash.o
    0x08009e70   0x08009e70   0x000000ec   Code   RO          562    i.init_flash        flash.o
    0x08009f5c   0x08009f5c   0x000000ac   Code   RO           14    i.main              main.o
    0x0800a008   0x0800a008   0x00000058   Code   RO         3538    i.match_csq         lte_demo.o
    0x0800a060   0x0800a060   0x00000090   Code   RO         3539    i.match_recv_data   lte_demo.o
    0x0800a0f0   0x0800a0f0   0x0000013c   Code   RO         3541    i.module_MQTT       lte_demo.o
    0x0800a22c   0x0800a22c   0x00000288   Code   RO         3542    i.module_connet_parm_init  lte_demo.o
    0x0800a4b4   0x0800a4b4   0x00000188   Code   RO         3543    i.module_data       lte_demo.o
    0x0800a63c   0x0800a63c   0x00000134   Code   RO         3544    i.module_flightmode  lte_demo.o
    0x0800a770   0x0800a770   0x0000012c   Code   RO         3545    i.module_is_ready   lte_demo.o
    0x0800a89c   0x0800a89c   0x00000054   Code   RO         3546    i.module_reset      lte_demo.o
    0x0800a8f0   0x0800a8f0   0x00000010   Code   RO         3282    i.reg_fat_uart_send_byte  ec600n.o
    0x0800a900   0x0800a900   0x00000028   Code   RO         3627    i.topic_check_list  mqtt_topic.o
    0x0800a928   0x0800a928   0x00000018   Code   RO         3283    i.uart1_send_byte   ec600n.o
    0x0800a940   0x0800a940   0x00000024   Code   RO         3284    i.wait_timeout      ec600n.o
    0x0800a964   0x0800a964   0x00000040   Data   RO         3191    .constdata          system_stm32g0xx.o
    0x0800a9a4   0x0800a9a4   0x00000020   Data   RO         3192    .constdata          system_stm32g0xx.o
    0x0800a9c4   0x0800a9c4   0x00000010   Data   RO         3378    .constdata          gaspower.o
    0x0800a9d4   0x0800a9d4   0x00000081   Data   RO         4015    .constdata          mc_p.l(ctype_o.o)
    0x0800aa55   0x0800aa55   0x00000003   PAD
    0x0800aa58   0x0800aa58   0x00000004   Data   RO         4016    .constdata          mc_p.l(ctype_o.o)
    0x0800aa5c   0x0800aa5c   0x00000094   Data   RO          564    .conststring        flash.o
    0x0800aaf0   0x0800aaf0   0x00000020   Data   RO         4050    Region$$Table       anon$$obj.o


    Execution Region RW_IRAM1 (Exec base: 0x20000000, Load base: 0x0800ab10, Size: 0x00002378, Max: 0x00009000, ABSOLUTE, COMPRESSED[0x000001b4])

    Exec Addr    Load Addr    Size         Type   Attr      Idx    E Section Name        Object

    0x20000000   COMPRESSED   0x0000000c   Data   RW          466    .data               stm32g0xx_it.o
    0x2000000c   COMPRESSED   0x00000002   Data   RW          565    .data               flash.o
    0x2000000e   COMPRESSED   0x00000002   PAD
    0x20000010   COMPRESSED   0x0000000c   Data   RW         1532    .data               stm32g0xx_hal.o
    0x2000001c   COMPRESSED   0x00000004   Data   RW         3193    .data               system_stm32g0xx.o
    0x20000020   COMPRESSED   0x0000000c   Data   RW         3229    .data               debug.o
    0x2000002c   COMPRESSED   0x00000014   Data   RW         3286    .data               ec600n.o
    0x20000040   COMPRESSED   0x000000f9   Data   RW         3379    .data               gaspower.o
    0x20000139   COMPRESSED   0x00000003   PAD
    0x2000013c   COMPRESSED   0x00000008   Data   RW         3499    .data               modbus.o
    0x20000144   COMPRESSED   0x00000010   Data   RW         3550    .data               lte_demo.o
    0x20000154   COMPRESSED   0x00000dd0   Data   RW         3629    .data               mqtt_topic.o
    0x20000f24   COMPRESSED   0x00000004   Data   RW         3983    .data               mc_p.l(stdout.o)
    0x20000f28   COMPRESSED   0x00000004   Data   RW         3989    .data               mc_p.l(errno.o)
    0x20000f2c        -       0x00000010   Zero   RW          340    .bss                iwdg.o
    0x20000f3c        -       0x00000040   Zero   RW          368    .bss                tim.o
    0x20000f7c        -       0x000001a4   Zero   RW          409    .bss                usart.o
    0x20001120        -       0x00000800   Zero   RW          563    .bss                flash.o
    0x20001920        -       0x00000018   Zero   RW          873    .bss                stm32g0xx_hal_flash.o
    0x20001938        -       0x00000110   Zero   RW         3227    .bss                debug.o
    0x20001a48        -       0x00000200   Zero   RW         3285    .bss                ec600n.o
    0x20001c48        -       0x000000c8   Zero   RW         3498    .bss                modbus.o
    0x20001d10        -       0x00000064   Zero   RW         3549    .bss                lte_demo.o
    0x20001d74        -       0x00000200   Zero   RW         3628    .bss                mqtt_topic.o
    0x20001f74   COMPRESSED   0x00000004   PAD
    0x20001f78        -       0x00000400   Zero   RW            1    STACK               startup_stm32g070xx.o


==============================================================================

Image component sizes


      Code (inc. data)   RO Data    RW Data    ZI Data      Debug   Object Name

      1852        938          0         12        272      13253   debug.o
       554        148          0         20        512       6879   ec600n.o
      1028        450        148          2       2048       5030   flash.o
      1244        202         16        249          0       7985   gaspower.o
       228         28          0          0          0     403117   gpio.o
        44         12          0          0         16        651   iwdg.o
      2876        812          0         16        100       8053   lte_demo.o
       294         38          0          0          0     334385   main.o
        88         16          0          8        200       1345   modbus.o
      1882        220          0       3536        512       5892   mqtt_topic.o
        28          8        184          0       1024        624   startup_stm32g070xx.o
       160         26          0         12          0       3720   stm32g0xx_hal.o
       180         30          0          0          0      12735   stm32g0xx_hal_cortex.o
       154          6          0          0          0       1231   stm32g0xx_hal_dma.o
       360         52          0          0         24      15514   stm32g0xx_hal_flash.o
       180         26          0          0          0       2734   stm32g0xx_hal_flash_ex.o
       388         20          0          0          0       5048   stm32g0xx_hal_gpio.o
       116         20          0          0          0       1687   stm32g0xx_hal_iwdg.o
        52          6          0          0          0        818   stm32g0xx_hal_msp.o
        76         14          0          0          0        734   stm32g0xx_hal_pwr_ex.o
      1516         88          0          0          0      20061   stm32g0xx_hal_rcc.o
       352         14          0          0          0       1624   stm32g0xx_hal_rcc_ex.o
       960         46          0          0          0       9825   stm32g0xx_hal_tim.o
       262         10          0          0          0       3716   stm32g0xx_hal_tim_ex.o
      1972         56          0          0          0       9990   stm32g0xx_hal_uart.o
       322         16          0          0          0       5158   stm32g0xx_hal_uart_ex.o
       388         86          0         12          0       3681   stm32g0xx_it.o
        16          6         96          4          0       1119   system_stm32g0xx.o
       180         16          0          0         64       1646   tim.o
       428         38          0          0        420       2466   usart.o

    ----------------------------------------------------------------------
     18206       3448        476       3876       5196     890721   Object Totals
         0          0         32          0          0          0   (incl. Generated)
        26          0          0          5          4          0   (incl. Padding)

    ----------------------------------------------------------------------

      Code (inc. data)   RO Data    RW Data    ZI Data      Debug   Library Member Name

        86          0          0          0          0          0   __dczerorl2.o
        30          0          0          0          0         60   _chval.o
       166          0          0          0          0         84   _strtoul.o
        26          0          0          0          0         72   atoi.o
         8          4        133          0          0         60   ctype_o.o
         0          0          0          0          0          0   entry.o
         0          0          0          0          0          0   entry10a.o
         0          0          0          0          0          0   entry11a.o
         4          0          0          0          0          0   entry12b.o
         8          4          0          0          0          0   entry2.o
         4          0          0          0          0          0   entry5.o
         0          0          0          0          0          0   entry7b.o
         0          0          0          0          0          0   entry8b.o
         8          4          0          0          0          0   entry9a.o
         8          4          0          4          0         60   errno.o
        30          0          0          0          0          0   handlers.o
        36          8          0          0          0         68   init.o
         0          0          0          0          0          0   iusefp.o
        32          0          0          0          0         68   llshl.o
        38          0          0          0          0         68   llsshr.o
        34          0          0          0          0         68   llushr.o
        36          0          0          0          0         60   memcpya.o
        36          0          0          0          0        100   memseta.o
      2306        102          0          0          0        556   printfa.o
         0          0          0          4          0          0   stdout.o
        24          0          0          0          0         60   strcat.o
        28          0          0          0          0         68   strcmp.o
        18          0          0          0          0         60   strcpy.o
        14          0          0          0          0         60   strlen.o
        30          0          0          0          0         72   strncmp.o
        40          0          0          0          0         72   strstr.o
       112          4          0          0          0         76   strtol.o
        44          0          0          0          0         72   uidiv.o
        96          0          0          0          0         84   uldiv.o
        20          0          0          0          0         60   uread4.o
        18          0          0          0          0         60   uwrite4.o
        40          2          0          0          0         68   cdrcmple.o
       360          6          0          0          0        140   dadd.o
       240          6          0          0          0         84   ddiv.o
       236          0          0          0          0        216   depilogue.o
        64         10          0          0          0         68   dfixul.o
       208          6          0          0          0         88   dmul.o

    ----------------------------------------------------------------------
      4494        160        136          8          0       2732   Library Totals
         6          0          3          0          0          0   (incl. Padding)

    ----------------------------------------------------------------------

      Code (inc. data)   RO Data    RW Data    ZI Data      Debug   Library Name

      3340        130        133          8          0       2068   mc_p.l
      1148         30          0          0          0        664   mf_p.l

    ----------------------------------------------------------------------
      4494        160        136          8          0       2732   Library Totals

    ----------------------------------------------------------------------

==============================================================================


      Code (inc. data)   RO Data    RW Data    ZI Data      Debug   

     22700       3608        612       3884       5196     886409   Grand Totals
     22700       3608        612        436       5196     886409   ELF Image Totals (compressed)
     22700       3608        612        436          0          0   ROM Totals

==============================================================================

    Total RO  Size (Code + RO Data)                23312 (  22.77kB)
    Total RW  Size (RW Data + ZI Data)              9080 (   8.87kB)
    Total ROM Size (Code + RO Data + RW Data)      23748 (  23.19kB)

==============================================================================

